Archive member included to satisfy reference by file (symbol)

d:/program files (x86)/stm32cubeide_1.3.0/stm32cubeide/plugins/com.st.stm32cube.ide.mcu.externaltools.gnu-tools-for-stm32.7-2018-q2-update.win32_1.4.0.202007081208/tools/bin/../lib/gcc/arm-none-eabi/7.3.1/../../../../arm-none-eabi/lib/thumb/v7e-m/fpv4-sp/hard\libc_nano.a(lib_a-errno.o)
                              Core/Src/syscalls.o (__errno)
d:/program files (x86)/stm32cubeide_1.3.0/stm32cubeide/plugins/com.st.stm32cube.ide.mcu.externaltools.gnu-tools-for-stm32.7-2018-q2-update.win32_1.4.0.202007081208/tools/bin/../lib/gcc/arm-none-eabi/7.3.1/../../../../arm-none-eabi/lib/thumb/v7e-m/fpv4-sp/hard\libc_nano.a(lib_a-exit.o)
                              d:/program files (x86)/stm32cubeide_1.3.0/stm32cubeide/plugins/com.st.stm32cube.ide.mcu.externaltools.gnu-tools-for-stm32.7-2018-q2-update.win32_1.4.0.202007081208/tools/bin/../lib/gcc/arm-none-eabi/7.3.1/../../../../arm-none-eabi/lib/thumb/v7e-m/fpv4-sp/hard/crt0.o (exit)
d:/program files (x86)/stm32cubeide_1.3.0/stm32cubeide/plugins/com.st.stm32cube.ide.mcu.externaltools.gnu-tools-for-stm32.7-2018-q2-update.win32_1.4.0.202007081208/tools/bin/../lib/gcc/arm-none-eabi/7.3.1/../../../../arm-none-eabi/lib/thumb/v7e-m/fpv4-sp/hard\libc_nano.a(lib_a-impure.o)
                              d:/program files (x86)/stm32cubeide_1.3.0/stm32cubeide/plugins/com.st.stm32cube.ide.mcu.externaltools.gnu-tools-for-stm32.7-2018-q2-update.win32_1.4.0.202007081208/tools/bin/../lib/gcc/arm-none-eabi/7.3.1/../../../../arm-none-eabi/lib/thumb/v7e-m/fpv4-sp/hard\libc_nano.a(lib_a-exit.o) (_global_impure_ptr)
d:/program files (x86)/stm32cubeide_1.3.0/stm32cubeide/plugins/com.st.stm32cube.ide.mcu.externaltools.gnu-tools-for-stm32.7-2018-q2-update.win32_1.4.0.202007081208/tools/bin/../lib/gcc/arm-none-eabi/7.3.1/../../../../arm-none-eabi/lib/thumb/v7e-m/fpv4-sp/hard\libc_nano.a(lib_a-init.o)
                              d:/program files (x86)/stm32cubeide_1.3.0/stm32cubeide/plugins/com.st.stm32cube.ide.mcu.externaltools.gnu-tools-for-stm32.7-2018-q2-update.win32_1.4.0.202007081208/tools/bin/../lib/gcc/arm-none-eabi/7.3.1/../../../../arm-none-eabi/lib/thumb/v7e-m/fpv4-sp/hard/crt0.o (__libc_init_array)
d:/program files (x86)/stm32cubeide_1.3.0/stm32cubeide/plugins/com.st.stm32cube.ide.mcu.externaltools.gnu-tools-for-stm32.7-2018-q2-update.win32_1.4.0.202007081208/tools/bin/../lib/gcc/arm-none-eabi/7.3.1/../../../../arm-none-eabi/lib/thumb/v7e-m/fpv4-sp/hard\libc_nano.a(lib_a-malloc.o)
                              Middlewares/ST/STM32_USB_Device_Library/Class/CDC/Src/usbd_cdc.o (malloc)
d:/program files (x86)/stm32cubeide_1.3.0/stm32cubeide/plugins/com.st.stm32cube.ide.mcu.externaltools.gnu-tools-for-stm32.7-2018-q2-update.win32_1.4.0.202007081208/tools/bin/../lib/gcc/arm-none-eabi/7.3.1/../../../../arm-none-eabi/lib/thumb/v7e-m/fpv4-sp/hard\libc_nano.a(lib_a-memcpy-stub.o)
                              Middlewares/Third_Party/FreeRTOS/Source/CMSIS_RTOS_V2/cmsis_os2.o (memcpy)
d:/program files (x86)/stm32cubeide_1.3.0/stm32cubeide/plugins/com.st.stm32cube.ide.mcu.externaltools.gnu-tools-for-stm32.7-2018-q2-update.win32_1.4.0.202007081208/tools/bin/../lib/gcc/arm-none-eabi/7.3.1/../../../../arm-none-eabi/lib/thumb/v7e-m/fpv4-sp/hard\libc_nano.a(lib_a-memset.o)
                              d:/program files (x86)/stm32cubeide_1.3.0/stm32cubeide/plugins/com.st.stm32cube.ide.mcu.externaltools.gnu-tools-for-stm32.7-2018-q2-update.win32_1.4.0.202007081208/tools/bin/../lib/gcc/arm-none-eabi/7.3.1/../../../../arm-none-eabi/lib/thumb/v7e-m/fpv4-sp/hard/crt0.o (memset)
d:/program files (x86)/stm32cubeide_1.3.0/stm32cubeide/plugins/com.st.stm32cube.ide.mcu.externaltools.gnu-tools-for-stm32.7-2018-q2-update.win32_1.4.0.202007081208/tools/bin/../lib/gcc/arm-none-eabi/7.3.1/../../../../arm-none-eabi/lib/thumb/v7e-m/fpv4-sp/hard\libc_nano.a(lib_a-nano-freer.o)
                              d:/program files (x86)/stm32cubeide_1.3.0/stm32cubeide/plugins/com.st.stm32cube.ide.mcu.externaltools.gnu-tools-for-stm32.7-2018-q2-update.win32_1.4.0.202007081208/tools/bin/../lib/gcc/arm-none-eabi/7.3.1/../../../../arm-none-eabi/lib/thumb/v7e-m/fpv4-sp/hard\libc_nano.a(lib_a-malloc.o) (_free_r)
d:/program files (x86)/stm32cubeide_1.3.0/stm32cubeide/plugins/com.st.stm32cube.ide.mcu.externaltools.gnu-tools-for-stm32.7-2018-q2-update.win32_1.4.0.202007081208/tools/bin/../lib/gcc/arm-none-eabi/7.3.1/../../../../arm-none-eabi/lib/thumb/v7e-m/fpv4-sp/hard\libc_nano.a(lib_a-nano-mallocr.o)
                              d:/program files (x86)/stm32cubeide_1.3.0/stm32cubeide/plugins/com.st.stm32cube.ide.mcu.externaltools.gnu-tools-for-stm32.7-2018-q2-update.win32_1.4.0.202007081208/tools/bin/../lib/gcc/arm-none-eabi/7.3.1/../../../../arm-none-eabi/lib/thumb/v7e-m/fpv4-sp/hard\libc_nano.a(lib_a-malloc.o) (_malloc_r)
[...]
Memory Configuration

Name             Origin             Length             Attributes
RAM              0x0000000020000000 0x0000000000020000 xrw
FLASH            0x0000000008000000 0x0000000000080000 xr
*default*        0x0000000000000000 0xffffffffffffffff

Linker script and memory map

LOAD d:/program files (x86)/stm32cubeide_1.3.0/stm32cubeide/plugins/com.st.stm32cube.ide.mcu.externaltools.gnu-tools-for-stm32.7-2018-q2-update.win32_1.4.0.202007081208/tools/bin/../lib/gcc/arm-none-eabi/7.3.1/thumb/v7e-m/fpv4-sp/hard/crti.o
LOAD d:/program files (x86)/stm32cubeide_1.3.0/stm32cubeide/plugins/com.st.stm32cube.ide.mcu.externaltools.gnu-tools-for-stm32.7-2018-q2-update.win32_1.4.0.202007081208/tools/bin/../lib/gcc/arm-none-eabi/7.3.1/thumb/v7e-m/fpv4-sp/hard/crtbegin.o
LOAD d:/program files (x86)/stm32cubeide_1.3.0/stm32cubeide/plugins/com.st.stm32cube.ide.mcu.externaltools.gnu-tools-for-stm32.7-2018-q2-update.win32_1.4.0.202007081208/tools/bin/../lib/gcc/arm-none-eabi/7.3.1/../../../../arm-none-eabi/lib/thumb/v7e-m/fpv4-sp/hard/crt0.o
LOAD Core/Src/freertos.o
LOAD Core/Src/main.o
LOAD Core/Src/mems.o
LOAD Core/Src/outputs.o
LOAD Core/Src/stm32f4xx_hal_msp.o
LOAD Core/Src/stm32f4xx_hal_timebase_tim.o
LOAD Core/Src/stm32f4xx_it.o
LOAD Core/Src/syscalls.o
LOAD Core/Src/sysmem.o
LOAD Core/Src/system_stm32f4xx.o
LOAD Core/Src/utils.o
LOAD Core/Startup/startup_stm32f411vetx.o
LOAD Drivers/BSP/Components/l3gd20/l3gd20.o
LOAD Drivers/BSP/Components/lsm303dlhc/lsm303dlhc.o
LOAD Drivers/BSP/STM32F411E-Discovery/stm32f411e_discovery.o
LOAD Drivers/BSP/STM32F411E-Discovery/stm32f411e_discovery_accelerometer.o
LOAD Drivers/BSP/STM32F411E-Discovery/stm32f411e_discovery_gyroscope.o
LOAD Drivers/STM32F4xx_HAL_Driver/Src/stm32f4xx_hal.o
LOAD Drivers/STM32F4xx_HAL_Driver/Src/stm32f4xx_hal_cortex.o
LOAD Drivers/STM32F4xx_HAL_Driver/Src/stm32f4xx_hal_dma.o
LOAD Drivers/STM32F4xx_HAL_Driver/Src/stm32f4xx_hal_dma_ex.o
LOAD Drivers/STM32F4xx_HAL_Driver/Src/stm32f4xx_hal_exti.o
LOAD Drivers/STM32F4xx_HAL_Driver/Src/stm32f4xx_hal_flash.o
LOAD Drivers/STM32F4xx_HAL_Driver/Src/stm32f4xx_hal_flash_ex.o
LOAD Drivers/STM32F4xx_HAL_Driver/Src/stm32f4xx_hal_flash_ramfunc.o
LOAD Drivers/STM32F4xx_HAL_Driver/Src/stm32f4xx_hal_gpio.o
LOAD Drivers/STM32F4xx_HAL_Driver/Src/stm32f4xx_hal_pcd.o
LOAD Drivers/STM32F4xx_HAL_Driver/Src/stm32f4xx_hal_pcd_ex.o
LOAD Drivers/STM32F4xx_HAL_Driver/Src/stm32f4xx_hal_pwr.o
LOAD Drivers/STM32F4xx_HAL_Driver/Src/stm32f4xx_hal_pwr_ex.o
LOAD Drivers/STM32F4xx_HAL_Driver/Src/stm32f4xx_hal_rcc.o
LOAD Drivers/STM32F4xx_HAL_Driver/Src/stm32f4xx_hal_rcc_ex.o
LOAD Drivers/STM32F4xx_HAL_Driver/Src/stm32f4xx_hal_tim.o
LOAD Drivers/STM32F4xx_HAL_Driver/Src/stm32f4xx_hal_tim_ex.o
LOAD Drivers/STM32F4xx_HAL_Driver/Src/stm32f4xx_ll_usb.o
LOAD Drivers/STM32F4xx_My_Driver/Src/stm32f4xx_hal_i2c.o
LOAD Drivers/STM32F4xx_My_Driver/Src/stm32f4xx_hal_i2c_ex.o
LOAD Drivers/STM32F4xx_My_Driver/Src/stm32f4xx_hal_spi.o
LOAD Middlewares/ST/STM32_USB_Device_Library/Class/CDC/Src/usbd_cdc.o
LOAD Middlewares/ST/STM32_USB_Device_Library/Core/Src/usbd_core.o
LOAD Middlewares/ST/STM32_USB_Device_Library/Core/Src/usbd_ctlreq.o
LOAD Middlewares/ST/STM32_USB_Device_Library/Core/Src/usbd_ioreq.o
LOAD Middlewares/Third_Party/FreeRTOS/Source/CMSIS_RTOS_V2/cmsis_os2.o
LOAD Middlewares/Third_Party/FreeRTOS/Source/croutine.o
LOAD Middlewares/Third_Party/FreeRTOS/Source/event_groups.o
LOAD Middlewares/Third_Party/FreeRTOS/Source/list.o
LOAD Middlewares/Third_Party/FreeRTOS/Source/queue.o
LOAD Middlewares/Third_Party/FreeRTOS/Source/stream_buffer.o
LOAD Middlewares/Third_Party/FreeRTOS/Source/tasks.o
LOAD Middlewares/Third_Party/FreeRTOS/Source/timers.o
LOAD Middlewares/Third_Party/FreeRTOS/Source/portable/GCC/ARM_CM4F/port.o
LOAD Middlewares/Third_Party/FreeRTOS/Source/portable/MemMang/heap_4.o
LOAD USB_DEVICE/App/usb_device.o
LOAD USB_DEVICE/App/usbd_cdc_if.o
LOAD USB_DEVICE/App/usbd_desc.o
LOAD USB_DEVICE/Target/usbd_conf.o
START GROUP
LOAD d:/program files (x86)/stm32cubeide_1.3.0/stm32cubeide/plugins/com.st.stm32cube.ide.mcu.externaltools.gnu-tools-for-stm32.7-2018-q2-update.win32_1.4.0.202007081208/tools/bin/../lib/gcc/arm-none-eabi/7.3.1/../../../../arm-none-eabi/lib/thumb/v7e-m/fpv4-sp/hard\libc_nano.a
LOAD d:/program files (x86)/stm32cubeide_1.3.0/stm32cubeide/plugins/com.st.stm32cube.ide.mcu.externaltools.gnu-tools-for-stm32.7-2018-q2-update.win32_1.4.0.202007081208/tools/bin/../lib/gcc/arm-none-eabi/7.3.1/../../../../arm-none-eabi/lib/thumb/v7e-m/fpv4-sp/hard\libm.a
END GROUP
START GROUP
LOAD d:/program files (x86)/stm32cubeide_1.3.0/stm32cubeide/plugins/com.st.stm32cube.ide.mcu.externaltools.gnu-tools-for-stm32.7-2018-q2-update.win32_1.4.0.202007081208/tools/bin/../lib/gcc/arm-none-eabi/7.3.1/thumb/v7e-m/fpv4-sp/hard\libgcc.a
LOAD d:/program files (x86)/stm32cubeide_1.3.0/stm32cubeide/plugins/com.st.stm32cube.ide.mcu.externaltools.gnu-tools-for-stm32.7-2018-q2-update.win32_1.4.0.202007081208/tools/bin/../lib/gcc/arm-none-eabi/7.3.1/../../../../arm-none-eabi/lib/thumb/v7e-m/fpv4-sp/hard\libc_nano.a
END GROUP
START GROUP
LOAD d:/program files (x86)/stm32cubeide_1.3.0/stm32cubeide/plugins/com.st.stm32cube.ide.mcu.externaltools.gnu-tools-for-stm32.7-2018-q2-update.win32_1.4.0.202007081208/tools/bin/../lib/gcc/arm-none-eabi/7.3.1/thumb/v7e-m/fpv4-sp/hard\libgcc.a
LOAD d:/program files (x86)/stm32cubeide_1.3.0/stm32cubeide/plugins/com.st.stm32cube.ide.mcu.externaltools.gnu-tools-for-stm32.7-2018-q2-update.win32_1.4.0.202007081208/tools/bin/../lib/gcc/arm-none-eabi/7.3.1/../../../../arm-none-eabi/lib/thumb/v7e-m/fpv4-sp/hard\libc_nano.a
LOAD d:/program files (x86)/stm32cubeide_1.3.0/stm32cubeide/plugins/com.st.stm32cube.ide.mcu.externaltools.gnu-tools-for-stm32.7-2018-q2-update.win32_1.4.0.202007081208/tools/bin/../lib/gcc/arm-none-eabi/7.3.1/../../../../arm-none-eabi/lib/thumb/v7e-m/fpv4-sp/hard\libnosys.a
END GROUP
START GROUP
LOAD d:/program files (x86)/stm32cubeide_1.3.0/stm32cubeide/plugins/com.st.stm32cube.ide.mcu.externaltools.gnu-tools-for-stm32.7-2018-q2-update.win32_1.4.0.202007081208/tools/bin/../lib/gcc/arm-none-eabi/7.3.1/thumb/v7e-m/fpv4-sp/hard\libgcc.a
LOAD d:/program files (x86)/stm32cubeide_1.3.0/stm32cubeide/plugins/com.st.stm32cube.ide.mcu.externaltools.gnu-tools-for-stm32.7-2018-q2-update.win32_1.4.0.202007081208/tools/bin/../lib/gcc/arm-none-eabi/7.3.1/../../../../arm-none-eabi/lib/thumb/v7e-m/fpv4-sp/hard\libc_nano.a
LOAD d:/program files (x86)/stm32cubeide_1.3.0/stm32cubeide/plugins/com.st.stm32cube.ide.mcu.externaltools.gnu-tools-for-stm32.7-2018-q2-update.win32_1.4.0.202007081208/tools/bin/../lib/gcc/arm-none-eabi/7.3.1/../../../../arm-none-eabi/lib/thumb/v7e-m/fpv4-sp/hard\libnosys.a
END GROUP
LOAD d:/program files (x86)/stm32cubeide_1.3.0/stm32cubeide/plugins/com.st.stm32cube.ide.mcu.externaltools.gnu-tools-for-stm32.7-2018-q2-update.win32_1.4.0.202007081208/tools/bin/../lib/gcc/arm-none-eabi/7.3.1/thumb/v7e-m/fpv4-sp/hard/crtend.o
LOAD d:/program files (x86)/stm32cubeide_1.3.0/stm32cubeide/plugins/com.st.stm32cube.ide.mcu.externaltools.gnu-tools-for-stm32.7-2018-q2-update.win32_1.4.0.202007081208/tools/bin/../lib/gcc/arm-none-eabi/7.3.1/thumb/v7e-m/fpv4-sp/hard/crtn.o
                0x0000000020020000                _estack = (ORIGIN (RAM) + LENGTH (RAM))
                0x0000000000000200                _Min_Heap_Size = 0x200
                0x0000000000000400                _Min_Stack_Size = 0x400

.isr_vector     0x0000000008000000      0x198
                0x0000000008000000                . = ALIGN (0x4)
 *(.isr_vector)
 .isr_vector    0x0000000008000000      0x198 Core/Startup/startup_stm32f411vetx.o
                0x0000000008000000                g_pfnVectors
                0x0000000008000198                . = ALIGN (0x4)

.text           0x00000000080001a0     0x9f14
                0x00000000080001a0                . = ALIGN (0x4)
 *(.text)
 .text          0x00000000080001a0       0x40 d:/program files (x86)/stm32cubeide_1.3.0/stm32cubeide/plugins/com.st.stm32cube.ide.mcu.externaltools.gnu-tools-for-stm32.7-2018-q2-update.win32_1.4.0.202007081208/tools/bin/../lib/gcc/arm-none-eabi/7.3.1/thumb/v7e-m/fpv4-sp/hard/crtbegin.o
 .text          0x00000000080001e0       0x10 d:/program files (x86)/stm32cubeide_1.3.0/stm32cubeide/plugins/com.st.stm32cube.ide.mcu.externaltools.gnu-tools-for-stm32.7-2018-q2-update.win32_1.4.0.202007081208/tools/bin/../lib/gcc/arm-none-eabi/7.3.1/../../../../arm-none-eabi/lib/thumb/v7e-m/fpv4-sp/hard\libc_nano.a(lib_a-strlen.o)
                0x00000000080001e0                strlen
 .text          0x00000000080001f0       0xa0 d:/program files (x86)/stm32cubeide_1.3.0/stm32cubeide/plugins/com.st.stm32cube.ide.mcu.externaltools.gnu-tools-for-stm32.7-2018-q2-update.win32_1.4.0.202007081208/tools/bin/../lib/gcc/arm-none-eabi/7.3.1/../../../../arm-none-eabi/lib/thumb/v7e-m/fpv4-sp/hard\libc_nano.a(lib_a-memchr.o)
                0x00000000080001f0                memchr
 .text          0x0000000008000290      0x378 d:/program files (x86)/stm32cubeide_1.3.0/stm32cubeide/plugins/com.st.stm32cube.ide.mcu.externaltools.gnu-tools-for-stm32.7-2018-q2-update.win32_1.4.0.202007081208/tools/bin/../lib/gcc/arm-none-eabi/7.3.1/thumb/v7e-m/fpv4-sp/hard\libgcc.a(_arm_addsubdf3.o)
                0x0000000008000290                __aeabi_drsub
                0x0000000008000298                __aeabi_dsub
                0x0000000008000298                __subdf3
                0x000000000800029c                __aeabi_dadd
                0x000000000800029c                __adddf3
                0x0000000008000514                __floatunsidf
                0x0000000008000514                __aeabi_ui2d
                0x0000000008000534                __floatsidf
                0x0000000008000534                __aeabi_i2d
                0x0000000008000558                __aeabi_f2d
                0x0000000008000558                __extendsfdf2
                0x000000000800059c                __floatundidf
                0x000000000800059c                __aeabi_ul2d
                0x00000000080005ac                __floatdidf
                0x00000000080005ac                __aeabi_l2d
 .text          0x0000000008000608      0x424 d:/program files (x86)/stm32cubeide_1.3.0/stm32cubeide/plugins/com.st.stm32cube.ide.mcu.externaltools.gnu-tools-for-stm32.7-2018-q2-update.win32_1.4.0.202007081208/tools/bin/../lib/gcc/arm-none-eabi/7.3.1/thumb/v7e-m/fpv4-sp/hard\libgcc.a(_arm_muldivdf3.o)
                0x0000000008000608                __aeabi_dmul
                0x0000000008000608                __muldf3
                0x000000000800085c                __divdf3
                0x000000000800085c                __aeabi_ddiv
 .text          0x0000000008000a2c      0x110 d:/program files (x86)/stm32cubeide_1.3.0/stm32cubeide/plugins/com.st.stm32cube.ide.mcu.externaltools.gnu-tools-for-stm32.7-2018-q2-update.win32_1.4.0.202007081208/tools/bin/../lib/gcc/arm-none-eabi/7.3.1/thumb/v7e-m/fpv4-sp/hard\libgcc.a(_arm_cmpdf2.o)
                0x0000000008000a2c                __gtdf2
                0x0000000008000a2c                __gedf2
                0x0000000008000a34                __ltdf2
                0x0000000008000a34                __ledf2
                0x0000000008000a3c                __nedf2
                0x0000000008000a3c                __eqdf2
                0x0000000008000a3c                __cmpdf2
                0x0000000008000ab8                __aeabi_cdrcmple
                0x0000000008000ac8                __aeabi_cdcmpeq
                0x0000000008000ac8                __aeabi_cdcmple
                0x0000000008000ad8                __aeabi_dcmpeq
                0x0000000008000aec                __aeabi_dcmplt
                0x0000000008000b00                __aeabi_dcmple
                0x0000000008000b14                __aeabi_dcmpge
                0x0000000008000b28                __aeabi_dcmpgt
 .text          0x0000000008000b3c       0x2c d:/program files (x86)/stm32cubeide_1.3.0/stm32cubeide/plugins/com.st.stm32cube.ide.mcu.externaltools.gnu-tools-for-stm32.7-2018-q2-update.win32_1.4.0.202007081208/tools/bin/../lib/gcc/arm-none-eabi/7.3.1/thumb/v7e-m/fpv4-sp/hard\libgcc.a(_arm_unorddf2.o)
                0x0000000008000b3c                __unorddf2
                0x0000000008000b3c                __aeabi_dcmpun
 .text          0x0000000008000b68       0x50 d:/program files (x86)/stm32cubeide_1.3.0/stm32cubeide/plugins/com.st.stm32cube.ide.mcu.externaltools.gnu-tools-for-stm32.7-2018-q2-update.win32_1.4.0.202007081208/tools/bin/../lib/gcc/arm-none-eabi/7.3.1/thumb/v7e-m/fpv4-sp/hard\libgcc.a(_arm_fixdfsi.o)
                0x0000000008000b68                __aeabi_d2iz
                0x0000000008000b68                __fixdfsi
 .text          0x0000000008000bb8       0xa0 d:/program files (x86)/stm32cubeide_1.3.0/stm32cubeide/plugins/com.st.stm32cube.ide.mcu.externaltools.gnu-tools-for-stm32.7-2018-q2-update.win32_1.4.0.202007081208/tools/bin/../lib/gcc/arm-none-eabi/7.3.1/thumb/v7e-m/fpv4-sp/hard\libgcc.a(_arm_truncdfsf2.o)
                0x0000000008000bb8                __truncdfsf2
                0x0000000008000bb8                __aeabi_d2f
 .text          0x0000000008000c58       0x30 d:/program files (x86)/stm32cubeide_1.3.0/stm32cubeide/plugins/com.st.stm32cube.ide.mcu.externaltools.gnu-tools-for-stm32.7-2018-q2-update.win32_1.4.0.202007081208/tools/bin/../lib/gcc/arm-none-eabi/7.3.1/thumb/v7e-m/fpv4-sp/hard\libgcc.a(_aeabi_uldivmod.o)
                0x0000000008000c58                __aeabi_uldivmod
 .text          0x0000000008000c88      0x2cc d:/program files (x86)/stm32cubeide_1.3.0/stm32cubeide/plugins/com.st.stm32cube.ide.mcu.externaltools.gnu-tools-for-stm32.7-2018-q2-update.win32_1.4.0.202007081208/tools/bin/../lib/gcc/arm-none-eabi/7.3.1/thumb/v7e-m/fpv4-sp/hard\libgcc.a(_udivmoddi4.o)
                0x0000000008000c88                __udivmoddi4
 .text          0x0000000008000f54        0x4 d:/program files (x86)/stm32cubeide_1.3.0/stm32cubeide/plugins/com.st.stm32cube.ide.mcu.externaltools.gnu-tools-for-stm32.7-2018-q2-update.win32_1.4.0.202007081208/tools/bin/../lib/gcc/arm-none-eabi/7.3.1/thumb/v7e-m/fpv4-sp/hard\libgcc.a(_dvmd_tls.o)
                0x0000000008000f54                __aeabi_idiv0
                0x0000000008000f54                __aeabi_ldiv0
 *(.text*)
 .text.StartDefaultTask
                0x0000000008000f58       0xe8 Core/Src/main.o
                0x0000000008000f58                StartDefaultTask
 .text.SystemClock_Config
                0x0000000008001040       0x94 Core/Src/main.o
                0x0000000008001040                SystemClock_Config
 .text.startup.main
                0x00000000080010d4      0x15c Core/Src/main.o
                0x00000000080010d4                main
 .text.HAL_TIM_PeriodElapsedCallback
                0x0000000008001230       0x14 Core/Src/main.o
                0x0000000008001230                HAL_TIM_PeriodElapsedCallback
 .text.Error_Handler
                0x0000000008001244        0x4 Core/Src/main.o
                0x0000000008001244                Error_Handler
 .text.read_heading
                0x0000000008001248      0x108 Core/Src/mems.o
                0x0000000008001248                read_heading
 .text.setMotors
                0x0000000008001350       0xd4 Core/Src/outputs.o
                0x0000000008001350                setMotors
 .text.HAL_MspInit
                0x0000000008001424       0x38 Core/Src/stm32f4xx_hal_msp.o
                0x0000000008001424                HAL_MspInit
 .text.HAL_TIM_Base_MspInit
                0x000000000800145c       0x30 Core/Src/stm32f4xx_hal_msp.o
                0x000000000800145c                HAL_TIM_Base_MspInit
 .text.HAL_TIM_MspPostInit
                0x000000000800148c       0x54 Core/Src/stm32f4xx_hal_msp.o
                0x000000000800148c                HAL_TIM_MspPostInit
 .text.HAL_InitTick
                0x00000000080014e0       0x7c Core/Src/stm32f4xx_hal_timebase_tim.o
                0x00000000080014e0                HAL_InitTick
 .text.NMI_Handler
                0x000000000800155c        0x4 Core/Src/stm32f4xx_it.o
                0x000000000800155c                NMI_Handler
 .text.HardFault_Handler
                0x0000000008001560        0x4 Core/Src/stm32f4xx_it.o
                0x0000000008001560                HardFault_Handler
 .text.MemManage_Handler
                0x0000000008001564        0x4 Core/Src/stm32f4xx_it.o
                0x0000000008001564                MemManage_Handler
 .text.BusFault_Handler
                0x0000000008001568        0x4 Core/Src/stm32f4xx_it.o
                0x0000000008001568                BusFault_Handler
 .text.UsageFault_Handler
                0x000000000800156c        0x4 Core/Src/stm32f4xx_it.o
                0x000000000800156c                UsageFault_Handler
 .text.DebugMon_Handler
                0x0000000008001570        0x4 Core/Src/stm32f4xx_it.o
                0x0000000008001570                DebugMon_Handler
 .text.TIM1_UP_TIM10_IRQHandler
                0x0000000008001574        0xc Core/Src/stm32f4xx_it.o
                0x0000000008001574                TIM1_UP_TIM10_IRQHandler
 .text.OTG_FS_IRQHandler
                0x0000000008001580        0xc Core/Src/stm32f4xx_it.o
                0x0000000008001580                OTG_FS_IRQHandler
 .text._sbrk    0x000000000800158c       0x44 Core/Src/sysmem.o
                0x000000000800158c                _sbrk
 .text.SystemInit
                0x00000000080015d0       0x1c Core/Src/system_stm32f4xx.o
                0x00000000080015d0                SystemInit
 .text.keepInRange
                0x00000000080015ec       0x10 Core/Src/utils.o
                0x00000000080015ec                keepInRange
 .text.Reset_Handler
                0x00000000080015fc       0x50 Core/Startup/startup_stm32f411vetx.o
                0x00000000080015fc                Reset_Handler
 .text.Default_Handler
                0x000000000800164c        0x2 Core/Startup/startup_stm32f411vetx.o
                0x000000000800164c                RTC_Alarm_IRQHandler
                0x000000000800164c                EXTI2_IRQHandler
                0x000000000800164c                SPI4_IRQHandler
                0x000000000800164c                TIM1_CC_IRQHandler
                0x000000000800164c                DMA2_Stream5_IRQHandler
                0x000000000800164c                DMA1_Stream5_IRQHandler
                0x000000000800164c                PVD_IRQHandler
                0x000000000800164c                SDIO_IRQHandler
                0x000000000800164c                TAMP_STAMP_IRQHandler
                0x000000000800164c                EXTI3_IRQHandler
                0x000000000800164c                I2C3_ER_IRQHandler
                0x000000000800164c                EXTI0_IRQHandler
                0x000000000800164c                I2C2_EV_IRQHandler
                0x000000000800164c                DMA1_Stream2_IRQHandler
                0x000000000800164c                FPU_IRQHandler
                0x000000000800164c                DMA2_Stream2_IRQHandler
                0x000000000800164c                SPI1_IRQHandler
                0x000000000800164c                TIM1_BRK_TIM9_IRQHandler
                0x000000000800164c                DMA2_Stream3_IRQHandler
                0x000000000800164c                USART6_IRQHandler
                0x000000000800164c                DMA2_Stream0_IRQHandler
                0x000000000800164c                TIM4_IRQHandler
                0x000000000800164c                I2C1_EV_IRQHandler
                0x000000000800164c                DMA1_Stream6_IRQHandler
                0x000000000800164c                DMA1_Stream1_IRQHandler
                0x000000000800164c                TIM3_IRQHandler
                0x000000000800164c                RCC_IRQHandler
                0x000000000800164c                Default_Handler
                0x000000000800164c                EXTI15_10_IRQHandler
                0x000000000800164c                ADC_IRQHandler
                0x000000000800164c                DMA1_Stream7_IRQHandler
                0x000000000800164c                SPI5_IRQHandler
                0x000000000800164c                TIM5_IRQHandler
                0x000000000800164c                DMA2_Stream7_IRQHandler
                0x000000000800164c                I2C3_EV_IRQHandler
                0x000000000800164c                EXTI9_5_IRQHandler
                0x000000000800164c                RTC_WKUP_IRQHandler
                0x000000000800164c                SPI2_IRQHandler
                0x000000000800164c                DMA1_Stream0_IRQHandler
                0x000000000800164c                EXTI4_IRQHandler
                0x000000000800164c                WWDG_IRQHandler
                0x000000000800164c                TIM2_IRQHandler
                0x000000000800164c                OTG_FS_WKUP_IRQHandler
                0x000000000800164c                TIM1_TRG_COM_TIM11_IRQHandler
                0x000000000800164c                EXTI1_IRQHandler
                0x000000000800164c                USART2_IRQHandler
                0x000000000800164c                I2C2_ER_IRQHandler
                0x000000000800164c                DMA2_Stream1_IRQHandler
                0x000000000800164c                FLASH_IRQHandler
                0x000000000800164c                DMA2_Stream4_IRQHandler
                0x000000000800164c                USART1_IRQHandler
                0x000000000800164c                SPI3_IRQHandler
                0x000000000800164c                DMA1_Stream4_IRQHandler
                0x000000000800164c                I2C1_ER_IRQHandler
                0x000000000800164c                DMA2_Stream6_IRQHandler
                0x000000000800164c                DMA1_Stream3_IRQHandler
 *fill*         0x000000000800164e        0x2 
 .text.LSM303DLHC_MagInit
                0x0000000008001650       0x2c Drivers/BSP/Components/lsm303dlhc/lsm303dlhc.o
                0x0000000008001650                LSM303DLHC_MagInit
 .text.LSM303DLHC_MagGetDataStatus
                0x000000000800167c        0x8 Drivers/BSP/Components/lsm303dlhc/lsm303dlhc.o
                0x000000000800167c                LSM303DLHC_MagGetDataStatus
 .text.LSM303DLHC_Mag_Read
                0x0000000008001684       0x98 Drivers/BSP/Components/lsm303dlhc/lsm303dlhc.o
                0x0000000008001684                LSM303DLHC_Mag_Read
 .text.I2Cx_Init.part.4
                0x000000000800171c       0xb8 Drivers/BSP/STM32F411E-Discovery/stm32f411e_discovery.o
 .text.BSP_LED_Init
                0x00000000080017d4       0xb4 Drivers/BSP/STM32F411E-Discovery/stm32f411e_discovery.o
                0x00000000080017d4                BSP_LED_Init
 .text.BSP_LED_Off
                0x0000000008001888       0x1c Drivers/BSP/STM32F411E-Discovery/stm32f411e_discovery.o
                0x0000000008001888                BSP_LED_Off
 .text.COMPASSACCELERO_IO_Write
                0x00000000080018a4       0x48 Drivers/BSP/STM32F411E-Discovery/stm32f411e_discovery.o
                0x00000000080018a4                COMPASSACCELERO_IO_Write
 .text.COMPASSACCELERO_IO_Read
                0x00000000080018ec       0x50 Drivers/BSP/STM32F411E-Discovery/stm32f411e_discovery.o
                0x00000000080018ec                COMPASSACCELERO_IO_Read
 .text.BSP_COMPASS_Init
                0x000000000800193c       0x2c Drivers/BSP/STM32F411E-Discovery/stm32f411e_discovery_accelerometer.o
                0x000000000800193c                BSP_COMPASS_Init
 .text.BSP_COMPASS_GetXYZ
                0x0000000008001968        0x4 Drivers/BSP/STM32F411E-Discovery/stm32f411e_discovery_accelerometer.o
                0x0000000008001968                BSP_COMPASS_GetXYZ
 .text.HAL_Init
                0x000000000800196c       0x34 Drivers/STM32F4xx_HAL_Driver/Src/stm32f4xx_hal.o
                0x000000000800196c                HAL_Init
 .text.HAL_IncTick
                0x00000000080019a0       0x18 Drivers/STM32F4xx_HAL_Driver/Src/stm32f4xx_hal.o
                0x00000000080019a0                HAL_IncTick
 .text.HAL_GetTick
                0x00000000080019b8        0xc Drivers/STM32F4xx_HAL_Driver/Src/stm32f4xx_hal.o
                0x00000000080019b8                HAL_GetTick
 .text.HAL_Delay
                0x00000000080019c4       0x24 Drivers/STM32F4xx_HAL_Driver/Src/stm32f4xx_hal.o
                0x00000000080019c4                HAL_Delay
 .text.HAL_NVIC_SetPriorityGrouping
                0x00000000080019e8       0x24 Drivers/STM32F4xx_HAL_Driver/Src/stm32f4xx_hal_cortex.o
                0x00000000080019e8                HAL_NVIC_SetPriorityGrouping
 .text.HAL_NVIC_SetPriority
                0x0000000008001a0c       0x6c Drivers/STM32F4xx_HAL_Driver/Src/stm32f4xx_hal_cortex.o
                0x0000000008001a0c                HAL_NVIC_SetPriority
 .text.HAL_NVIC_EnableIRQ
                0x0000000008001a78       0x1c Drivers/STM32F4xx_HAL_Driver/Src/stm32f4xx_hal_cortex.o
                0x0000000008001a78                HAL_NVIC_EnableIRQ
 .text.HAL_GPIO_Init
                0x0000000008001a94      0x1ac Drivers/STM32F4xx_HAL_Driver/Src/stm32f4xx_hal_gpio.o
                0x0000000008001a94                HAL_GPIO_Init
 .text.HAL_GPIO_WritePin
                0x0000000008001c40        0x8 Drivers/STM32F4xx_HAL_Driver/Src/stm32f4xx_hal_gpio.o
                0x0000000008001c40                HAL_GPIO_WritePin
 .text.HAL_PCD_Init
                0x0000000008001c48      0x118 Drivers/STM32F4xx_HAL_Driver/Src/stm32f4xx_hal_pcd.o
                0x0000000008001c48                HAL_PCD_Init
 .text.HAL_PCD_Start
                0x0000000008001d60       0x44 Drivers/STM32F4xx_HAL_Driver/Src/stm32f4xx_hal_pcd.o
                0x0000000008001d60                HAL_PCD_Start
 .text.HAL_PCD_IRQHandler
                0x0000000008001da4      0x614 Drivers/STM32F4xx_HAL_Driver/Src/stm32f4xx_hal_pcd.o
                0x0000000008001da4                HAL_PCD_IRQHandler
 .text.HAL_PCD_SetAddress
                0x00000000080023b8       0x28 Drivers/STM32F4xx_HAL_Driver/Src/stm32f4xx_hal_pcd.o
                0x00000000080023b8                HAL_PCD_SetAddress
 .text.HAL_PCD_EP_Open
                0x00000000080023e0       0x68 Drivers/STM32F4xx_HAL_Driver/Src/stm32f4xx_hal_pcd.o
                0x00000000080023e0                HAL_PCD_EP_Open
 .text.HAL_PCD_EP_Close
                0x0000000008002448       0x60 Drivers/STM32F4xx_HAL_Driver/Src/stm32f4xx_hal_pcd.o
                0x0000000008002448                HAL_PCD_EP_Close
 .text.HAL_PCD_EP_Receive
                0x00000000080024a8       0x50 Drivers/STM32F4xx_HAL_Driver/Src/stm32f4xx_hal_pcd.o
                0x00000000080024a8                HAL_PCD_EP_Receive
 .text.HAL_PCD_EP_GetRxCount
                0x00000000080024f8       0x14 Drivers/STM32F4xx_HAL_Driver/Src/stm32f4xx_hal_pcd.o
                0x00000000080024f8                HAL_PCD_EP_GetRxCount
 .text.HAL_PCD_EP_Transmit
                0x000000000800250c       0x48 Drivers/STM32F4xx_HAL_Driver/Src/stm32f4xx_hal_pcd.o
                0x000000000800250c                HAL_PCD_EP_Transmit
 .text.HAL_PCD_EP_SetStall
                0x0000000008002554       0x88 Drivers/STM32F4xx_HAL_Driver/Src/stm32f4xx_hal_pcd.o
                0x0000000008002554                HAL_PCD_EP_SetStall
 .text.HAL_PCD_EP_ClrStall
                0x00000000080025dc       0x70 Drivers/STM32F4xx_HAL_Driver/Src/stm32f4xx_hal_pcd.o
                0x00000000080025dc                HAL_PCD_EP_ClrStall
 .text.HAL_PCDEx_SetTxFiFo
                0x000000000800264c       0x48 Drivers/STM32F4xx_HAL_Driver/Src/stm32f4xx_hal_pcd_ex.o
                0x000000000800264c                HAL_PCDEx_SetTxFiFo
 .text.HAL_PCDEx_SetRxFiFo
                0x0000000008002694        0x8 Drivers/STM32F4xx_HAL_Driver/Src/stm32f4xx_hal_pcd_ex.o
                0x0000000008002694                HAL_PCDEx_SetRxFiFo
 .text.HAL_PCDEx_LPM_Callback
                0x000000000800269c        0x4 Drivers/STM32F4xx_HAL_Driver/Src/stm32f4xx_hal_pcd_ex.o
                0x000000000800269c                HAL_PCDEx_LPM_Callback
 .text.HAL_RCC_OscConfig
                0x00000000080026a0      0x3bc Drivers/STM32F4xx_HAL_Driver/Src/stm32f4xx_hal_rcc.o
                0x00000000080026a0                HAL_RCC_OscConfig
 .text.HAL_RCC_GetSysClockFreq
                0x0000000008002a5c       0x6c Drivers/STM32F4xx_HAL_Driver/Src/stm32f4xx_hal_rcc.o
                0x0000000008002a5c                HAL_RCC_GetSysClockFreq
 .text.HAL_RCC_ClockConfig
                0x0000000008002ac8      0x13c Drivers/STM32F4xx_HAL_Driver/Src/stm32f4xx_hal_rcc.o
                0x0000000008002ac8                HAL_RCC_ClockConfig
 .text.HAL_RCC_GetHCLKFreq
                0x0000000008002c04        0xc Drivers/STM32F4xx_HAL_Driver/Src/stm32f4xx_hal_rcc.o
                0x0000000008002c04                HAL_RCC_GetHCLKFreq
 .text.HAL_RCC_GetPCLK1Freq
                0x0000000008002c10       0x20 Drivers/STM32F4xx_HAL_Driver/Src/stm32f4xx_hal_rcc.o
                0x0000000008002c10                HAL_RCC_GetPCLK1Freq
 .text.HAL_RCC_GetPCLK2Freq
                0x0000000008002c30       0x20 Drivers/STM32F4xx_HAL_Driver/Src/stm32f4xx_hal_rcc.o
                0x0000000008002c30                HAL_RCC_GetPCLK2Freq
 .text.HAL_RCC_GetClockConfig
                0x0000000008002c50       0x44 Drivers/STM32F4xx_HAL_Driver/Src/stm32f4xx_hal_rcc.o
                0x0000000008002c50                HAL_RCC_GetClockConfig
 .text.HAL_TIM_Base_Init
                0x0000000008002c94       0xbc Drivers/STM32F4xx_HAL_Driver/Src/stm32f4xx_hal_tim.o
                0x0000000008002c94                HAL_TIM_Base_Init
 .text.HAL_TIM_Base_Start_IT
                0x0000000008002d50       0x20 Drivers/STM32F4xx_HAL_Driver/Src/stm32f4xx_hal_tim.o
                0x0000000008002d50                HAL_TIM_Base_Start_IT
 .text.HAL_TIM_PWM_MspInit
                0x0000000008002d70        0x4 Drivers/STM32F4xx_HAL_Driver/Src/stm32f4xx_hal_tim.o
                0x0000000008002d70                HAL_TIM_PWM_MspInit
 .text.HAL_TIM_PWM_Init
                0x0000000008002d74       0xbc Drivers/STM32F4xx_HAL_Driver/Src/stm32f4xx_hal_tim.o
                0x0000000008002d74                HAL_TIM_PWM_Init
 .text.HAL_TIM_PWM_Start
                0x0000000008002e30       0x4c Drivers/STM32F4xx_HAL_Driver/Src/stm32f4xx_hal_tim.o
                0x0000000008002e30                HAL_TIM_PWM_Start
 .text.HAL_TIM_PWM_ConfigChannel
                0x0000000008002e7c      0x1fc Drivers/STM32F4xx_HAL_Driver/Src/stm32f4xx_hal_tim.o
                0x0000000008002e7c                HAL_TIM_PWM_ConfigChannel
 .text.HAL_TIM_ConfigClockSource
                0x0000000008003078      0x14c Drivers/STM32F4xx_HAL_Driver/Src/stm32f4xx_hal_tim.o
                0x0000000008003078                HAL_TIM_ConfigClockSource
 .text.HAL_TIM_OC_DelayElapsedCallback
                0x00000000080031c4        0x4 Drivers/STM32F4xx_HAL_Driver/Src/stm32f4xx_hal_tim.o
                0x00000000080031c4                HAL_TIM_OC_DelayElapsedCallback
 .text.HAL_TIM_IC_CaptureCallback
                0x00000000080031c8        0x4 Drivers/STM32F4xx_HAL_Driver/Src/stm32f4xx_hal_tim.o
                0x00000000080031c8                HAL_TIM_IC_CaptureCallback
 .text.HAL_TIM_PWM_PulseFinishedCallback
                0x00000000080031cc        0x4 Drivers/STM32F4xx_HAL_Driver/Src/stm32f4xx_hal_tim.o
                0x00000000080031cc                HAL_TIM_PWM_PulseFinishedCallback
 .text.HAL_TIM_TriggerCallback
                0x00000000080031d0        0x4 Drivers/STM32F4xx_HAL_Driver/Src/stm32f4xx_hal_tim.o
                0x00000000080031d0                HAL_TIM_TriggerCallback
 .text.HAL_TIM_IRQHandler
                0x00000000080031d4      0x154 Drivers/STM32F4xx_HAL_Driver/Src/stm32f4xx_hal_tim.o
                0x00000000080031d4                HAL_TIM_IRQHandler
 .text.HAL_TIMEx_MasterConfigSynchronization
                0x0000000008003328       0x7c Drivers/STM32F4xx_HAL_Driver/Src/stm32f4xx_hal_tim_ex.o
                0x0000000008003328                HAL_TIMEx_MasterConfigSynchronization
 .text.HAL_TIMEx_CommutCallback
                0x00000000080033a4        0x4 Drivers/STM32F4xx_HAL_Driver/Src/stm32f4xx_hal_tim_ex.o
                0x00000000080033a4                HAL_TIMEx_CommutCallback
 .text.HAL_TIMEx_BreakCallback
                0x00000000080033a8        0x4 Drivers/STM32F4xx_HAL_Driver/Src/stm32f4xx_hal_tim_ex.o
                0x00000000080033a8                HAL_TIMEx_BreakCallback
 .text.USB_CoreInit
                0x00000000080033ac       0xd4 Drivers/STM32F4xx_HAL_Driver/Src/stm32f4xx_ll_usb.o
                0x00000000080033ac                USB_CoreInit
 .text.USB_SetTurnaroundTime
                0x0000000008003480       0xf8 Drivers/STM32F4xx_HAL_Driver/Src/stm32f4xx_ll_usb.o
                0x0000000008003480                USB_SetTurnaroundTime
 .text.USB_EnableGlobalInt
                0x0000000008003578       0x10 Drivers/STM32F4xx_HAL_Driver/Src/stm32f4xx_ll_usb.o
                0x0000000008003578                USB_EnableGlobalInt
 .text.USB_DisableGlobalInt
                0x0000000008003588       0x10 Drivers/STM32F4xx_HAL_Driver/Src/stm32f4xx_ll_usb.o
                0x0000000008003588                USB_DisableGlobalInt
 .text.USB_SetCurrentMode
                0x0000000008003598       0x30 Drivers/STM32F4xx_HAL_Driver/Src/stm32f4xx_ll_usb.o
                0x0000000008003598                USB_SetCurrentMode
 .text.USB_DevInit
                0x00000000080035c8      0x1d8 Drivers/STM32F4xx_HAL_Driver/Src/stm32f4xx_ll_usb.o
                0x00000000080035c8                USB_DevInit
 .text.USB_FlushTxFifo
                0x00000000080037a0       0x24 Drivers/STM32F4xx_HAL_Driver/Src/stm32f4xx_ll_usb.o
                0x00000000080037a0                USB_FlushTxFifo
 .text.USB_GetDevSpeed
                0x00000000080037c4       0x18 Drivers/STM32F4xx_HAL_Driver/Src/stm32f4xx_ll_usb.o
                0x00000000080037c4                USB_GetDevSpeed
 .text.USB_ActivateEndpoint
                0x00000000080037dc       0x88 Drivers/STM32F4xx_HAL_Driver/Src/stm32f4xx_ll_usb.o
                0x00000000080037dc                USB_ActivateEndpoint
 .text.USB_DeactivateEndpoint
                0x0000000008003864       0xc0 Drivers/STM32F4xx_HAL_Driver/Src/stm32f4xx_ll_usb.o
                0x0000000008003864                USB_DeactivateEndpoint
 .text.USB_EPStartXfer
                0x0000000008003924      0x224 Drivers/STM32F4xx_HAL_Driver/Src/stm32f4xx_ll_usb.o
                0x0000000008003924                USB_EPStartXfer
 .text.USB_EP0StartXfer
                0x0000000008003b48      0x10c Drivers/STM32F4xx_HAL_Driver/Src/stm32f4xx_ll_usb.o
                0x0000000008003b48                USB_EP0StartXfer
 .text.USB_WritePacket
                0x0000000008003c54       0x2c Drivers/STM32F4xx_HAL_Driver/Src/stm32f4xx_ll_usb.o
                0x0000000008003c54                USB_WritePacket
 .text.USB_ReadPacket
                0x0000000008003c80       0x28 Drivers/STM32F4xx_HAL_Driver/Src/stm32f4xx_ll_usb.o
                0x0000000008003c80                USB_ReadPacket
 .text.USB_EPSetStall
                0x0000000008003ca8       0x58 Drivers/STM32F4xx_HAL_Driver/Src/stm32f4xx_ll_usb.o
                0x0000000008003ca8                USB_EPSetStall
 .text.USB_EPClearStall
                0x0000000008003d00       0x58 Drivers/STM32F4xx_HAL_Driver/Src/stm32f4xx_ll_usb.o
                0x0000000008003d00                USB_EPClearStall
 .text.USB_SetDevAddress
                0x0000000008003d58       0x20 Drivers/STM32F4xx_HAL_Driver/Src/stm32f4xx_ll_usb.o
                0x0000000008003d58                USB_SetDevAddress
 .text.USB_DevConnect
                0x0000000008003d78       0x1c Drivers/STM32F4xx_HAL_Driver/Src/stm32f4xx_ll_usb.o
                0x0000000008003d78                USB_DevConnect
 .text.USB_DevDisconnect
                0x0000000008003d94       0x1c Drivers/STM32F4xx_HAL_Driver/Src/stm32f4xx_ll_usb.o
                0x0000000008003d94                USB_DevDisconnect
 .text.USB_ReadInterrupts
                0x0000000008003db0        0x8 Drivers/STM32F4xx_HAL_Driver/Src/stm32f4xx_ll_usb.o
                0x0000000008003db0                USB_ReadInterrupts
 .text.USB_ReadDevAllOutEpInterrupt
                0x0000000008003db8       0x10 Drivers/STM32F4xx_HAL_Driver/Src/stm32f4xx_ll_usb.o
                0x0000000008003db8                USB_ReadDevAllOutEpInterrupt
 .text.USB_ReadDevAllInEpInterrupt
                0x0000000008003dc8       0x10 Drivers/STM32F4xx_HAL_Driver/Src/stm32f4xx_ll_usb.o
                0x0000000008003dc8                USB_ReadDevAllInEpInterrupt
 .text.USB_ReadDevOutEPInterrupt
                0x0000000008003dd8       0x14 Drivers/STM32F4xx_HAL_Driver/Src/stm32f4xx_ll_usb.o
                0x0000000008003dd8                USB_ReadDevOutEPInterrupt
 .text.USB_ReadDevInEPInterrupt
                0x0000000008003dec       0x28 Drivers/STM32F4xx_HAL_Driver/Src/stm32f4xx_ll_usb.o
                0x0000000008003dec                USB_ReadDevInEPInterrupt
 .text.USB_GetMode
                0x0000000008003e14        0x8 Drivers/STM32F4xx_HAL_Driver/Src/stm32f4xx_ll_usb.o
                0x0000000008003e14                USB_GetMode
 .text.USB_ActivateSetup
                0x0000000008003e1c       0x20 Drivers/STM32F4xx_HAL_Driver/Src/stm32f4xx_ll_usb.o
                0x0000000008003e1c                USB_ActivateSetup
 .text.USB_EP0_OutStart
                0x0000000008003e3c       0x50 Drivers/STM32F4xx_HAL_Driver/Src/stm32f4xx_ll_usb.o
                0x0000000008003e3c                USB_EP0_OutStart
 .text.I2C_RequestMemoryWrite
                0x0000000008003e8c      0x1c4 Drivers/STM32F4xx_My_Driver/Src/stm32f4xx_hal_i2c.o
 .text.I2C_RequestMemoryRead
                0x0000000008004050      0x288 Drivers/STM32F4xx_My_Driver/Src/stm32f4xx_hal_i2c.o
 .text.HAL_I2C_MspInit
                0x00000000080042d8        0x4 Drivers/STM32F4xx_My_Driver/Src/stm32f4xx_hal_i2c.o
                0x00000000080042d8                HAL_I2C_MspInit
 .text.HAL_I2C_Init
                0x00000000080042dc      0x180 Drivers/STM32F4xx_My_Driver/Src/stm32f4xx_hal_i2c.o
                0x00000000080042dc                HAL_I2C_Init
 .text.HAL_I2C_MspDeInit
                0x000000000800445c        0x4 Drivers/STM32F4xx_My_Driver/Src/stm32f4xx_hal_i2c.o
                0x000000000800445c                HAL_I2C_MspDeInit
 .text.HAL_I2C_DeInit
                0x0000000008004460       0x34 Drivers/STM32F4xx_My_Driver/Src/stm32f4xx_hal_i2c.o
                0x0000000008004460                HAL_I2C_DeInit
 .text.HAL_I2C_Mem_Write
                0x0000000008004494      0x1e0 Drivers/STM32F4xx_My_Driver/Src/stm32f4xx_hal_i2c.o
                0x0000000008004494                HAL_I2C_Mem_Write
 .text.HAL_I2C_Mem_Read
                0x0000000008004674      0x310 Drivers/STM32F4xx_My_Driver/Src/stm32f4xx_hal_i2c.o
                0x0000000008004674                HAL_I2C_Mem_Read
 .text.HAL_I2C_GetState
                0x0000000008004984        0x8 Drivers/STM32F4xx_My_Driver/Src/stm32f4xx_hal_i2c.o
                0x0000000008004984                HAL_I2C_GetState
 .text.USBD_CDC_EP0_RxReady
                0x000000000800498c       0x2c Middlewares/ST/STM32_USB_Device_Library/Class/CDC/Src/usbd_cdc.o
 .text.USBD_CDC_GetFSCfgDesc
                0x00000000080049b8        0xc Middlewares/ST/STM32_USB_Device_Library/Class/CDC/Src/usbd_cdc.o
 .text.USBD_CDC_GetHSCfgDesc
                0x00000000080049c4        0xc Middlewares/ST/STM32_USB_Device_Library/Class/CDC/Src/usbd_cdc.o
 .text.USBD_CDC_GetOtherSpeedCfgDesc
                0x00000000080049d0        0xc Middlewares/ST/STM32_USB_Device_Library/Class/CDC/Src/usbd_cdc.o
 .text.USBD_CDC_GetDeviceQualifierDescriptor
                0x00000000080049dc        0xc Middlewares/ST/STM32_USB_Device_Library/Class/CDC/Src/usbd_cdc.o
                0x00000000080049dc                USBD_CDC_GetDeviceQualifierDescriptor
 .text.USBD_CDC_DataOut
                0x00000000080049e8       0x2c Middlewares/ST/STM32_USB_Device_Library/Class/CDC/Src/usbd_cdc.o
 .text.USBD_CDC_DataIn
                0x0000000008004a14       0x60 Middlewares/ST/STM32_USB_Device_Library/Class/CDC/Src/usbd_cdc.o
 .text.USBD_CDC_Setup
                0x0000000008004a74      0x100 Middlewares/ST/STM32_USB_Device_Library/Class/CDC/Src/usbd_cdc.o
 .text.USBD_CDC_DeInit
                0x0000000008004b74       0x44 Middlewares/ST/STM32_USB_Device_Library/Class/CDC/Src/usbd_cdc.o
 .text.USBD_CDC_Init
                0x0000000008004bb8       0xb8 Middlewares/ST/STM32_USB_Device_Library/Class/CDC/Src/usbd_cdc.o
 .text.USBD_CDC_RegisterInterface
                0x0000000008004c70       0x10 Middlewares/ST/STM32_USB_Device_Library/Class/CDC/Src/usbd_cdc.o
                0x0000000008004c70                USBD_CDC_RegisterInterface
 .text.USBD_CDC_SetTxBuffer
                0x0000000008004c80       0x10 Middlewares/ST/STM32_USB_Device_Library/Class/CDC/Src/usbd_cdc.o
                0x0000000008004c80                USBD_CDC_SetTxBuffer
 .text.USBD_CDC_SetRxBuffer
                0x0000000008004c90        0xc Middlewares/ST/STM32_USB_Device_Library/Class/CDC/Src/usbd_cdc.o
                0x0000000008004c90                USBD_CDC_SetRxBuffer
 .text.USBD_CDC_TransmitPacket
                0x0000000008004c9c       0x30 Middlewares/ST/STM32_USB_Device_Library/Class/CDC/Src/usbd_cdc.o
                0x0000000008004c9c                USBD_CDC_TransmitPacket
 .text.USBD_CDC_ReceivePacket
                0x0000000008004ccc       0x30 Middlewares/ST/STM32_USB_Device_Library/Class/CDC/Src/usbd_cdc.o
                0x0000000008004ccc                USBD_CDC_ReceivePacket
 .text.USBD_Init
                0x0000000008004cfc       0x30 Middlewares/ST/STM32_USB_Device_Library/Core/Src/usbd_core.o
                0x0000000008004cfc                USBD_Init
 .text.USBD_RegisterClass
                0x0000000008004d2c       0x28 Middlewares/ST/STM32_USB_Device_Library/Core/Src/usbd_core.o
                0x0000000008004d2c                USBD_RegisterClass
 .text.USBD_Start
                0x0000000008004d54        0x4 Middlewares/ST/STM32_USB_Device_Library/Core/Src/usbd_core.o
                0x0000000008004d54                USBD_Start
 .text.USBD_SetClassConfig
                0x0000000008004d58       0x10 Middlewares/ST/STM32_USB_Device_Library/Core/Src/usbd_core.o
                0x0000000008004d58                USBD_SetClassConfig
 .text.USBD_ClrClassConfig
                0x0000000008004d68       0x10 Middlewares/ST/STM32_USB_Device_Library/Core/Src/usbd_core.o
                0x0000000008004d68                USBD_ClrClassConfig
 .text.USBD_LL_SetupStage
                0x0000000008004d78       0x60 Middlewares/ST/STM32_USB_Device_Library/Core/Src/usbd_core.o
                0x0000000008004d78                USBD_LL_SetupStage
 .text.USBD_LL_DataOutStage
                0x0000000008004dd8       0x6c Middlewares/ST/STM32_USB_Device_Library/Core/Src/usbd_core.o
                0x0000000008004dd8                USBD_LL_DataOutStage
 .text.USBD_LL_DataInStage
                0x0000000008004e44       0xc4 Middlewares/ST/STM32_USB_Device_Library/Core/Src/usbd_core.o
                0x0000000008004e44                USBD_LL_DataInStage
 .text.USBD_LL_Reset
                0x0000000008004f08       0x50 Middlewares/ST/STM32_USB_Device_Library/Core/Src/usbd_core.o
                0x0000000008004f08                USBD_LL_Reset
 .text.USBD_LL_SetSpeed
                0x0000000008004f58        0x8 Middlewares/ST/STM32_USB_Device_Library/Core/Src/usbd_core.o
                0x0000000008004f58                USBD_LL_SetSpeed
 .text.USBD_LL_Suspend
                0x0000000008004f60       0x14 Middlewares/ST/STM32_USB_Device_Library/Core/Src/usbd_core.o
                0x0000000008004f60                USBD_LL_Suspend
 .text.USBD_LL_Resume
                0x0000000008004f74       0x14 Middlewares/ST/STM32_USB_Device_Library/Core/Src/usbd_core.o
                0x0000000008004f74                USBD_LL_Resume
 .text.USBD_LL_SOF
                0x0000000008004f88       0x1c Middlewares/ST/STM32_USB_Device_Library/Core/Src/usbd_core.o
                0x0000000008004f88                USBD_LL_SOF
 .text.USBD_LL_IsoINIncomplete
                0x0000000008004fa4        0x4 Middlewares/ST/STM32_USB_Device_Library/Core/Src/usbd_core.o
                0x0000000008004fa4                USBD_LL_IsoINIncomplete
 .text.USBD_LL_IsoOUTIncomplete
                0x0000000008004fa8        0x4 Middlewares/ST/STM32_USB_Device_Library/Core/Src/usbd_core.o
                0x0000000008004fa8                USBD_LL_IsoOUTIncomplete
 .text.USBD_LL_DevConnected
                0x0000000008004fac        0x4 Middlewares/ST/STM32_USB_Device_Library/Core/Src/usbd_core.o
                0x0000000008004fac                USBD_LL_DevConnected
 .text.USBD_LL_DevDisconnected
                0x0000000008004fb0       0x1c Middlewares/ST/STM32_USB_Device_Library/Core/Src/usbd_core.o
                0x0000000008004fb0                USBD_LL_DevDisconnected
 .text.USBD_StdDevReq
                0x0000000008004fcc      0x344 Middlewares/ST/STM32_USB_Device_Library/Core/Src/usbd_ctlreq.o
                0x0000000008004fcc                USBD_StdDevReq
 .text.USBD_StdItfReq
                0x0000000008005310       0x5c Middlewares/ST/STM32_USB_Device_Library/Core/Src/usbd_ctlreq.o
                0x0000000008005310                USBD_StdItfReq
 .text.USBD_StdEPReq
                0x000000000800536c      0x134 Middlewares/ST/STM32_USB_Device_Library/Core/Src/usbd_ctlreq.o
                0x000000000800536c                USBD_StdEPReq
 .text.USBD_ParseSetupRequest
                0x00000000080054a0       0x28 Middlewares/ST/STM32_USB_Device_Library/Core/Src/usbd_ctlreq.o
                0x00000000080054a0                USBD_ParseSetupRequest
 .text.USBD_CtlError
                0x00000000080054c8       0x18 Middlewares/ST/STM32_USB_Device_Library/Core/Src/usbd_ctlreq.o
                0x00000000080054c8                USBD_CtlError
 .text.USBD_GetString
                0x00000000080054e0       0x4c Middlewares/ST/STM32_USB_Device_Library/Core/Src/usbd_ctlreq.o
                0x00000000080054e0                USBD_GetString
 .text.USBD_CtlSendData
                0x000000000800552c       0x1c Middlewares/ST/STM32_USB_Device_Library/Core/Src/usbd_ioreq.o
                0x000000000800552c                USBD_CtlSendData
 .text.USBD_CtlContinueSendData
                0x0000000008005548       0x10 Middlewares/ST/STM32_USB_Device_Library/Core/Src/usbd_ioreq.o
                0x0000000008005548                USBD_CtlContinueSendData
 .text.USBD_CtlPrepareRx
                0x0000000008005558       0x20 Middlewares/ST/STM32_USB_Device_Library/Core/Src/usbd_ioreq.o
                0x0000000008005558                USBD_CtlPrepareRx
 .text.USBD_CtlContinueRx
                0x0000000008005578       0x10 Middlewares/ST/STM32_USB_Device_Library/Core/Src/usbd_ioreq.o
                0x0000000008005578                USBD_CtlContinueRx
 .text.USBD_CtlSendStatus
                0x0000000008005588       0x18 Middlewares/ST/STM32_USB_Device_Library/Core/Src/usbd_ioreq.o
                0x0000000008005588                USBD_CtlSendStatus
 .text.USBD_CtlReceiveStatus
                0x00000000080055a0       0x18 Middlewares/ST/STM32_USB_Device_Library/Core/Src/usbd_ioreq.o
                0x00000000080055a0                USBD_CtlReceiveStatus
 .text.osKernelInitialize
                0x00000000080055b8       0x38 Middlewares/Third_Party/FreeRTOS/Source/CMSIS_RTOS_V2/cmsis_os2.o
                0x00000000080055b8                osKernelInitialize
 .text.osKernelStart
                0x00000000080055f0       0x44 Middlewares/Third_Party/FreeRTOS/Source/CMSIS_RTOS_V2/cmsis_os2.o
                0x00000000080055f0                osKernelStart
 .text.osThreadNew
                0x0000000008005634       0x9c Middlewares/Third_Party/FreeRTOS/Source/CMSIS_RTOS_V2/cmsis_os2.o
                0x0000000008005634                osThreadNew
 .text.osDelay  0x00000000080056d0       0x40 Middlewares/Third_Party/FreeRTOS/Source/CMSIS_RTOS_V2/cmsis_os2.o
                0x00000000080056d0                osDelay
 .text.vApplicationGetIdleTaskMemory
                0x0000000008005710       0x1c Middlewares/Third_Party/FreeRTOS/Source/CMSIS_RTOS_V2/cmsis_os2.o
                0x0000000008005710                vApplicationGetIdleTaskMemory
 .text.vApplicationGetTimerTaskMemory
                0x000000000800572c       0x20 Middlewares/Third_Party/FreeRTOS/Source/CMSIS_RTOS_V2/cmsis_os2.o
                0x000000000800572c                vApplicationGetTimerTaskMemory
 .text.vListInitialise
                0x000000000800574c       0x18 Middlewares/Third_Party/FreeRTOS/Source/list.o
                0x000000000800574c                vListInitialise
 .text.vListInitialiseItem
                0x0000000008005764        0x8 Middlewares/Third_Party/FreeRTOS/Source/list.o
                0x0000000008005764                vListInitialiseItem
 .text.vListInsertEnd
                0x000000000800576c       0x20 Middlewares/Third_Party/FreeRTOS/Source/list.o
                0x000000000800576c                vListInsertEnd
 .text.vListInsert
                0x000000000800578c       0x34 Middlewares/Third_Party/FreeRTOS/Source/list.o
                0x000000000800578c                vListInsert
 .text.uxListRemove
                0x00000000080057c0       0x28 Middlewares/Third_Party/FreeRTOS/Source/list.o
                0x00000000080057c0                uxListRemove
 .text.xQueueGenericReset
                0x00000000080057e8       0x84 Middlewares/Third_Party/FreeRTOS/Source/queue.o
                0x00000000080057e8                xQueueGenericReset
 .text.xQueueGenericCreateStatic
                0x000000000800586c       0xb0 Middlewares/Third_Party/FreeRTOS/Source/queue.o
                0x000000000800586c                xQueueGenericCreateStatic
 .text.xQueueGenericSend
                0x000000000800591c      0x398 Middlewares/Third_Party/FreeRTOS/Source/queue.o
                0x000000000800591c                xQueueGenericSend
 .text.xQueueReceive
                0x0000000008005cb4      0x2c8 Middlewares/Third_Party/FreeRTOS/Source/queue.o
                0x0000000008005cb4                xQueueReceive
 .text.vQueueAddToRegistry
                0x0000000008005f7c       0x54 Middlewares/Third_Party/FreeRTOS/Source/queue.o
                0x0000000008005f7c                vQueueAddToRegistry
 .text.vQueueWaitForMessageRestricted
                0x0000000008005fd0       0xcc Middlewares/Third_Party/FreeRTOS/Source/queue.o
                0x0000000008005fd0                vQueueWaitForMessageRestricted
 .text.prvAddNewTaskToReadyList
                0x000000000800609c      0x114 Middlewares/Third_Party/FreeRTOS/Source/tasks.o
 .text.unlikely.prvInitialiseNewTask.isra.2
                0x00000000080061b0       0x90 Middlewares/Third_Party/FreeRTOS/Source/tasks.o
 .text.unlikely.prvAddCurrentTaskToDelayedList
                0x0000000008006240       0x74 Middlewares/Third_Party/FreeRTOS/Source/tasks.o
 .text.prvIdleTask
                0x00000000080062b4       0xa0 Middlewares/Third_Party/FreeRTOS/Source/tasks.o
 .text.xTaskCreateStatic
                0x0000000008006354       0x70 Middlewares/Third_Party/FreeRTOS/Source/tasks.o
                0x0000000008006354                xTaskCreateStatic
 .text.xTaskCreate
                0x00000000080063c4      0x160 Middlewares/Third_Party/FreeRTOS/Source/tasks.o
                0x00000000080063c4                xTaskCreate
 .text.vTaskStartScheduler
                0x0000000008006524       0xe0 Middlewares/Third_Party/FreeRTOS/Source/tasks.o
                0x0000000008006524                vTaskStartScheduler
 .text.vTaskSuspendAll
                0x0000000008006604       0x10 Middlewares/Third_Party/FreeRTOS/Source/tasks.o
                0x0000000008006604                vTaskSuspendAll
 .text.xTaskGetTickCount
                0x0000000008006614        0xc Middlewares/Third_Party/FreeRTOS/Source/tasks.o
                0x0000000008006614                xTaskGetTickCount
 .text.xTaskIncrementTick
                0x0000000008006620      0x14c Middlewares/Third_Party/FreeRTOS/Source/tasks.o
                0x0000000008006620                xTaskIncrementTick
 .text.xTaskResumeAll
                0x000000000800676c      0x10c Middlewares/Third_Party/FreeRTOS/Source/tasks.o
                0x000000000800676c                xTaskResumeAll
 .text.vTaskDelay
                0x0000000008006878       0x48 Middlewares/Third_Party/FreeRTOS/Source/tasks.o
                0x0000000008006878                vTaskDelay
 .text.vTaskSwitchContext
                0x00000000080068c0       0x88 Middlewares/Third_Party/FreeRTOS/Source/tasks.o
                0x00000000080068c0                vTaskSwitchContext
 .text.vTaskPlaceOnEventList
                0x0000000008006948       0x88 Middlewares/Third_Party/FreeRTOS/Source/tasks.o
                0x0000000008006948                vTaskPlaceOnEventList
 .text.vTaskPlaceOnEventListRestricted
                0x00000000080069d0       0x94 Middlewares/Third_Party/FreeRTOS/Source/tasks.o
                0x00000000080069d0                vTaskPlaceOnEventListRestricted
 .text.xTaskRemoveFromEventList
                0x0000000008006a64       0x88 Middlewares/Third_Party/FreeRTOS/Source/tasks.o
                0x0000000008006a64                xTaskRemoveFromEventList
 .text.vTaskInternalSetTimeOutState
                0x0000000008006aec       0x18 Middlewares/Third_Party/FreeRTOS/Source/tasks.o
                0x0000000008006aec                vTaskInternalSetTimeOutState
 .text.xTaskCheckForTimeOut
                0x0000000008006b04       0x8c Middlewares/Third_Party/FreeRTOS/Source/tasks.o
                0x0000000008006b04                xTaskCheckForTimeOut
 .text.vTaskMissedYield
                0x0000000008006b90        0xc Middlewares/Third_Party/FreeRTOS/Source/tasks.o
                0x0000000008006b90                vTaskMissedYield
 .text.xTaskGetSchedulerState
                0x0000000008006b9c       0x20 Middlewares/Third_Party/FreeRTOS/Source/tasks.o
                0x0000000008006b9c                xTaskGetSchedulerState
 .text.xTaskPriorityDisinherit
                0x0000000008006bbc       0x84 Middlewares/Third_Party/FreeRTOS/Source/tasks.o
                0x0000000008006bbc                xTaskPriorityDisinherit
 .text.prvSwitchTimerLists
                0x0000000008006c40       0x98 Middlewares/Third_Party/FreeRTOS/Source/timers.o
 .text.prvTimerTask
                0x0000000008006cd8      0x284 Middlewares/Third_Party/FreeRTOS/Source/timers.o
 .text.xTimerCreateTimerTask
                0x0000000008006f5c       0xbc Middlewares/Third_Party/FreeRTOS/Source/timers.o
                0x0000000008006f5c                xTimerCreateTimerTask
 .text.prvTaskExitError
                0x0000000008007018       0x40 Middlewares/Third_Party/FreeRTOS/Source/portable/GCC/ARM_CM4F/port.o
 .text.unlikely.prvPortStartFirstTask
                0x0000000008007058       0x28 Middlewares/Third_Party/FreeRTOS/Source/portable/GCC/ARM_CM4F/port.o
 .text.unlikely.vPortEnableVFP
                0x0000000008007080       0x14 Middlewares/Third_Party/FreeRTOS/Source/portable/GCC/ARM_CM4F/port.o
 .text.pxPortInitialiseStack
                0x0000000008007094       0x2c Middlewares/Third_Party/FreeRTOS/Source/portable/GCC/ARM_CM4F/port.o
                0x0000000008007094                pxPortInitialiseStack
 .text.SVC_Handler
                0x00000000080070c0       0x24 Middlewares/Third_Party/FreeRTOS/Source/portable/GCC/ARM_CM4F/port.o
                0x00000000080070c0                SVC_Handler
 .text.vPortEnterCritical
                0x00000000080070e4       0x44 Middlewares/Third_Party/FreeRTOS/Source/portable/GCC/ARM_CM4F/port.o
                0x00000000080070e4                vPortEnterCritical
 .text.vPortExitCritical
                0x0000000008007128       0x28 Middlewares/Third_Party/FreeRTOS/Source/portable/GCC/ARM_CM4F/port.o
                0x0000000008007128                vPortExitCritical
 .text.PendSV_Handler
                0x0000000008007150       0x64 Middlewares/Third_Party/FreeRTOS/Source/portable/GCC/ARM_CM4F/port.o
                0x0000000008007150                PendSV_Handler
 .text.SysTick_Handler
                0x00000000080071b4       0x2c Middlewares/Third_Party/FreeRTOS/Source/portable/GCC/ARM_CM4F/port.o
                0x00000000080071b4                SysTick_Handler
 .text.vPortSetupTimerInterrupt
                0x00000000080071e0       0x3c Middlewares/Third_Party/FreeRTOS/Source/portable/GCC/ARM_CM4F/port.o
                0x00000000080071e0                vPortSetupTimerInterrupt
 .text.xPortStartScheduler
                0x000000000800721c      0x110 Middlewares/Third_Party/FreeRTOS/Source/portable/GCC/ARM_CM4F/port.o
                0x000000000800721c                xPortStartScheduler
 .text.unlikely.prvInsertBlockIntoFreeList
                0x000000000800732c       0x50 Middlewares/Third_Party/FreeRTOS/Source/portable/MemMang/heap_4.o
 .text.pvPortMalloc
                0x000000000800737c      0x118 Middlewares/Third_Party/FreeRTOS/Source/portable/MemMang/heap_4.o
                0x000000000800737c                pvPortMalloc
 .text.vPortFree
                0x0000000008007494       0x70 Middlewares/Third_Party/FreeRTOS/Source/portable/MemMang/heap_4.o
                0x0000000008007494                vPortFree
 .text.MX_USB_DEVICE_Init
                0x0000000008007504       0x58 USB_DEVICE/App/usb_device.o
                0x0000000008007504                MX_USB_DEVICE_Init
 .text.CDC_DeInit_FS
                0x000000000800755c        0x4 USB_DEVICE/App/usbd_cdc_if.o
 .text.CDC_TransmitCplt_FS
                0x0000000008007560        0x4 USB_DEVICE/App/usbd_cdc_if.o
 .text.CDC_Receive_FS
                0x0000000008007564       0x1c USB_DEVICE/App/usbd_cdc_if.o
 .text.CDC_Init_FS
                0x0000000008007580       0x28 USB_DEVICE/App/usbd_cdc_if.o
 .text.CDC_Control_FS
                0x00000000080075a8       0x38 USB_DEVICE/App/usbd_cdc_if.o
 .text.CDC_Transmit_FS
                0x00000000080075e0       0x2c USB_DEVICE/App/usbd_cdc_if.o
                0x00000000080075e0                CDC_Transmit_FS
 .text.USBD_FS_DeviceDescriptor
                0x000000000800760c        0xc USB_DEVICE/App/usbd_desc.o
                0x000000000800760c                USBD_FS_DeviceDescriptor
 .text.USBD_FS_LangIDStrDescriptor
                0x0000000008007618        0xc USB_DEVICE/App/usbd_desc.o
                0x0000000008007618                USBD_FS_LangIDStrDescriptor
 .text.USBD_FS_ManufacturerStrDescriptor
                0x0000000008007624       0x1c USB_DEVICE/App/usbd_desc.o
                0x0000000008007624                USBD_FS_ManufacturerStrDescriptor
 .text.USBD_FS_ProductStrDescriptor
                0x0000000008007640       0x1c USB_DEVICE/App/usbd_desc.o
                0x0000000008007640                USBD_FS_ProductStrDescriptor
 .text.USBD_FS_ConfigStrDescriptor
                0x000000000800765c       0x1c USB_DEVICE/App/usbd_desc.o
                0x000000000800765c                USBD_FS_ConfigStrDescriptor
 .text.USBD_FS_InterfaceStrDescriptor
                0x0000000008007678       0x1c USB_DEVICE/App/usbd_desc.o
                0x0000000008007678                USBD_FS_InterfaceStrDescriptor
 .text.USBD_FS_SerialStrDescriptor
                0x0000000008007694      0x124 USB_DEVICE/App/usbd_desc.o
                0x0000000008007694                USBD_FS_SerialStrDescriptor
 .text.HAL_PCD_MspInit
                0x00000000080077b8       0x84 USB_DEVICE/Target/usbd_conf.o
                0x00000000080077b8                HAL_PCD_MspInit
 .text.HAL_PCD_SetupStageCallback
                0x000000000800783c        0xc USB_DEVICE/Target/usbd_conf.o
                0x000000000800783c                HAL_PCD_SetupStageCallback
 .text.HAL_PCD_DataOutStageCallback
                0x0000000008007848       0x14 USB_DEVICE/Target/usbd_conf.o
                0x0000000008007848                HAL_PCD_DataOutStageCallback
 .text.HAL_PCD_DataInStageCallback
                0x000000000800785c       0x14 USB_DEVICE/Target/usbd_conf.o
                0x000000000800785c                HAL_PCD_DataInStageCallback
 .text.HAL_PCD_SOFCallback
                0x0000000008007870        0x8 USB_DEVICE/Target/usbd_conf.o
                0x0000000008007870                HAL_PCD_SOFCallback
 .text.HAL_PCD_ResetCallback
                0x0000000008007878       0x24 USB_DEVICE/Target/usbd_conf.o
                0x0000000008007878                HAL_PCD_ResetCallback
 .text.HAL_PCD_SuspendCallback
                0x000000000800789c       0x30 USB_DEVICE/Target/usbd_conf.o
                0x000000000800789c                HAL_PCD_SuspendCallback
 .text.HAL_PCD_ResumeCallback
                0x00000000080078cc        0x8 USB_DEVICE/Target/usbd_conf.o
                0x00000000080078cc                HAL_PCD_ResumeCallback
 .text.HAL_PCD_ISOOUTIncompleteCallback
                0x00000000080078d4        0x8 USB_DEVICE/Target/usbd_conf.o
                0x00000000080078d4                HAL_PCD_ISOOUTIncompleteCallback
 .text.HAL_PCD_ISOINIncompleteCallback
                0x00000000080078dc        0x8 USB_DEVICE/Target/usbd_conf.o
                0x00000000080078dc                HAL_PCD_ISOINIncompleteCallback
 .text.HAL_PCD_ConnectCallback
                0x00000000080078e4        0x8 USB_DEVICE/Target/usbd_conf.o
                0x00000000080078e4                HAL_PCD_ConnectCallback
 .text.HAL_PCD_DisconnectCallback
                0x00000000080078ec        0x8 USB_DEVICE/Target/usbd_conf.o
                0x00000000080078ec                HAL_PCD_DisconnectCallback
 .text.USBD_LL_Init
                0x00000000080078f4       0x64 USB_DEVICE/Target/usbd_conf.o
                0x00000000080078f4                USBD_LL_Init
 .text.USBD_LL_Start
                0x0000000008007958       0x1c USB_DEVICE/Target/usbd_conf.o
                0x0000000008007958                USBD_LL_Start
 .text.USBD_LL_OpenEP
                0x0000000008007974       0x20 USB_DEVICE/Target/usbd_conf.o
                0x0000000008007974                USBD_LL_OpenEP
 .text.USBD_LL_CloseEP
                0x0000000008007994       0x1c USB_DEVICE/Target/usbd_conf.o
                0x0000000008007994                USBD_LL_CloseEP
 .text.USBD_LL_StallEP
                0x00000000080079b0       0x1c USB_DEVICE/Target/usbd_conf.o
                0x00000000080079b0                USBD_LL_StallEP
 .text.USBD_LL_ClearStallEP
                0x00000000080079cc       0x1c USB_DEVICE/Target/usbd_conf.o
                0x00000000080079cc                USBD_LL_ClearStallEP
 .text.USBD_LL_IsStallEP
                0x00000000080079e8       0x28 USB_DEVICE/Target/usbd_conf.o
                0x00000000080079e8                USBD_LL_IsStallEP
 .text.USBD_LL_SetUSBAddress
                0x0000000008007a10       0x1c USB_DEVICE/Target/usbd_conf.o
                0x0000000008007a10                USBD_LL_SetUSBAddress
 .text.USBD_LL_Transmit
                0x0000000008007a2c       0x1c USB_DEVICE/Target/usbd_conf.o
                0x0000000008007a2c                USBD_LL_Transmit
 .text.USBD_LL_PrepareReceive
                0x0000000008007a48       0x1c USB_DEVICE/Target/usbd_conf.o
                0x0000000008007a48                USBD_LL_PrepareReceive
 .text.USBD_LL_GetRxDataSize
                0x0000000008007a64        0x8 USB_DEVICE/Target/usbd_conf.o
                0x0000000008007a64                USBD_LL_GetRxDataSize
 .text.__errno  0x0000000008007a6c        0xc d:/program files (x86)/stm32cubeide_1.3.0/stm32cubeide/plugins/com.st.stm32cube.ide.mcu.externaltools.gnu-tools-for-stm32.7-2018-q2-update.win32_1.4.0.202007081208/tools/bin/../lib/gcc/arm-none-eabi/7.3.1/../../../../arm-none-eabi/lib/thumb/v7e-m/fpv4-sp/hard\libc_nano.a(lib_a-errno.o)
                0x0000000008007a6c                __errno
 .text.__libc_init_array
                0x0000000008007a78       0x48 d:/program files (x86)/stm32cubeide_1.3.0/stm32cubeide/plugins/com.st.stm32cube.ide.mcu.externaltools.gnu-tools-for-stm32.7-2018-q2-update.win32_1.4.0.202007081208/tools/bin/../lib/gcc/arm-none-eabi/7.3.1/../../../../arm-none-eabi/lib/thumb/v7e-m/fpv4-sp/hard\libc_nano.a(lib_a-init.o)
                0x0000000008007a78                __libc_init_array
 .text.malloc   0x0000000008007ac0       0x10 d:/program files (x86)/stm32cubeide_1.3.0/stm32cubeide/plugins/com.st.stm32cube.ide.mcu.externaltools.gnu-tools-for-stm32.7-2018-q2-update.win32_1.4.0.202007081208/tools/bin/../lib/gcc/arm-none-eabi/7.3.1/../../../../arm-none-eabi/lib/thumb/v7e-m/fpv4-sp/hard\libc_nano.a(lib_a-malloc.o)
                0x0000000008007ac0                malloc
 .text.free     0x0000000008007ad0       0x10 d:/program files (x86)/stm32cubeide_1.3.0/stm32cubeide/plugins/com.st.stm32cube.ide.mcu.externaltools.gnu-tools-for-stm32.7-2018-q2-update.win32_1.4.0.202007081208/tools/bin/../lib/gcc/arm-none-eabi/7.3.1/../../../../arm-none-eabi/lib/thumb/v7e-m/fpv4-sp/hard\libc_nano.a(lib_a-malloc.o)
                0x0000000008007ad0                free
 .text.memcpy   0x0000000008007ae0       0x16 d:/program files (x86)/stm32cubeide_1.3.0/stm32cubeide/plugins/com.st.stm32cube.ide.mcu.externaltools.gnu-tools-for-stm32.7-2018-q2-update.win32_1.4.0.202007081208/tools/bin/../lib/gcc/arm-none-eabi/7.3.1/../../../../arm-none-eabi/lib/thumb/v7e-m/fpv4-sp/hard\libc_nano.a(lib_a-memcpy-stub.o)
                0x0000000008007ae0                memcpy
 .text.memset   0x0000000008007af6       0x10 d:/program files (x86)/stm32cubeide_1.3.0/stm32cubeide/plugins/com.st.stm32cube.ide.mcu.externaltools.gnu-tools-for-stm32.7-2018-q2-update.win32_1.4.0.202007081208/tools/bin/../lib/gcc/arm-none-eabi/7.3.1/../../../../arm-none-eabi/lib/thumb/v7e-m/fpv4-sp/hard\libc_nano.a(lib_a-memset.o)
                0x0000000008007af6                memset
 *fill*         0x0000000008007b06        0x2 
 .text._free_r  0x0000000008007b08       0x9c d:/program files (x86)/stm32cubeide_1.3.0/stm32cubeide/plugins/com.st.stm32cube.ide.mcu.externaltools.gnu-tools-for-stm32.7-2018-q2-update.win32_1.4.0.202007081208/tools/bin/../lib/gcc/arm-none-eabi/7.3.1/../../../../arm-none-eabi/lib/thumb/v7e-m/fpv4-sp/hard\libc_nano.a(lib_a-nano-freer.o)
                0x0000000008007b08                _free_r
 .text._malloc_r
                0x0000000008007ba4       0xb4 d:/program files (x86)/stm32cubeide_1.3.0/stm32cubeide/plugins/com.st.stm32cube.ide.mcu.externaltools.gnu-tools-for-stm32.7-2018-q2-update.win32_1.4.0.202007081208/tools/bin/../lib/gcc/arm-none-eabi/7.3.1/../../../../arm-none-eabi/lib/thumb/v7e-m/fpv4-sp/hard\libc_nano.a(lib_a-nano-mallocr.o)
                0x0000000008007ba4                _malloc_r
 .text.__cvt    0x0000000008007c58       0xc2 d:/program files (x86)/stm32cubeide_1.3.0/stm32cubeide/plugins/com.st.stm32cube.ide.mcu.externaltools.gnu-tools-for-stm32.7-2018-q2-update.win32_1.4.0.202007081208/tools/bin/../lib/gcc/arm-none-eabi/7.3.1/../../../../arm-none-eabi/lib/thumb/v7e-m/fpv4-sp/hard\libc_nano.a(lib_a-nano-vfprintf_float.o)
                0x0000000008007c58                __cvt
 .text.__exponent
                0x0000000008007d1a       0x66 d:/program files (x86)/stm32cubeide_1.3.0/stm32cubeide/plugins/com.st.stm32cube.ide.mcu.externaltools.gnu-tools-for-stm32.7-2018-q2-update.win32_1.4.0.202007081208/tools/bin/../lib/gcc/arm-none-eabi/7.3.1/../../../../arm-none-eabi/lib/thumb/v7e-m/fpv4-sp/hard\libc_nano.a(lib_a-nano-vfprintf_float.o)
                0x0000000008007d1a                __exponent
 .text._printf_float
                0x0000000008007d80      0x480 d:/program files (x86)/stm32cubeide_1.3.0/stm32cubeide/plugins/com.st.stm32cube.ide.mcu.externaltools.gnu-tools-for-stm32.7-2018-q2-update.win32_1.4.0.202007081208/tools/bin/../lib/gcc/arm-none-eabi/7.3.1/../../../../arm-none-eabi/lib/thumb/v7e-m/fpv4-sp/hard\libc_nano.a(lib_a-nano-vfprintf_float.o)
                0x0000000008007d80                _printf_float
 .text._printf_common
                0x0000000008008200       0xea d:/program files (x86)/stm32cubeide_1.3.0/stm32cubeide/plugins/com.st.stm32cube.ide.mcu.externaltools.gnu-tools-for-stm32.7-2018-q2-update.win32_1.4.0.202007081208/tools/bin/../lib/gcc/arm-none-eabi/7.3.1/../../../../arm-none-eabi/lib/thumb/v7e-m/fpv4-sp/hard\libc_nano.a(lib_a-nano-vfprintf_i.o)
                0x0000000008008200                _printf_common
 *fill*         0x00000000080082ea        0x2 
 .text._printf_i
                0x00000000080082ec      0x224 d:/program files (x86)/stm32cubeide_1.3.0/stm32cubeide/plugins/com.st.stm32cube.ide.mcu.externaltools.gnu-tools-for-stm32.7-2018-q2-update.win32_1.4.0.202007081208/tools/bin/../lib/gcc/arm-none-eabi/7.3.1/../../../../arm-none-eabi/lib/thumb/v7e-m/fpv4-sp/hard\libc_nano.a(lib_a-nano-vfprintf_i.o)
                0x00000000080082ec                _printf_i
 .text._sbrk_r  0x0000000008008510       0x20 d:/program files (x86)/stm32cubeide_1.3.0/stm32cubeide/plugins/com.st.stm32cube.ide.mcu.externaltools.gnu-tools-for-stm32.7-2018-q2-update.win32_1.4.0.202007081208/tools/bin/../lib/gcc/arm-none-eabi/7.3.1/../../../../arm-none-eabi/lib/thumb/v7e-m/fpv4-sp/hard\libc_nano.a(lib_a-sbrkr.o)
                0x0000000008008510                _sbrk_r
 .text.snprintf
                0x0000000008008530       0x68 d:/program files (x86)/stm32cubeide_1.3.0/stm32cubeide/plugins/com.st.stm32cube.ide.mcu.externaltools.gnu-tools-for-stm32.7-2018-q2-update.win32_1.4.0.202007081208/tools/bin/../lib/gcc/arm-none-eabi/7.3.1/../../../../arm-none-eabi/lib/thumb/v7e-m/fpv4-sp/hard\libc_nano.a(lib_a-snprintf.o)
                0x0000000008008530                sniprintf
                0x0000000008008530                snprintf
 .text.quorem   0x0000000008008598      0x118 d:/program files (x86)/stm32cubeide_1.3.0/stm32cubeide/plugins/com.st.stm32cube.ide.mcu.externaltools.gnu-tools-for-stm32.7-2018-q2-update.win32_1.4.0.202007081208/tools/bin/../lib/gcc/arm-none-eabi/7.3.1/../../../../arm-none-eabi/lib/thumb/v7e-m/fpv4-sp/hard\libc_nano.a(lib_a-dtoa.o)
 .text._dtoa_r  0x00000000080086b0      0xb70 d:/program files (x86)/stm32cubeide_1.3.0/stm32cubeide/plugins/com.st.stm32cube.ide.mcu.externaltools.gnu-tools-for-stm32.7-2018-q2-update.win32_1.4.0.202007081208/tools/bin/../lib/gcc/arm-none-eabi/7.3.1/../../../../arm-none-eabi/lib/thumb/v7e-m/fpv4-sp/hard\libc_nano.a(lib_a-dtoa.o)
                0x00000000080086b0                _dtoa_r
 .text._localeconv_r
                0x0000000008009220       0x1c d:/program files (x86)/stm32cubeide_1.3.0/stm32cubeide/plugins/com.st.stm32cube.ide.mcu.externaltools.gnu-tools-for-stm32.7-2018-q2-update.win32_1.4.0.202007081208/tools/bin/../lib/gcc/arm-none-eabi/7.3.1/../../../../arm-none-eabi/lib/thumb/v7e-m/fpv4-sp/hard\libc_nano.a(lib_a-localeconv.o)
                0x0000000008009220                _localeconv_r
 .text.__malloc_lock
                0x000000000800923c        0x2 d:/program files (x86)/stm32cubeide_1.3.0/stm32cubeide/plugins/com.st.stm32cube.ide.mcu.externaltools.gnu-tools-for-stm32.7-2018-q2-update.win32_1.4.0.202007081208/tools/bin/../lib/gcc/arm-none-eabi/7.3.1/../../../../arm-none-eabi/lib/thumb/v7e-m/fpv4-sp/hard\libc_nano.a(lib_a-mlock.o)
                0x000000000800923c                __malloc_lock
 .text.__malloc_unlock
                0x000000000800923e        0x2 d:/program files (x86)/stm32cubeide_1.3.0/stm32cubeide/plugins/com.st.stm32cube.ide.mcu.externaltools.gnu-tools-for-stm32.7-2018-q2-update.win32_1.4.0.202007081208/tools/bin/../lib/gcc/arm-none-eabi/7.3.1/../../../../arm-none-eabi/lib/thumb/v7e-m/fpv4-sp/hard\libc_nano.a(lib_a-mlock.o)
                0x000000000800923e                __malloc_unlock
 .text._Balloc  0x0000000008009240       0x68 d:/program files (x86)/stm32cubeide_1.3.0/stm32cubeide/plugins/com.st.stm32cube.ide.mcu.externaltools.gnu-tools-for-stm32.7-2018-q2-update.win32_1.4.0.202007081208/tools/bin/../lib/gcc/arm-none-eabi/7.3.1/../../../../arm-none-eabi/lib/thumb/v7e-m/fpv4-sp/hard\libc_nano.a(lib_a-mprec.o)
                0x0000000008009240                _Balloc
 .text._Bfree   0x00000000080092a8       0x2e d:/program files (x86)/stm32cubeide_1.3.0/stm32cubeide/plugins/com.st.stm32cube.ide.mcu.externaltools.gnu-tools-for-stm32.7-2018-q2-update.win32_1.4.0.202007081208/tools/bin/../lib/gcc/arm-none-eabi/7.3.1/../../../../arm-none-eabi/lib/thumb/v7e-m/fpv4-sp/hard\libc_nano.a(lib_a-mprec.o)
                0x00000000080092a8                _Bfree
 .text.__multadd
                0x00000000080092d6       0x76 d:/program files (x86)/stm32cubeide_1.3.0/stm32cubeide/plugins/com.st.stm32cube.ide.mcu.externaltools.gnu-tools-for-stm32.7-2018-q2-update.win32_1.4.0.202007081208/tools/bin/../lib/gcc/arm-none-eabi/7.3.1/../../../../arm-none-eabi/lib/thumb/v7e-m/fpv4-sp/hard\libc_nano.a(lib_a-mprec.o)
                0x00000000080092d6                __multadd
 .text.__hi0bits
                0x000000000800934c       0x3e d:/program files (x86)/stm32cubeide_1.3.0/stm32cubeide/plugins/com.st.stm32cube.ide.mcu.externaltools.gnu-tools-for-stm32.7-2018-q2-update.win32_1.4.0.202007081208/tools/bin/../lib/gcc/arm-none-eabi/7.3.1/../../../../arm-none-eabi/lib/thumb/v7e-m/fpv4-sp/hard\libc_nano.a(lib_a-mprec.o)
                0x000000000800934c                __hi0bits
 .text.__lo0bits
                0x000000000800938a       0x5e d:/program files (x86)/stm32cubeide_1.3.0/stm32cubeide/plugins/com.st.stm32cube.ide.mcu.externaltools.gnu-tools-for-stm32.7-2018-q2-update.win32_1.4.0.202007081208/tools/bin/../lib/gcc/arm-none-eabi/7.3.1/../../../../arm-none-eabi/lib/thumb/v7e-m/fpv4-sp/hard\libc_nano.a(lib_a-mprec.o)
                0x000000000800938a                __lo0bits
 .text.__i2b    0x00000000080093e8       0x12 d:/program files (x86)/stm32cubeide_1.3.0/stm32cubeide/plugins/com.st.stm32cube.ide.mcu.externaltools.gnu-tools-for-stm32.7-2018-q2-update.win32_1.4.0.202007081208/tools/bin/../lib/gcc/arm-none-eabi/7.3.1/../../../../arm-none-eabi/lib/thumb/v7e-m/fpv4-sp/hard\libc_nano.a(lib_a-mprec.o)
                0x00000000080093e8                __i2b
 .text.__multiply
                0x00000000080093fa      0x12c d:/program files (x86)/stm32cubeide_1.3.0/stm32cubeide/plugins/com.st.stm32cube.ide.mcu.externaltools.gnu-tools-for-stm32.7-2018-q2-update.win32_1.4.0.202007081208/tools/bin/../lib/gcc/arm-none-eabi/7.3.1/../../../../arm-none-eabi/lib/thumb/v7e-m/fpv4-sp/hard\libc_nano.a(lib_a-mprec.o)
                0x00000000080093fa                __multiply
 *fill*         0x0000000008009526        0x2 
 .text.__pow5mult
                0x0000000008009528       0x9c d:/program files (x86)/stm32cubeide_1.3.0/stm32cubeide/plugins/com.st.stm32cube.ide.mcu.externaltools.gnu-tools-for-stm32.7-2018-q2-update.win32_1.4.0.202007081208/tools/bin/../lib/gcc/arm-none-eabi/7.3.1/../../../../arm-none-eabi/lib/thumb/v7e-m/fpv4-sp/hard\libc_nano.a(lib_a-mprec.o)
                0x0000000008009528                __pow5mult
 .text.__lshift
                0x00000000080095c4       0xa8 d:/program files (x86)/stm32cubeide_1.3.0/stm32cubeide/plugins/com.st.stm32cube.ide.mcu.externaltools.gnu-tools-for-stm32.7-2018-q2-update.win32_1.4.0.202007081208/tools/bin/../lib/gcc/arm-none-eabi/7.3.1/../../../../arm-none-eabi/lib/thumb/v7e-m/fpv4-sp/hard\libc_nano.a(lib_a-mprec.o)
                0x00000000080095c4                __lshift
 .text.__mcmp   0x000000000800966c       0x34 d:/program files (x86)/stm32cubeide_1.3.0/stm32cubeide/plugins/com.st.stm32cube.ide.mcu.externaltools.gnu-tools-for-stm32.7-2018-q2-update.win32_1.4.0.202007081208/tools/bin/../lib/gcc/arm-none-eabi/7.3.1/../../../../arm-none-eabi/lib/thumb/v7e-m/fpv4-sp/hard\libc_nano.a(lib_a-mprec.o)
                0x000000000800966c                __mcmp
 .text.__mdiff  0x00000000080096a0       0xba d:/program files (x86)/stm32cubeide_1.3.0/stm32cubeide/plugins/com.st.stm32cube.ide.mcu.externaltools.gnu-tools-for-stm32.7-2018-q2-update.win32_1.4.0.202007081208/tools/bin/../lib/gcc/arm-none-eabi/7.3.1/../../../../arm-none-eabi/lib/thumb/v7e-m/fpv4-sp/hard\libc_nano.a(lib_a-mprec.o)
                0x00000000080096a0                __mdiff
 .text.__d2b    0x000000000800975a       0x9e d:/program files (x86)/stm32cubeide_1.3.0/stm32cubeide/plugins/com.st.stm32cube.ide.mcu.externaltools.gnu-tools-for-stm32.7-2018-q2-update.win32_1.4.0.202007081208/tools/bin/../lib/gcc/arm-none-eabi/7.3.1/../../../../arm-none-eabi/lib/thumb/v7e-m/fpv4-sp/hard\libc_nano.a(lib_a-mprec.o)
                0x000000000800975a                __d2b
 .text._calloc_r
                0x00000000080097f8       0x1c d:/program files (x86)/stm32cubeide_1.3.0/stm32cubeide/plugins/com.st.stm32cube.ide.mcu.externaltools.gnu-tools-for-stm32.7-2018-q2-update.win32_1.4.0.202007081208/tools/bin/../lib/gcc/arm-none-eabi/7.3.1/../../../../arm-none-eabi/lib/thumb/v7e-m/fpv4-sp/hard\libc_nano.a(lib_a-nano-callocr.o)
                0x00000000080097f8                _calloc_r
 .text.__ssputs_r
                0x0000000008009814       0xb4 d:/program files (x86)/stm32cubeide_1.3.0/stm32cubeide/plugins/com.st.stm32cube.ide.mcu.externaltools.gnu-tools-for-stm32.7-2018-q2-update.win32_1.4.0.202007081208/tools/bin/../lib/gcc/arm-none-eabi/7.3.1/../../../../arm-none-eabi/lib/thumb/v7e-m/fpv4-sp/hard\libc_nano.a(lib_a-nano-svfprintf.o)
                0x0000000008009814                __ssputs_r
 .text._svfprintf_r
                0x00000000080098c8      0x1f0 d:/program files (x86)/stm32cubeide_1.3.0/stm32cubeide/plugins/com.st.stm32cube.ide.mcu.externaltools.gnu-tools-for-stm32.7-2018-q2-update.win32_1.4.0.202007081208/tools/bin/../lib/gcc/arm-none-eabi/7.3.1/../../../../arm-none-eabi/lib/thumb/v7e-m/fpv4-sp/hard\libc_nano.a(lib_a-nano-svfprintf.o)
                0x00000000080098c8                _svfiprintf_r
                0x00000000080098c8                _svfprintf_r
 .text.__ascii_mbtowc
                0x0000000008009ab8       0x24 d:/program files (x86)/stm32cubeide_1.3.0/stm32cubeide/plugins/com.st.stm32cube.ide.mcu.externaltools.gnu-tools-for-stm32.7-2018-q2-update.win32_1.4.0.202007081208/tools/bin/../lib/gcc/arm-none-eabi/7.3.1/../../../../arm-none-eabi/lib/thumb/v7e-m/fpv4-sp/hard\libc_nano.a(lib_a-mbtowc_r.o)
                0x0000000008009ab8                __ascii_mbtowc
 .text.memmove  0x0000000008009adc       0x32 d:/program files (x86)/stm32cubeide_1.3.0/stm32cubeide/plugins/com.st.stm32cube.ide.mcu.externaltools.gnu-tools-for-stm32.7-2018-q2-update.win32_1.4.0.202007081208/tools/bin/../lib/gcc/arm-none-eabi/7.3.1/../../../../arm-none-eabi/lib/thumb/v7e-m/fpv4-sp/hard\libc_nano.a(lib_a-memmove.o)
                0x0000000008009adc                memmove
 .text._realloc_r
                0x0000000008009b0e       0x4c d:/program files (x86)/stm32cubeide_1.3.0/stm32cubeide/plugins/com.st.stm32cube.ide.mcu.externaltools.gnu-tools-for-stm32.7-2018-q2-update.win32_1.4.0.202007081208/tools/bin/../lib/gcc/arm-none-eabi/7.3.1/../../../../arm-none-eabi/lib/thumb/v7e-m/fpv4-sp/hard\libc_nano.a(lib_a-nano-reallocr.o)
                0x0000000008009b0e                _realloc_r
 .text.__ascii_wctomb
                0x0000000008009b5a       0x1a d:/program files (x86)/stm32cubeide_1.3.0/stm32cubeide/plugins/com.st.stm32cube.ide.mcu.externaltools.gnu-tools-for-stm32.7-2018-q2-update.win32_1.4.0.202007081208/tools/bin/../lib/gcc/arm-none-eabi/7.3.1/../../../../arm-none-eabi/lib/thumb/v7e-m/fpv4-sp/hard\libc_nano.a(lib_a-wctomb_r.o)
                0x0000000008009b5a                __ascii_wctomb
 .text._malloc_usable_size_r
                0x0000000008009b74       0x10 d:/program files (x86)/stm32cubeide_1.3.0/stm32cubeide/plugins/com.st.stm32cube.ide.mcu.externaltools.gnu-tools-for-stm32.7-2018-q2-update.win32_1.4.0.202007081208/tools/bin/../lib/gcc/arm-none-eabi/7.3.1/../../../../arm-none-eabi/lib/thumb/v7e-m/fpv4-sp/hard\libc_nano.a(lib_a-nano-msizer.o)
                0x0000000008009b74                _malloc_usable_size_r
 .text.atan2    0x0000000008009b84        0x4 d:/program files (x86)/stm32cubeide_1.3.0/stm32cubeide/plugins/com.st.stm32cube.ide.mcu.externaltools.gnu-tools-for-stm32.7-2018-q2-update.win32_1.4.0.202007081208/tools/bin/../lib/gcc/arm-none-eabi/7.3.1/../../../../arm-none-eabi/lib/thumb/v7e-m/fpv4-sp/hard\libm.a(lib_a-w_atan2.o)
                0x0000000008009b84                atan2
 .text.__ieee754_atan2
                0x0000000008009b88      0x1bc d:/program files (x86)/stm32cubeide_1.3.0/stm32cubeide/plugins/com.st.stm32cube.ide.mcu.externaltools.gnu-tools-for-stm32.7-2018-q2-update.win32_1.4.0.202007081208/tools/bin/../lib/gcc/arm-none-eabi/7.3.1/../../../../arm-none-eabi/lib/thumb/v7e-m/fpv4-sp/hard\libm.a(lib_a-e_atan2.o)
                0x0000000008009b88                __ieee754_atan2
 *fill*         0x0000000008009d44        0x4 
 .text.atan     0x0000000008009d48      0x340 d:/program files (x86)/stm32cubeide_1.3.0/stm32cubeide/plugins/com.st.stm32cube.ide.mcu.externaltools.gnu-tools-for-stm32.7-2018-q2-update.win32_1.4.0.202007081208/tools/bin/../lib/gcc/arm-none-eabi/7.3.1/../../../../arm-none-eabi/lib/thumb/v7e-m/fpv4-sp/hard\libm.a(lib_a-s_atan.o)
                0x0000000008009d48                atan
 .text.fabs     0x000000000800a088       0x12 d:/program files (x86)/stm32cubeide_1.3.0/stm32cubeide/plugins/com.st.stm32cube.ide.mcu.externaltools.gnu-tools-for-stm32.7-2018-q2-update.win32_1.4.0.202007081208/tools/bin/../lib/gcc/arm-none-eabi/7.3.1/../../../../arm-none-eabi/lib/thumb/v7e-m/fpv4-sp/hard\libm.a(lib_a-s_fabs.o)
                0x000000000800a088                fabs
 *(.glue_7)
 .glue_7        0x000000000800a09a        0x0 linker stubs
 *(.glue_7t)
 .glue_7t       0x000000000800a09a        0x0 linker stubs
 *(.eh_frame)
 *fill*         0x000000000800a09a        0x2 
 .eh_frame      0x000000000800a09c        0x0 d:/program files (x86)/stm32cubeide_1.3.0/stm32cubeide/plugins/com.st.stm32cube.ide.mcu.externaltools.gnu-tools-for-stm32.7-2018-q2-update.win32_1.4.0.202007081208/tools/bin/../lib/gcc/arm-none-eabi/7.3.1/thumb/v7e-m/fpv4-sp/hard/crtbegin.o
 *(.init)
 .init          0x000000000800a09c        0x4 d:/program files (x86)/stm32cubeide_1.3.0/stm32cubeide/plugins/com.st.stm32cube.ide.mcu.externaltools.gnu-tools-for-stm32.7-2018-q2-update.win32_1.4.0.202007081208/tools/bin/../lib/gcc/arm-none-eabi/7.3.1/thumb/v7e-m/fpv4-sp/hard/crti.o
                0x000000000800a09c                _init
 .init          0x000000000800a0a0        0x8 d:/program files (x86)/stm32cubeide_1.3.0/stm32cubeide/plugins/com.st.stm32cube.ide.mcu.externaltools.gnu-tools-for-stm32.7-2018-q2-update.win32_1.4.0.202007081208/tools/bin/../lib/gcc/arm-none-eabi/7.3.1/thumb/v7e-m/fpv4-sp/hard/crtn.o
 *(.fini)
 .fini          0x000000000800a0a8        0x4 d:/program files (x86)/stm32cubeide_1.3.0/stm32cubeide/plugins/com.st.stm32cube.ide.mcu.externaltools.gnu-tools-for-stm32.7-2018-q2-update.win32_1.4.0.202007081208/tools/bin/../lib/gcc/arm-none-eabi/7.3.1/thumb/v7e-m/fpv4-sp/hard/crti.o
                0x000000000800a0a8                _fini
 .fini          0x000000000800a0ac        0x8 d:/program files (x86)/stm32cubeide_1.3.0/stm32cubeide/plugins/com.st.stm32cube.ide.mcu.externaltools.gnu-tools-for-stm32.7-2018-q2-update.win32_1.4.0.202007081208/tools/bin/../lib/gcc/arm-none-eabi/7.3.1/thumb/v7e-m/fpv4-sp/hard/crtn.o
                0x000000000800a0b4                . = ALIGN (0x4)
                0x000000000800a0b4                _etext = .

.vfp11_veneer   0x000000000800a0b4        0x0
 .vfp11_veneer  0x000000000800a0b4        0x0 linker stubs

.v4_bx          0x000000000800a0b4        0x0
 .v4_bx         0x000000000800a0b4        0x0 linker stubs

.iplt           0x000000000800a0b4        0x0
 .iplt          0x000000000800a0b4        0x0 d:/program files (x86)/stm32cubeide_1.3.0/stm32cubeide/plugins/com.st.stm32cube.ide.mcu.externaltools.gnu-tools-for-stm32.7-2018-q2-update.win32_1.4.0.202007081208/tools/bin/../lib/gcc/arm-none-eabi/7.3.1/thumb/v7e-m/fpv4-sp/hard/crtbegin.o

.rodata         0x000000000800a0b8      0x380
                0x000000000800a0b8                . = ALIGN (0x4)
 *(.rodata)
 *(.rodata*)
 .rodata.StartDefaultTask.str1.4
                0x000000000800a0b8       0x2b Core/Src/main.o
 *fill*         0x000000000800a0e3        0x1 
 .rodata.defaultTask_attributes
                0x000000000800a0e4       0x24 Core/Src/main.o
                0x000000000800a0e4                defaultTask_attributes
 .rodata.str1.4
                0x000000000800a108        0xc Core/Src/main.o
 .rodata.AHBPrescTable
                0x000000000800a114       0x10 Core/Src/system_stm32f4xx.o
                0x000000000800a114                AHBPrescTable
 .rodata.APBPrescTable
                0x000000000800a124        0x8 Core/Src/system_stm32f4xx.o
                0x000000000800a124                APBPrescTable
 .rodata.GPIO_PIN
                0x000000000800a12c        0x8 Drivers/BSP/STM32F411E-Discovery/stm32f411e_discovery.o
                0x000000000800a12c                GPIO_PIN
 .rodata.vTaskStartScheduler.str1.4
                0x000000000800a134        0x5 Middlewares/Third_Party/FreeRTOS/Source/tasks.o
 *fill*         0x000000000800a139        0x3 
 .rodata.xTimerCreateTimerTask.str1.4
                0x000000000800a13c       0x10 Middlewares/Third_Party/FreeRTOS/Source/timers.o
 .rodata.USBD_FS_ConfigStrDescriptor.str1.4
                0x000000000800a14c        0xb USB_DEVICE/App/usbd_desc.o
 *fill*         0x000000000800a157        0x1 
 .rodata.USBD_FS_InterfaceStrDescriptor.str1.4
                0x000000000800a158        0xe USB_DEVICE/App/usbd_desc.o
 *fill*         0x000000000800a166        0x2 
 .rodata.USBD_FS_ManufacturerStrDescriptor.str1.4
                0x000000000800a168       0x13 USB_DEVICE/App/usbd_desc.o
 *fill*         0x000000000800a17b        0x1 
 .rodata.USBD_FS_ProductStrDescriptor.str1.4
                0x000000000800a17c       0x18 USB_DEVICE/App/usbd_desc.o
                                         0x16 (size before relaxing)
 .rodata.CSWTCH.21
                0x000000000800a194        0x4 USB_DEVICE/Target/usbd_conf.o
 .rodata._printf_float.str1.1
                0x000000000800a198       0x12 d:/program files (x86)/stm32cubeide_1.3.0/stm32cubeide/plugins/com.st.stm32cube.ide.mcu.externaltools.gnu-tools-for-stm32.7-2018-q2-update.win32_1.4.0.202007081208/tools/bin/../lib/gcc/arm-none-eabi/7.3.1/../../../../arm-none-eabi/lib/thumb/v7e-m/fpv4-sp/hard\libc_nano.a(lib_a-nano-vfprintf_float.o)
 .rodata._printf_i.str1.1
                0x000000000800a1aa       0x22 d:/program files (x86)/stm32cubeide_1.3.0/stm32cubeide/plugins/com.st.stm32cube.ide.mcu.externaltools.gnu-tools-for-stm32.7-2018-q2-update.win32_1.4.0.202007081208/tools/bin/../lib/gcc/arm-none-eabi/7.3.1/../../../../arm-none-eabi/lib/thumb/v7e-m/fpv4-sp/hard\libc_nano.a(lib_a-nano-vfprintf_i.o)
 .rodata._dtoa_r.str1.1
                0x000000000800a1cc        0xd d:/program files (x86)/stm32cubeide_1.3.0/stm32cubeide/plugins/com.st.stm32cube.ide.mcu.externaltools.gnu-tools-for-stm32.7-2018-q2-update.win32_1.4.0.202007081208/tools/bin/../lib/gcc/arm-none-eabi/7.3.1/../../../../arm-none-eabi/lib/thumb/v7e-m/fpv4-sp/hard\libc_nano.a(lib_a-dtoa.o)
                                          0xf (size before relaxing)
 *fill*         0x000000000800a1d9        0x7 
 .rodata.__mprec_bigtens
                0x000000000800a1e0       0x28 d:/program files (x86)/stm32cubeide_1.3.0/stm32cubeide/plugins/com.st.stm32cube.ide.mcu.externaltools.gnu-tools-for-stm32.7-2018-q2-update.win32_1.4.0.202007081208/tools/bin/../lib/gcc/arm-none-eabi/7.3.1/../../../../arm-none-eabi/lib/thumb/v7e-m/fpv4-sp/hard\libc_nano.a(lib_a-mprec.o)
                0x000000000800a1e0                __mprec_bigtens
 .rodata.__mprec_tens
                0x000000000800a208       0xc8 d:/program files (x86)/stm32cubeide_1.3.0/stm32cubeide/plugins/com.st.stm32cube.ide.mcu.externaltools.gnu-tools-for-stm32.7-2018-q2-update.win32_1.4.0.202007081208/tools/bin/../lib/gcc/arm-none-eabi/7.3.1/../../../../arm-none-eabi/lib/thumb/v7e-m/fpv4-sp/hard\libc_nano.a(lib_a-mprec.o)
                0x000000000800a208                __mprec_tens
 .rodata.p05.7359
                0x000000000800a2d0        0xc d:/program files (x86)/stm32cubeide_1.3.0/stm32cubeide/plugins/com.st.stm32cube.ide.mcu.externaltools.gnu-tools-for-stm32.7-2018-q2-update.win32_1.4.0.202007081208/tools/bin/../lib/gcc/arm-none-eabi/7.3.1/../../../../arm-none-eabi/lib/thumb/v7e-m/fpv4-sp/hard\libc_nano.a(lib_a-mprec.o)
 .rodata._svfprintf_r.str1.1
                0x000000000800a2dc       0x11 d:/program files (x86)/stm32cubeide_1.3.0/stm32cubeide/plugins/com.st.stm32cube.ide.mcu.externaltools.gnu-tools-for-stm32.7-2018-q2-update.win32_1.4.0.202007081208/tools/bin/../lib/gcc/arm-none-eabi/7.3.1/../../../../arm-none-eabi/lib/thumb/v7e-m/fpv4-sp/hard\libc_nano.a(lib_a-nano-svfprintf.o)
 .rodata._setlocale_r.str1.1
                0x000000000800a2ed        0x8 d:/program files (x86)/stm32cubeide_1.3.0/stm32cubeide/plugins/com.st.stm32cube.ide.mcu.externaltools.gnu-tools-for-stm32.7-2018-q2-update.win32_1.4.0.202007081208/tools/bin/../lib/gcc/arm-none-eabi/7.3.1/../../../../arm-none-eabi/lib/thumb/v7e-m/fpv4-sp/hard\libc_nano.a(lib_a-locale.o)
                                          0x9 (size before relaxing)
 .rodata.str1.1
                0x000000000800a2f5        0x2 d:/program files (x86)/stm32cubeide_1.3.0/stm32cubeide/plugins/com.st.stm32cube.ide.mcu.externaltools.gnu-tools-for-stm32.7-2018-q2-update.win32_1.4.0.202007081208/tools/bin/../lib/gcc/arm-none-eabi/7.3.1/../../../../arm-none-eabi/lib/thumb/v7e-m/fpv4-sp/hard\libc_nano.a(lib_a-locale.o)
 .rodata._ctype_
                0x000000000800a2f7      0x101 d:/program files (x86)/stm32cubeide_1.3.0/stm32cubeide/plugins/com.st.stm32cube.ide.mcu.externaltools.gnu-tools-for-stm32.7-2018-q2-update.win32_1.4.0.202007081208/tools/bin/../lib/gcc/arm-none-eabi/7.3.1/../../../../arm-none-eabi/lib/thumb/v7e-m/fpv4-sp/hard\libc_nano.a(lib_a-ctype_.o)
                0x000000000800a2f7                _ctype_
 .rodata.atanhi
                0x000000000800a3f8       0x20 d:/program files (x86)/stm32cubeide_1.3.0/stm32cubeide/plugins/com.st.stm32cube.ide.mcu.externaltools.gnu-tools-for-stm32.7-2018-q2-update.win32_1.4.0.202007081208/tools/bin/../lib/gcc/arm-none-eabi/7.3.1/../../../../arm-none-eabi/lib/thumb/v7e-m/fpv4-sp/hard\libm.a(lib_a-s_atan.o)
 .rodata.atanlo
                0x000000000800a418       0x20 d:/program files (x86)/stm32cubeide_1.3.0/stm32cubeide/plugins/com.st.stm32cube.ide.mcu.externaltools.gnu-tools-for-stm32.7-2018-q2-update.win32_1.4.0.202007081208/tools/bin/../lib/gcc/arm-none-eabi/7.3.1/../../../../arm-none-eabi/lib/thumb/v7e-m/fpv4-sp/hard\libm.a(lib_a-s_atan.o)
                0x000000000800a438                . = ALIGN (0x4)

.ARM.extab      0x000000000800a438        0x0
                0x000000000800a438                . = ALIGN (0x4)
 *(.ARM.extab* .gnu.linkonce.armextab.*)
                0x000000000800a438                . = ALIGN (0x4)

.ARM            0x000000000800a438        0x8
                0x000000000800a438                . = ALIGN (0x4)
                0x000000000800a438                __exidx_start = .
 *(.ARM.exidx*)
 .ARM.exidx     0x000000000800a438        0x8 d:/program files (x86)/stm32cubeide_1.3.0/stm32cubeide/plugins/com.st.stm32cube.ide.mcu.externaltools.gnu-tools-for-stm32.7-2018-q2-update.win32_1.4.0.202007081208/tools/bin/../lib/gcc/arm-none-eabi/7.3.1/thumb/v7e-m/fpv4-sp/hard\libgcc.a(_udivmoddi4.o)
                0x000000000800a440                __exidx_end = .
                0x000000000800a440                . = ALIGN (0x4)

.rel.dyn        0x000000000800a440        0x0
 .rel.iplt      0x000000000800a440        0x0 d:/program files (x86)/stm32cubeide_1.3.0/stm32cubeide/plugins/com.st.stm32cube.ide.mcu.externaltools.gnu-tools-for-stm32.7-2018-q2-update.win32_1.4.0.202007081208/tools/bin/../lib/gcc/arm-none-eabi/7.3.1/thumb/v7e-m/fpv4-sp/hard/crtbegin.o

.preinit_array  0x000000000800a440        0x0
                0x000000000800a440                . = ALIGN (0x4)
                0x000000000800a440                PROVIDE (__preinit_array_start = .)
 *(.preinit_array*)
                0x000000000800a440                PROVIDE (__preinit_array_end = .)
                0x000000000800a440                . = ALIGN (0x4)

.init_array     0x000000000800a440        0x4
                0x000000000800a440                . = ALIGN (0x4)
                0x000000000800a440                PROVIDE (__init_array_start = .)
 *(SORT_BY_NAME(.init_array.*))
 *(.init_array*)
 .init_array    0x000000000800a440        0x4 d:/program files (x86)/stm32cubeide_1.3.0/stm32cubeide/plugins/com.st.stm32cube.ide.mcu.externaltools.gnu-tools-for-stm32.7-2018-q2-update.win32_1.4.0.202007081208/tools/bin/../lib/gcc/arm-none-eabi/7.3.1/thumb/v7e-m/fpv4-sp/hard/crtbegin.o
                0x000000000800a444                PROVIDE (__init_array_end = .)
                0x000000000800a444                . = ALIGN (0x4)

.fini_array     0x000000000800a444        0x4
                0x000000000800a444                . = ALIGN (0x4)
                [!provide]                        PROVIDE (__fini_array_start = .)
 *(SORT_BY_NAME(.fini_array.*))
 *(.fini_array*)
 .fini_array    0x000000000800a444        0x4 d:/program files (x86)/stm32cubeide_1.3.0/stm32cubeide/plugins/com.st.stm32cube.ide.mcu.externaltools.gnu-tools-for-stm32.7-2018-q2-update.win32_1.4.0.202007081208/tools/bin/../lib/gcc/arm-none-eabi/7.3.1/thumb/v7e-m/fpv4-sp/hard/crtbegin.o
                [!provide]                        PROVIDE (__fini_array_end = .)
                0x000000000800a448                . = ALIGN (0x4)
                0x000000000800a448                _sidata = LOADADDR (.data)

.data           0x0000000020000000      0x370 load address 0x000000000800a448
                0x0000000020000000                . = ALIGN (0x4)
                0x0000000020000000                _sdata = .
 *(.data)