main.cpp:428:6:void StartDefaultTask(void*)	48	static
main.cpp:500:6:void ESPTask(void*)	8	static
main.cpp:80:6:void HAL_UART_AbortReceiveCpltCallback(UART_HandleTypeDef*)	8	static
main.cpp:86:6:void HAL_UART_RxHalfCpltCallback(UART_HandleTypeDef*)	8	static
main.cpp:91:6:void HAL_UART_ErrorCallback(UART_HandleTypeDef*)	48	static
main.cpp:104:6:void HAL_UART_AbortCpltCallback(UART_HandleTypeDef*)	8	static
main.cpp:110:6:void HAL_UART_RxCpltCallback(UART_HandleTypeDef*)	0	static
main.cpp:247:6:void SystemClock_Config()	96	static
main.cpp:136:5:int main()	80	static
main.cpp:537:6:void HAL_TIM_PeriodElapsedCallback(TIM_HandleTypeDef*)	0	static
main.cpp:553:6:void Error_Handler()	0	static
