lsm303dlhc.c:122:6:LSM303DLHC_AccDeInit	0	static
lsm303dlhc.c:98:6:LSM303DLHC_AccInit	8	static
lsm303dlhc.c:130:9:LSM303DLHC_AccReadID	8	static
lsm303dlhc.c:147:6:LSM303DLHC_AccRebootCmd	8	static
lsm303dlhc.c:165:6:LSM303DLHC_AccFilterConfig	8	static
lsm303dlhc.c:186:6:LSM303DLHC_AccFilterCmd	8	static
lsm303dlhc.c:205:6:LSM303DLHC_AccReadXYZ	32	static
lsm303dlhc.c:269:6:LSM303DLHC_AccFilterClickCmd	8	static
lsm303dlhc.c:296:6:LSM303DLHC_AccIT1Enable	8	static
lsm303dlhc.c:322:6:LSM303DLHC_AccIT1Disable	8	static
lsm303dlhc.c:347:6:LSM303DLHC_AccIT2Enable	8	static
lsm303dlhc.c:372:6:LSM303DLHC_AccIT2Disable	8	static
lsm303dlhc.c:391:6:LSM303DLHC_AccINT1InterruptEnable	16	static
lsm303dlhc.c:410:6:LSM303DLHC_AccINT1InterruptDisable	16	static
lsm303dlhc.c:429:6:LSM303DLHC_AccINT2InterruptEnable	16	static
lsm303dlhc.c:448:6:LSM303DLHC_AccINT2InterruptDisable	16	static
lsm303dlhc.c:466:6:LSM303DLHC_AccClickITEnable	8	static
lsm303dlhc.c:518:6:LSM303DLHC_AccZClickITConfig	8	static
lsm303dlhc.c:500:6:LSM303DLHC_AccClickITDisable	8	static
lsm303dlhc.c:536:9:LSM303DLHC_TempRead	8	static
lsm303dlhc.c:554:6:LSM303DLHC_MagInit	16	static
lsm303dlhc.c:582:9:LSM303DLHC_MagGetDataStatus	0	static
lsm303dlhc.c:591:6:LSM303DLHC_Mag_Read	32	static
