Archive member included to satisfy reference by file (symbol)

d:/program files (x86)/stm32cubeide_1.3.0/stm32cubeide/plugins/com.st.stm32cube.ide.mcu.externaltools.gnu-tools-for-stm32.7-2018-q2-update.win32_1.5.0.202011040924/tools/bin/../lib/gcc/arm-none-eabi/7.3.1/../../../../arm-none-eabi/lib/thumb/v7e-m/fpv4-sp/hard\libm.a(lib_a-w_atan2.o)
                              Core/Src/mems.o (atan2)
d:/program files (x86)/stm32cubeide_1.3.0/stm32cubeide/plugins/com.st.stm32cube.ide.mcu.externaltools.gnu-tools-for-stm32.7-2018-q2-update.win32_1.5.0.202011040924/tools/bin/../lib/gcc/arm-none-eabi/7.3.1/../../../../arm-none-eabi/lib/thumb/v7e-m/fpv4-sp/hard\libm.a(lib_a-e_atan2.o)
                              d:/program files (x86)/stm32cubeide_1.3.0/stm32cubeide/plugins/com.st.stm32cube.ide.mcu.externaltools.gnu-tools-for-stm32.7-2018-q2-update.win32_1.5.0.202011040924/tools/bin/../lib/gcc/arm-none-eabi/7.3.1/../../../../arm-none-eabi/lib/thumb/v7e-m/fpv4-sp/hard\libm.a(lib_a-w_atan2.o) (__ieee754_atan2)
d:/program files (x86)/stm32cubeide_1.3.0/stm32cubeide/plugins/com.st.stm32cube.ide.mcu.externaltools.gnu-tools-for-stm32.7-2018-q2-update.win32_1.5.0.202011040924/tools/bin/../lib/gcc/arm-none-eabi/7.3.1/../../../../arm-none-eabi/lib/thumb/v7e-m/fpv4-sp/hard\libm.a(lib_a-s_atan.o)
                              d:/program files (x86)/stm32cubeide_1.3.0/stm32cubeide/plugins/com.st.stm32cube.ide.mcu.externaltools.gnu-tools-for-stm32.7-2018-q2-update.win32_1.5.0.202011040924/tools/bin/../lib/gcc/arm-none-eabi/7.3.1/../../../../arm-none-eabi/lib/thumb/v7e-m/fpv4-sp/hard\libm.a(lib_a-e_atan2.o) (atan)
d:/program files (x86)/stm32cubeide_1.3.0/stm32cubeide/plugins/com.st.stm32cube.ide.mcu.externaltools.gnu-tools-for-stm32.7-2018-q2-update.win32_1.5.0.202011040924/tools/bin/../lib/gcc/arm-none-eabi/7.3.1/../../../../arm-none-eabi/lib/thumb/v7e-m/fpv4-sp/hard\libm.a(lib_a-s_fabs.o)
                              d:/program files (x86)/stm32cubeide_1.3.0/stm32cubeide/plugins/com.st.stm32cube.ide.mcu.externaltools.gnu-tools-for-stm32.7-2018-q2-update.win32_1.5.0.202011040924/tools/bin/../lib/gcc/arm-none-eabi/7.3.1/../../../../arm-none-eabi/lib/thumb/v7e-m/fpv4-sp/hard\libm.a(lib_a-e_atan2.o) (fabs)
d:/program files (x86)/stm32cubeide_1.3.0/stm32cubeide/plugins/com.st.stm32cube.ide.mcu.externaltools.gnu-tools-for-stm32.7-2018-q2-update.win32_1.5.0.202011040924/tools/bin/../lib/gcc/arm-none-eabi/7.3.1/../../../../arm-none-eabi/lib/thumb/v7e-m/fpv4-sp/hard\libc_nano.a(lib_a-errno.o)
                              Core/Src/syscalls.o (__errno)
d:/program files (x86)/stm32cubeide_1.3.0/stm32cubeide/plugins/com.st.stm32cube.ide.mcu.externaltools.gnu-tools-for-stm32.7-2018-q2-update.win32_1.5.0.202011040924/tools/bin/../lib/gcc/arm-none-eabi/7.3.1/../../../../arm-none-eabi/lib/thumb/v7e-m/fpv4-sp/hard\libc_nano.a(lib_a-exit.o)
                              d:/program files (x86)/stm32cubeide_1.3.0/stm32cubeide/plugins/com.st.stm32cube.ide.mcu.externaltools.gnu-tools-for-stm32.7-2018-q2-update.win32_1.5.0.202011040924/tools/bin/../lib/gcc/arm-none-eabi/7.3.1/../../../../arm-none-eabi/lib/thumb/v7e-m/fpv4-sp/hard/crt0.o (exit)
d:/program files (x86)/stm32cubeide_1.3.0/stm32cubeide/plugins/com.st.stm32cube.ide.mcu.externaltools.gnu-tools-for-stm32.7-2018-q2-update.win32_1.5.0.202011040924/tools/bin/../lib/gcc/arm-none-eabi/7.3.1/../../../../arm-none-eabi/lib/thumb/v7e-m/fpv4-sp/hard\libc_nano.a(lib_a-impure.o)
                              d:/program files (x86)/stm32cubeide_1.3.0/stm32cubeide/plugins/com.st.stm32cube.ide.mcu.externaltools.gnu-tools-for-stm32.7-2018-q2-update.win32_1.5.0.202011040924/tools/bin/../lib/gcc/arm-none-eabi/7.3.1/../../../../arm-none-eabi/lib/thumb/v7e-m/fpv4-sp/hard\libc_nano.a(lib_a-exit.o) (_global_impure_ptr)
d:/program files (x86)/stm32cubeide_1.3.0/stm32cubeide/plugins/com.st.stm32cube.ide.mcu.externaltools.gnu-tools-for-stm32.7-2018-q2-update.win32_1.5.0.202011040924/tools/bin/../lib/gcc/arm-none-eabi/7.3.1/../../../../arm-none-eabi/lib/thumb/v7e-m/fpv4-sp/hard\libc_nano.a(lib_a-init.o)
                              d:/program files (x86)/stm32cubeide_1.3.0/stm32cubeide/plugins/com.st.stm32cube.ide.mcu.externaltools.gnu-tools-for-stm32.7-2018-q2-update.win32_1.5.0.202011040924/tools/bin/../lib/gcc/arm-none-eabi/7.3.1/../../../../arm-none-eabi/lib/thumb/v7e-m/fpv4-sp/hard/crt0.o (__libc_init_array)
d:/program files (x86)/stm32cubeide_1.3.0/stm32cubeide/plugins/com.st.stm32cube.ide.mcu.externaltools.gnu-tools-for-stm32.7-2018-q2-update.win32_1.5.0.202011040924/tools/bin/../lib/gcc/arm-none-eabi/7.3.1/../../../../arm-none-eabi/lib/thumb/v7e-m/fpv4-sp/hard\libc_nano.a(lib_a-malloc.o)
                              Middlewares/ST/STM32_USB_Device_Library/Class/CDC/Src/usbd_cdc.o (malloc)
[...]
Memory Configuration

Name             Origin             Length             Attributes
RAM              0x0000000020000000 0x0000000000020000 xrw
FLASH            0x0000000008000000 0x0000000000080000 xr
*default*        0x0000000000000000 0xffffffffffffffff

Linker script and memory map

LOAD d:/program files (x86)/stm32cubeide_1.3.0/stm32cubeide/plugins/com.st.stm32cube.ide.mcu.externaltools.gnu-tools-for-stm32.7-2018-q2-update.win32_1.5.0.202011040924/tools/bin/../lib/gcc/arm-none-eabi/7.3.1/thumb/v7e-m/fpv4-sp/hard/crti.o
LOAD d:/program files (x86)/stm32cubeide_1.3.0/stm32cubeide/plugins/com.st.stm32cube.ide.mcu.externaltools.gnu-tools-for-stm32.7-2018-q2-update.win32_1.5.0.202011040924/tools/bin/../lib/gcc/arm-none-eabi/7.3.1/thumb/v7e-m/fpv4-sp/hard/crtbegin.o
LOAD d:/program files (x86)/stm32cubeide_1.3.0/stm32cubeide/plugins/com.st.stm32cube.ide.mcu.externaltools.gnu-tools-for-stm32.7-2018-q2-update.win32_1.5.0.202011040924/tools/bin/../lib/gcc/arm-none-eabi/7.3.1/../../../../arm-none-eabi/lib/thumb/v7e-m/fpv4-sp/hard/crt0.o
LOAD Core/Src/freertos.o
LOAD Core/Src/main.o
LOAD Core/Src/mems.o
LOAD Core/Src/outputs.o
LOAD Core/Src/stm32f4xx_hal_msp.o
LOAD Core/Src/stm32f4xx_hal_timebase_tim.o
LOAD Core/Src/stm32f4xx_it.o
LOAD Core/Src/syscalls.o
LOAD Core/Src/sysmem.o
LOAD Core/Src/system_stm32f4xx.o
LOAD Core/Src/utils.o
LOAD Core/Startup/startup_stm32f411vetx.o
LOAD Drivers/BSP/Components/l3gd20/l3gd20.o
LOAD Drivers/BSP/Components/lsm303dlhc/lsm303dlhc.o
LOAD Drivers/BSP/STM32F411E-Discovery/stm32f411e_discovery.o
LOAD Drivers/BSP/STM32F411E-Discovery/stm32f411e_discovery_accelerometer.o
LOAD Drivers/BSP/STM32F411E-Discovery/stm32f411e_discovery_gyroscope.o
LOAD Drivers/STM32F4xx_HAL_Driver/Src/stm32f4xx_hal.o
LOAD Drivers/STM32F4xx_HAL_Driver/Src/stm32f4xx_hal_cortex.o
LOAD Drivers/STM32F4xx_HAL_Driver/Src/stm32f4xx_hal_dma.o
LOAD Drivers/STM32F4xx_HAL_Driver/Src/stm32f4xx_hal_dma_ex.o
LOAD Drivers/STM32F4xx_HAL_Driver/Src/stm32f4xx_hal_exti.o
LOAD Drivers/STM32F4xx_HAL_Driver/Src/stm32f4xx_hal_flash.o
LOAD Drivers/STM32F4xx_HAL_Driver/Src/stm32f4xx_hal_flash_ex.o
LOAD Drivers/STM32F4xx_HAL_Driver/Src/stm32f4xx_hal_flash_ramfunc.o
LOAD Drivers/STM32F4xx_HAL_Driver/Src/stm32f4xx_hal_gpio.o
LOAD Drivers/STM32F4xx_HAL_Driver/Src/stm32f4xx_hal_pcd.o
LOAD Drivers/STM32F4xx_HAL_Driver/Src/stm32f4xx_hal_pcd_ex.o
LOAD Drivers/STM32F4xx_HAL_Driver/Src/stm32f4xx_hal_pwr.o
LOAD Drivers/STM32F4xx_HAL_Driver/Src/stm32f4xx_hal_pwr_ex.o
LOAD Drivers/STM32F4xx_HAL_Driver/Src/stm32f4xx_hal_rcc.o
LOAD Drivers/STM32F4xx_HAL_Driver/Src/stm32f4xx_hal_rcc_ex.o
LOAD Drivers/STM32F4xx_HAL_Driver/Src/stm32f4xx_hal_tim.o
LOAD Drivers/STM32F4xx_HAL_Driver/Src/stm32f4xx_hal_tim_ex.o
LOAD Drivers/STM32F4xx_HAL_Driver/Src/stm32f4xx_hal_uart.o
LOAD Drivers/STM32F4xx_HAL_Driver/Src/stm32f4xx_ll_usb.o
LOAD Drivers/STM32F4xx_My_Driver/Src/stm32f4xx_hal_i2c.o
LOAD Drivers/STM32F4xx_My_Driver/Src/stm32f4xx_hal_i2c_ex.o
LOAD Drivers/STM32F4xx_My_Driver/Src/stm32f4xx_hal_spi.o
LOAD Middlewares/ST/STM32_USB_Device_Library/Class/CDC/Src/usbd_cdc.o
LOAD Middlewares/ST/STM32_USB_Device_Library/Core/Src/usbd_core.o
LOAD Middlewares/ST/STM32_USB_Device_Library/Core/Src/usbd_ctlreq.o
LOAD Middlewares/ST/STM32_USB_Device_Library/Core/Src/usbd_ioreq.o
LOAD Middlewares/Third_Party/FreeRTOS/Source/CMSIS_RTOS_V2/cmsis_os2.o
LOAD Middlewares/Third_Party/FreeRTOS/Source/croutine.o
LOAD Middlewares/Third_Party/FreeRTOS/Source/event_groups.o
LOAD Middlewares/Third_Party/FreeRTOS/Source/list.o
LOAD Middlewares/Third_Party/FreeRTOS/Source/queue.o
LOAD Middlewares/Third_Party/FreeRTOS/Source/stream_buffer.o
LOAD Middlewares/Third_Party/FreeRTOS/Source/tasks.o
LOAD Middlewares/Third_Party/FreeRTOS/Source/timers.o
LOAD Middlewares/Third_Party/FreeRTOS/Source/portable/GCC/ARM_CM4F/port.o
LOAD Middlewares/Third_Party/FreeRTOS/Source/portable/MemMang/heap_4.o
LOAD USB_DEVICE/App/usb_device.o
LOAD USB_DEVICE/App/usbd_cdc_if.o
LOAD USB_DEVICE/App/usbd_desc.o
LOAD USB_DEVICE/Target/usbd_conf.o
START GROUP
LOAD d:/program files (x86)/stm32cubeide_1.3.0/stm32cubeide/plugins/com.st.stm32cube.ide.mcu.externaltools.gnu-tools-for-stm32.7-2018-q2-update.win32_1.5.0.202011040924/tools/bin/../lib/gcc/arm-none-eabi/7.3.1/../../../../arm-none-eabi/lib/thumb/v7e-m/fpv4-sp/hard\libstdc++_nano.a
LOAD d:/program files (x86)/stm32cubeide_1.3.0/stm32cubeide/plugins/com.st.stm32cube.ide.mcu.externaltools.gnu-tools-for-stm32.7-2018-q2-update.win32_1.5.0.202011040924/tools/bin/../lib/gcc/arm-none-eabi/7.3.1/../../../../arm-none-eabi/lib/thumb/v7e-m/fpv4-sp/hard\libsupc++_nano.a
END GROUP
LOAD d:/program files (x86)/stm32cubeide_1.3.0/stm32cubeide/plugins/com.st.stm32cube.ide.mcu.externaltools.gnu-tools-for-stm32.7-2018-q2-update.win32_1.5.0.202011040924/tools/bin/../lib/gcc/arm-none-eabi/7.3.1/../../../../arm-none-eabi/lib/thumb/v7e-m/fpv4-sp/hard\libstdc++_nano.a
LOAD d:/program files (x86)/stm32cubeide_1.3.0/stm32cubeide/plugins/com.st.stm32cube.ide.mcu.externaltools.gnu-tools-for-stm32.7-2018-q2-update.win32_1.5.0.202011040924/tools/bin/../lib/gcc/arm-none-eabi/7.3.1/../../../../arm-none-eabi/lib/thumb/v7e-m/fpv4-sp/hard\libm.a
LOAD d:/program files (x86)/stm32cubeide_1.3.0/stm32cubeide/plugins/com.st.stm32cube.ide.mcu.externaltools.gnu-tools-for-stm32.7-2018-q2-update.win32_1.5.0.202011040924/tools/bin/../lib/gcc/arm-none-eabi/7.3.1/../../../../arm-none-eabi/lib/thumb/v7e-m/fpv4-sp/hard\libc_nano.a
START GROUP
LOAD d:/program files (x86)/stm32cubeide_1.3.0/stm32cubeide/plugins/com.st.stm32cube.ide.mcu.externaltools.gnu-tools-for-stm32.7-2018-q2-update.win32_1.5.0.202011040924/tools/bin/../lib/gcc/arm-none-eabi/7.3.1/thumb/v7e-m/fpv4-sp/hard\libgcc.a
LOAD d:/program files (x86)/stm32cubeide_1.3.0/stm32cubeide/plugins/com.st.stm32cube.ide.mcu.externaltools.gnu-tools-for-stm32.7-2018-q2-update.win32_1.5.0.202011040924/tools/bin/../lib/gcc/arm-none-eabi/7.3.1/../../../../arm-none-eabi/lib/thumb/v7e-m/fpv4-sp/hard\libc_nano.a
END GROUP
START GROUP
LOAD d:/program files (x86)/stm32cubeide_1.3.0/stm32cubeide/plugins/com.st.stm32cube.ide.mcu.externaltools.gnu-tools-for-stm32.7-2018-q2-update.win32_1.5.0.202011040924/tools/bin/../lib/gcc/arm-none-eabi/7.3.1/thumb/v7e-m/fpv4-sp/hard\libgcc.a
LOAD d:/program files (x86)/stm32cubeide_1.3.0/stm32cubeide/plugins/com.st.stm32cube.ide.mcu.externaltools.gnu-tools-for-stm32.7-2018-q2-update.win32_1.5.0.202011040924/tools/bin/../lib/gcc/arm-none-eabi/7.3.1/../../../../arm-none-eabi/lib/thumb/v7e-m/fpv4-sp/hard\libc_nano.a
END GROUP
LOAD d:/program files (x86)/stm32cubeide_1.3.0/stm32cubeide/plugins/com.st.stm32cube.ide.mcu.externaltools.gnu-tools-for-stm32.7-2018-q2-update.win32_1.5.0.202011040924/tools/bin/../lib/gcc/arm-none-eabi/7.3.1/thumb/v7e-m/fpv4-sp/hard/crtend.o
LOAD d:/program files (x86)/stm32cubeide_1.3.0/stm32cubeide/plugins/com.st.stm32cube.ide.mcu.externaltools.gnu-tools-for-stm32.7-2018-q2-update.win32_1.5.0.202011040924/tools/bin/../lib/gcc/arm-none-eabi/7.3.1/thumb/v7e-m/fpv4-sp/hard/crtn.o
                0x0000000020020000                _estack = (ORIGIN (RAM) + LENGTH (RAM))
                0x0000000000000200                _Min_Heap_Size = 0x200
                0x0000000000000400                _Min_Stack_Size = 0x400

.isr_vector     0x0000000008000000      0x198
                0x0000000008000000                . = ALIGN (0x4)
 *(.isr_vector)
 .isr_vector    0x0000000008000000      0x198 Core/Startup/startup_stm32f411vetx.o
                0x0000000008000000                g_pfnVectors
                0x0000000008000198                . = ALIGN (0x4)

.text           0x00000000080001a0     0x6fb8
                0x00000000080001a0                . = ALIGN (0x4)
 *(.text)
 .text          0x00000000080001a0       0x40 d:/program files (x86)/stm32cubeide_1.3.0/stm32cubeide/plugins/com.st.stm32cube.ide.mcu.externaltools.gnu-tools-for-stm32.7-2018-q2-update.win32_1.5.0.202011040924/tools/bin/../lib/gcc/arm-none-eabi/7.3.1/thumb/v7e-m/fpv4-sp/hard/crtbegin.o
 .text          0x00000000080001e0       0x10 d:/program files (x86)/stm32cubeide_1.3.0/stm32cubeide/plugins/com.st.stm32cube.ide.mcu.externaltools.gnu-tools-for-stm32.7-2018-q2-update.win32_1.5.0.202011040924/tools/bin/../lib/gcc/arm-none-eabi/7.3.1/../../../../arm-none-eabi/lib/thumb/v7e-m/fpv4-sp/hard\libc_nano.a(lib_a-strlen.o)
                0x00000000080001e0                strlen
 .text          0x00000000080001f0       0xa0 d:/program files (x86)/stm32cubeide_1.3.0/stm32cubeide/plugins/com.st.stm32cube.ide.mcu.externaltools.gnu-tools-for-stm32.7-2018-q2-update.win32_1.5.0.202011040924/tools/bin/../lib/gcc/arm-none-eabi/7.3.1/../../../../arm-none-eabi/lib/thumb/v7e-m/fpv4-sp/hard\libc_nano.a(lib_a-memchr.o)
                0x00000000080001f0                memchr
 .text          0x0000000008000290       0x30 d:/program files (x86)/stm32cubeide_1.3.0/stm32cubeide/plugins/com.st.stm32cube.ide.mcu.externaltools.gnu-tools-for-stm32.7-2018-q2-update.win32_1.5.0.202011040924/tools/bin/../lib/gcc/arm-none-eabi/7.3.1/thumb/v7e-m/fpv4-sp/hard\libgcc.a(_aeabi_uldivmod.o)
                0x0000000008000290                __aeabi_uldivmod
 .text          0x00000000080002c0      0x2cc d:/program files (x86)/stm32cubeide_1.3.0/stm32cubeide/plugins/com.st.stm32cube.ide.mcu.externaltools.gnu-tools-for-stm32.7-2018-q2-update.win32_1.5.0.202011040924/tools/bin/../lib/gcc/arm-none-eabi/7.3.1/thumb/v7e-m/fpv4-sp/hard\libgcc.a(_udivmoddi4.o)
                0x00000000080002c0                __udivmoddi4
 .text          0x000000000800058c        0x4 d:/program files (x86)/stm32cubeide_1.3.0/stm32cubeide/plugins/com.st.stm32cube.ide.mcu.externaltools.gnu-tools-for-stm32.7-2018-q2-update.win32_1.5.0.202011040924/tools/bin/../lib/gcc/arm-none-eabi/7.3.1/thumb/v7e-m/fpv4-sp/hard\libgcc.a(_dvmd_tls.o)
                0x000000000800058c                __aeabi_idiv0
                0x000000000800058c                __aeabi_ldiv0
 *(.text*)
 .text._Z16StartDefaultTaskPv
                0x0000000008000590       0x50 Core/Src/main.o
                0x0000000008000590                StartDefaultTask(void*)
 .text._Z7ESPTaskPv
                0x00000000080005e0       0x68 Core/Src/main.o
                0x00000000080005e0                ESPTask(void*)
 .text.HAL_UART_RxHalfCpltCallback
                0x0000000008000648       0x28 Core/Src/main.o
                0x0000000008000648                HAL_UART_RxHalfCpltCallback
 .text.HAL_UART_ErrorCallback
                0x0000000008000670       0x88 Core/Src/main.o
                0x0000000008000670                HAL_UART_ErrorCallback
 .text.HAL_UART_RxCpltCallback
                0x00000000080006f8       0x3c Core/Src/main.o
                0x00000000080006f8                HAL_UART_RxCpltCallback
 .text._Z18SystemClock_Configv
                0x0000000008000734       0x98 Core/Src/main.o
                0x0000000008000734                SystemClock_Config()
 .text.startup.main
                0x00000000080007cc      0x218 Core/Src/main.o
                0x00000000080007cc                main
 .text.HAL_TIM_PeriodElapsedCallback
                0x00000000080009e4       0x14 Core/Src/main.o
                0x00000000080009e4                HAL_TIM_PeriodElapsedCallback
 .text.Error_Handler
                0x00000000080009f8        0x2 Core/Src/main.o
                0x00000000080009f8                Error_Handler
 *fill*         0x00000000080009fa        0x2 
 .text.HAL_MspInit
                0x00000000080009fc       0x40 Core/Src/stm32f4xx_hal_msp.o
                0x00000000080009fc                HAL_MspInit
 .text.HAL_TIM_Base_MspInit
                0x0000000008000a3c       0x30 Core/Src/stm32f4xx_hal_msp.o
                0x0000000008000a3c                HAL_TIM_Base_MspInit
 .text.HAL_TIM_MspPostInit
                0x0000000008000a6c       0x54 Core/Src/stm32f4xx_hal_msp.o
                0x0000000008000a6c                HAL_TIM_MspPostInit
 .text.HAL_UART_MspInit
                0x0000000008000ac0       0xf8 Core/Src/stm32f4xx_hal_msp.o
                0x0000000008000ac0                HAL_UART_MspInit
 .text.HAL_InitTick
                0x0000000008000bb8       0x78 Core/Src/stm32f4xx_hal_timebase_tim.o
                0x0000000008000bb8                HAL_InitTick
 .text.NMI_Handler
                0x0000000008000c30        0x2 Core/Src/stm32f4xx_it.o
                0x0000000008000c30                NMI_Handler
 .text.HardFault_Handler
                0x0000000008000c32        0x2 Core/Src/stm32f4xx_it.o
                0x0000000008000c32                HardFault_Handler
 .text.MemManage_Handler
                0x0000000008000c34        0x2 Core/Src/stm32f4xx_it.o
                0x0000000008000c34                MemManage_Handler
 .text.BusFault_Handler
                0x0000000008000c36        0x2 Core/Src/stm32f4xx_it.o
                0x0000000008000c36                BusFault_Handler
 .text.UsageFault_Handler
                0x0000000008000c38        0x2 Core/Src/stm32f4xx_it.o
                0x0000000008000c38                UsageFault_Handler
 .text.DebugMon_Handler
                0x0000000008000c3a        0x2 Core/Src/stm32f4xx_it.o
                0x0000000008000c3a                DebugMon_Handler
 .text.DMA1_Stream5_IRQHandler
                0x0000000008000c3c        0xc Core/Src/stm32f4xx_it.o
                0x0000000008000c3c                DMA1_Stream5_IRQHandler
 .text.DMA1_Stream6_IRQHandler
                0x0000000008000c48        0xc Core/Src/stm32f4xx_it.o
                0x0000000008000c48                DMA1_Stream6_IRQHandler
 .text.TIM1_UP_TIM10_IRQHandler
                0x0000000008000c54        0xc Core/Src/stm32f4xx_it.o
                0x0000000008000c54                TIM1_UP_TIM10_IRQHandler
 .text.USART2_IRQHandler
                0x0000000008000c60        0xc Core/Src/stm32f4xx_it.o
                0x0000000008000c60                USART2_IRQHandler
 .text.OTG_FS_IRQHandler
                0x0000000008000c6c        0xc Core/Src/stm32f4xx_it.o
                0x0000000008000c6c                OTG_FS_IRQHandler
 .text._sbrk    0x0000000008000c78       0x40 Core/Src/sysmem.o
                0x0000000008000c78                _sbrk
 .text.SystemInit
                0x0000000008000cb8       0x1c Core/Src/system_stm32f4xx.o
                0x0000000008000cb8                SystemInit
 .text.prefix   0x0000000008000cd4       0x1e Core/Src/utils.o
                0x0000000008000cd4                prefix
 *fill*         0x0000000008000cf2        0x2 
 .text.Reset_Handler
                0x0000000008000cf4       0x50 Core/Startup/startup_stm32f411vetx.o
                0x0000000008000cf4                Reset_Handler
 .text.Default_Handler
                0x0000000008000d44        0x2 Core/Startup/startup_stm32f411vetx.o
                0x0000000008000d44                RTC_Alarm_IRQHandler
                0x0000000008000d44                EXTI2_IRQHandler
                0x0000000008000d44                SPI4_IRQHandler
                0x0000000008000d44                TIM1_CC_IRQHandler
                0x0000000008000d44                DMA2_Stream5_IRQHandler
                0x0000000008000d44                PVD_IRQHandler
                0x0000000008000d44                SDIO_IRQHandler
                0x0000000008000d44                TAMP_STAMP_IRQHandler
                0x0000000008000d44                EXTI3_IRQHandler
                0x0000000008000d44                I2C3_ER_IRQHandler
                0x0000000008000d44                EXTI0_IRQHandler
                0x0000000008000d44                I2C2_EV_IRQHandler
                0x0000000008000d44                DMA1_Stream2_IRQHandler
                0x0000000008000d44                FPU_IRQHandler
                0x0000000008000d44                DMA2_Stream2_IRQHandler
                0x0000000008000d44                SPI1_IRQHandler
                0x0000000008000d44                TIM1_BRK_TIM9_IRQHandler
                0x0000000008000d44                DMA2_Stream3_IRQHandler
                0x0000000008000d44                USART6_IRQHandler
                0x0000000008000d44                DMA2_Stream0_IRQHandler
                0x0000000008000d44                TIM4_IRQHandler
                0x0000000008000d44                I2C1_EV_IRQHandler
                0x0000000008000d44                DMA1_Stream1_IRQHandler
                0x0000000008000d44                TIM3_IRQHandler
                0x0000000008000d44                RCC_IRQHandler
                0x0000000008000d44                Default_Handler
                0x0000000008000d44                EXTI15_10_IRQHandler
                0x0000000008000d44                ADC_IRQHandler
                0x0000000008000d44                DMA1_Stream7_IRQHandler
                0x0000000008000d44                SPI5_IRQHandler
                0x0000000008000d44                TIM5_IRQHandler
                0x0000000008000d44                DMA2_Stream7_IRQHandler
                0x0000000008000d44                I2C3_EV_IRQHandler
                0x0000000008000d44                EXTI9_5_IRQHandler
                0x0000000008000d44                RTC_WKUP_IRQHandler
                0x0000000008000d44                SPI2_IRQHandler
                0x0000000008000d44                DMA1_Stream0_IRQHandler
                0x0000000008000d44                EXTI4_IRQHandler
                0x0000000008000d44                WWDG_IRQHandler
                0x0000000008000d44                TIM2_IRQHandler
                0x0000000008000d44                OTG_FS_WKUP_IRQHandler
                0x0000000008000d44                TIM1_TRG_COM_TIM11_IRQHandler
                0x0000000008000d44                EXTI1_IRQHandler
                0x0000000008000d44                I2C2_ER_IRQHandler
                0x0000000008000d44                DMA2_Stream1_IRQHandler
                0x0000000008000d44                FLASH_IRQHandler
                0x0000000008000d44                DMA2_Stream4_IRQHandler
                0x0000000008000d44                USART1_IRQHandler
                0x0000000008000d44                SPI3_IRQHandler
                0x0000000008000d44                DMA1_Stream4_IRQHandler
                0x0000000008000d44                I2C1_ER_IRQHandler
                0x0000000008000d44                DMA2_Stream6_IRQHandler
                0x0000000008000d44                DMA1_Stream3_IRQHandler
 .text.LSM303DLHC_MagInit
                0x0000000008000d46       0x2c Drivers/BSP/Components/lsm303dlhc/lsm303dlhc.o
                0x0000000008000d46                LSM303DLHC_MagInit
 *fill*         0x0000000008000d72        0x2 
 .text.I2Cx_Init
                0x0000000008000d74       0xc4 Drivers/BSP/STM32F411E-Discovery/stm32f411e_discovery.o
 .text.I2Cx_WriteData
                0x0000000008000e38       0x38 Drivers/BSP/STM32F411E-Discovery/stm32f411e_discovery.o
 .text.BSP_LED_Init
                0x0000000008000e70       0xb4 Drivers/BSP/STM32F411E-Discovery/stm32f411e_discovery.o
                0x0000000008000e70                BSP_LED_Init
 .text.BSP_LED_On
                0x0000000008000f24       0x1c Drivers/BSP/STM32F411E-Discovery/stm32f411e_discovery.o
                0x0000000008000f24                BSP_LED_On
 .text.BSP_LED_Off
                0x0000000008000f40       0x1c Drivers/BSP/STM32F411E-Discovery/stm32f411e_discovery.o
                0x0000000008000f40                BSP_LED_Off
 .text.BSP_LED_Toggle
                0x0000000008000f5c       0x18 Drivers/BSP/STM32F411E-Discovery/stm32f411e_discovery.o
                0x0000000008000f5c                BSP_LED_Toggle
 .text.COMPASSACCELERO_IO_Write
                0x0000000008000f74        0x4 Drivers/BSP/STM32F411E-Discovery/stm32f411e_discovery.o
                0x0000000008000f74                COMPASSACCELERO_IO_Write
 .text.BSP_COMPASS_Init
                0x0000000008000f78       0x2e Drivers/BSP/STM32F411E-Discovery/stm32f411e_discovery_accelerometer.o
                0x0000000008000f78                BSP_COMPASS_Init
 *fill*         0x0000000008000fa6        0x2 
 .text.HAL_Init
                0x0000000008000fa8       0x34 Drivers/STM32F4xx_HAL_Driver/Src/stm32f4xx_hal.o
                0x0000000008000fa8                HAL_Init
 .text.HAL_IncTick
                0x0000000008000fdc       0x18 Drivers/STM32F4xx_HAL_Driver/Src/stm32f4xx_hal.o
                0x0000000008000fdc                HAL_IncTick
 .text.HAL_GetTick
                0x0000000008000ff4        0xc Drivers/STM32F4xx_HAL_Driver/Src/stm32f4xx_hal.o
                0x0000000008000ff4                HAL_GetTick
 .text.HAL_Delay
                0x0000000008001000       0x28 Drivers/STM32F4xx_HAL_Driver/Src/stm32f4xx_hal.o
                0x0000000008001000                HAL_Delay
 .text.HAL_NVIC_SetPriorityGrouping
                0x0000000008001028       0x24 Drivers/STM32F4xx_HAL_Driver/Src/stm32f4xx_hal_cortex.o
                0x0000000008001028                HAL_NVIC_SetPriorityGrouping
 .text.HAL_NVIC_SetPriority
                0x000000000800104c       0x68 Drivers/STM32F4xx_HAL_Driver/Src/stm32f4xx_hal_cortex.o
                0x000000000800104c                HAL_NVIC_SetPriority
 .text.HAL_NVIC_EnableIRQ
                0x00000000080010b4       0x1c Drivers/STM32F4xx_HAL_Driver/Src/stm32f4xx_hal_cortex.o
                0x00000000080010b4                HAL_NVIC_EnableIRQ
 .text.DMA_CalcBaseAndBitshift
                0x00000000080010d0       0x2c Drivers/STM32F4xx_HAL_Driver/Src/stm32f4xx_hal_dma.o
 .text.HAL_DMA_Init
                0x00000000080010fc       0xfc Drivers/STM32F4xx_HAL_Driver/Src/stm32f4xx_hal_dma.o
                0x00000000080010fc                HAL_DMA_Init
 .text.HAL_DMA_Start_IT
                0x00000000080011f8       0x74 Drivers/STM32F4xx_HAL_Driver/Src/stm32f4xx_hal_dma.o
                0x00000000080011f8                HAL_DMA_Start_IT
 .text.HAL_DMA_Abort_IT
                0x000000000800126c       0x24 Drivers/STM32F4xx_HAL_Driver/Src/stm32f4xx_hal_dma.o
                0x000000000800126c                HAL_DMA_Abort_IT
 .text.HAL_DMA_IRQHandler
                0x0000000008001290      0x17c Drivers/STM32F4xx_HAL_Driver/Src/stm32f4xx_hal_dma.o
                0x0000000008001290                HAL_DMA_IRQHandler
 .text.HAL_GPIO_Init
                0x000000000800140c      0x19c Drivers/STM32F4xx_HAL_Driver/Src/stm32f4xx_hal_gpio.o
                0x000000000800140c                HAL_GPIO_Init
 .text.HAL_GPIO_WritePin
                0x00000000080015a8        0xa Drivers/STM32F4xx_HAL_Driver/Src/stm32f4xx_hal_gpio.o
                0x00000000080015a8                HAL_GPIO_WritePin
 .text.HAL_GPIO_TogglePin
                0x00000000080015b2        0xe Drivers/STM32F4xx_HAL_Driver/Src/stm32f4xx_hal_gpio.o
                0x00000000080015b2                HAL_GPIO_TogglePin
 .text.HAL_PCD_Init
                0x00000000080015c0      0x10e Drivers/STM32F4xx_HAL_Driver/Src/stm32f4xx_hal_pcd.o
                0x00000000080015c0                HAL_PCD_Init
 .text.HAL_PCD_Start
                0x00000000080016ce       0x3e Drivers/STM32F4xx_HAL_Driver/Src/stm32f4xx_hal_pcd.o
                0x00000000080016ce                HAL_PCD_Start
 .text.HAL_PCD_IRQHandler
                0x000000000800170c      0x570 Drivers/STM32F4xx_HAL_Driver/Src/stm32f4xx_hal_pcd.o
                0x000000000800170c                HAL_PCD_IRQHandler
 .text.HAL_PCD_SetAddress
                0x0000000008001c7c       0x28 Drivers/STM32F4xx_HAL_Driver/Src/stm32f4xx_hal_pcd.o
                0x0000000008001c7c                HAL_PCD_SetAddress
 .text.HAL_PCD_EP_Open
                0x0000000008001ca4       0x70 Drivers/STM32F4xx_HAL_Driver/Src/stm32f4xx_hal_pcd.o
                0x0000000008001ca4                HAL_PCD_EP_Open
 .text.HAL_PCD_EP_Close
                0x0000000008001d14       0x5e Drivers/STM32F4xx_HAL_Driver/Src/stm32f4xx_hal_pcd.o
                0x0000000008001d14                HAL_PCD_EP_Close
 .text.HAL_PCD_EP_Receive
                0x0000000008001d72       0x48 Drivers/STM32F4xx_HAL_Driver/Src/stm32f4xx_hal_pcd.o
                0x0000000008001d72                HAL_PCD_EP_Receive
 .text.HAL_PCD_EP_GetRxCount
                0x0000000008001dba       0x10 Drivers/STM32F4xx_HAL_Driver/Src/stm32f4xx_hal_pcd.o
                0x0000000008001dba                HAL_PCD_EP_GetRxCount
 .text.HAL_PCD_EP_Transmit
                0x0000000008001dca       0x40 Drivers/STM32F4xx_HAL_Driver/Src/stm32f4xx_hal_pcd.o
                0x0000000008001dca                HAL_PCD_EP_Transmit
 .text.HAL_PCD_EP_SetStall
                0x0000000008001e0a       0x74 Drivers/STM32F4xx_HAL_Driver/Src/stm32f4xx_hal_pcd.o
                0x0000000008001e0a                HAL_PCD_EP_SetStall
 .text.HAL_PCD_EP_ClrStall
                0x0000000008001e7e       0x6c Drivers/STM32F4xx_HAL_Driver/Src/stm32f4xx_hal_pcd.o
                0x0000000008001e7e                HAL_PCD_EP_ClrStall
 .text.HAL_PCDEx_SetTxFiFo
                0x0000000008001eea       0x40 Drivers/STM32F4xx_HAL_Driver/Src/stm32f4xx_hal_pcd_ex.o
                0x0000000008001eea                HAL_PCDEx_SetTxFiFo
 .text.HAL_PCDEx_SetRxFiFo
                0x0000000008001f2a        0x8 Drivers/STM32F4xx_HAL_Driver/Src/stm32f4xx_hal_pcd_ex.o
                0x0000000008001f2a                HAL_PCDEx_SetRxFiFo
 .text.HAL_PCDEx_LPM_Callback
                0x0000000008001f32        0x2 Drivers/STM32F4xx_HAL_Driver/Src/stm32f4xx_hal_pcd_ex.o
                0x0000000008001f32                HAL_PCDEx_LPM_Callback
 .text.HAL_RCC_OscConfig
                0x0000000008001f34      0x34c Drivers/STM32F4xx_HAL_Driver/Src/stm32f4xx_hal_rcc.o
                0x0000000008001f34                HAL_RCC_OscConfig
 .text.HAL_RCC_GetSysClockFreq
                0x0000000008002280       0x5c Drivers/STM32F4xx_HAL_Driver/Src/stm32f4xx_hal_rcc.o
                0x0000000008002280                HAL_RCC_GetSysClockFreq
 .text.HAL_RCC_ClockConfig
                0x00000000080022dc      0x134 Drivers/STM32F4xx_HAL_Driver/Src/stm32f4xx_hal_rcc.o
                0x00000000080022dc                HAL_RCC_ClockConfig
 .text.HAL_RCC_GetHCLKFreq
                0x0000000008002410        0xc Drivers/STM32F4xx_HAL_Driver/Src/stm32f4xx_hal_rcc.o
                0x0000000008002410                HAL_RCC_GetHCLKFreq
 .text.HAL_RCC_GetPCLK1Freq
                0x000000000800241c       0x20 Drivers/STM32F4xx_HAL_Driver/Src/stm32f4xx_hal_rcc.o
                0x000000000800241c                HAL_RCC_GetPCLK1Freq
 .text.HAL_RCC_GetPCLK2Freq
                0x000000000800243c       0x20 Drivers/STM32F4xx_HAL_Driver/Src/stm32f4xx_hal_rcc.o
                0x000000000800243c                HAL_RCC_GetPCLK2Freq
 .text.HAL_RCC_GetClockConfig
                0x000000000800245c       0x3c Drivers/STM32F4xx_HAL_Driver/Src/stm32f4xx_hal_rcc.o
                0x000000000800245c                HAL_RCC_GetClockConfig
 .text.TIM_OC1_SetConfig
                0x0000000008002498       0x50 Drivers/STM32F4xx_HAL_Driver/Src/stm32f4xx_hal_tim.o
 .text.TIM_OC3_SetConfig
                0x00000000080024e8       0x54 Drivers/STM32F4xx_HAL_Driver/Src/stm32f4xx_hal_tim.o
 .text.TIM_OC4_SetConfig
                0x000000000800253c       0x44 Drivers/STM32F4xx_HAL_Driver/Src/stm32f4xx_hal_tim.o
 .text.HAL_TIM_Base_Start_IT
                0x0000000008002580       0x20 Drivers/STM32F4xx_HAL_Driver/Src/stm32f4xx_hal_tim.o
                0x0000000008002580                HAL_TIM_Base_Start_IT
 .text.HAL_TIM_PWM_MspInit
                0x00000000080025a0        0x2 Drivers/STM32F4xx_HAL_Driver/Src/stm32f4xx_hal_tim.o
                0x00000000080025a0                HAL_TIM_PWM_MspInit
 .text.HAL_TIM_OC_DelayElapsedCallback
                0x00000000080025a2        0x2 Drivers/STM32F4xx_HAL_Driver/Src/stm32f4xx_hal_tim.o
                0x00000000080025a2                HAL_TIM_OC_DelayElapsedCallback
 .text.HAL_TIM_IC_CaptureCallback
                0x00000000080025a4        0x2 Drivers/STM32F4xx_HAL_Driver/Src/stm32f4xx_hal_tim.o
                0x00000000080025a4                HAL_TIM_IC_CaptureCallback
 .text.HAL_TIM_PWM_PulseFinishedCallback
                0x00000000080025a6        0x2 Drivers/STM32F4xx_HAL_Driver/Src/stm32f4xx_hal_tim.o
                0x00000000080025a6                HAL_TIM_PWM_PulseFinishedCallback
 .text.HAL_TIM_TriggerCallback
                0x00000000080025a8        0x2 Drivers/STM32F4xx_HAL_Driver/Src/stm32f4xx_hal_tim.o
                0x00000000080025a8                HAL_TIM_TriggerCallback
 .text.HAL_TIM_IRQHandler
                0x00000000080025aa      0x144 Drivers/STM32F4xx_HAL_Driver/Src/stm32f4xx_hal_tim.o
                0x00000000080025aa                HAL_TIM_IRQHandler
 *fill*         0x00000000080026ee        0x2 
 .text.TIM_Base_SetConfig
                0x00000000080026f0       0x9c Drivers/STM32F4xx_HAL_Driver/Src/stm32f4xx_hal_tim.o
                0x00000000080026f0                TIM_Base_SetConfig
 .text.HAL_TIM_Base_Init
                0x000000000800278c       0x34 Drivers/STM32F4xx_HAL_Driver/Src/stm32f4xx_hal_tim.o
                0x000000000800278c                HAL_TIM_Base_Init
 .text.HAL_TIM_PWM_Init
                0x00000000080027c0       0x34 Drivers/STM32F4xx_HAL_Driver/Src/stm32f4xx_hal_tim.o
                0x00000000080027c0                HAL_TIM_PWM_Init
 .text.TIM_OC2_SetConfig
                0x00000000080027f4       0x58 Drivers/STM32F4xx_HAL_Driver/Src/stm32f4xx_hal_tim.o
                0x00000000080027f4                TIM_OC2_SetConfig
 .text.HAL_TIM_PWM_ConfigChannel
                0x000000000800284c       0xc4 Drivers/STM32F4xx_HAL_Driver/Src/stm32f4xx_hal_tim.o
                0x000000000800284c                HAL_TIM_PWM_ConfigChannel
 .text.TIM_ETR_SetConfig
                0x0000000008002910       0x14 Drivers/STM32F4xx_HAL_Driver/Src/stm32f4xx_hal_tim.o
                0x0000000008002910                TIM_ETR_SetConfig
 .text.HAL_TIM_ConfigClockSource
                0x0000000008002924      0x128 Drivers/STM32F4xx_HAL_Driver/Src/stm32f4xx_hal_tim.o
                0x0000000008002924                HAL_TIM_ConfigClockSource
 .text.TIM_CCxChannelCmd
                0x0000000008002a4c       0x1c Drivers/STM32F4xx_HAL_Driver/Src/stm32f4xx_hal_tim.o
                0x0000000008002a4c                TIM_CCxChannelCmd
 .text.HAL_TIM_OC_Start
                0x0000000008002a68       0x38 Drivers/STM32F4xx_HAL_Driver/Src/stm32f4xx_hal_tim.o
                0x0000000008002a68                HAL_TIM_OC_Start
 .text.HAL_TIM_PWM_Start
                0x0000000008002aa0        0x4 Drivers/STM32F4xx_HAL_Driver/Src/stm32f4xx_hal_tim.o
                0x0000000008002aa0                HAL_TIM_PWM_Start
 .text.HAL_TIMEx_MasterConfigSynchronization
                0x0000000008002aa4       0x74 Drivers/STM32F4xx_HAL_Driver/Src/stm32f4xx_hal_tim_ex.o
                0x0000000008002aa4                HAL_TIMEx_MasterConfigSynchronization
 .text.HAL_TIMEx_CommutCallback
                0x0000000008002b18        0x2 Drivers/STM32F4xx_HAL_Driver/Src/stm32f4xx_hal_tim_ex.o
                0x0000000008002b18                HAL_TIMEx_CommutCallback
 .text.HAL_TIMEx_BreakCallback
                0x0000000008002b1a        0x2 Drivers/STM32F4xx_HAL_Driver/Src/stm32f4xx_hal_tim_ex.o
                0x0000000008002b1a                HAL_TIMEx_BreakCallback
 .text.UART_EndRxTransfer
                0x0000000008002b1c       0x1a Drivers/STM32F4xx_HAL_Driver/Src/stm32f4xx_hal_uart.o
 *fill*         0x0000000008002b36        0x2 
 .text.UART_SetConfig
                0x0000000008002b38       0xe0 Drivers/STM32F4xx_HAL_Driver/Src/stm32f4xx_hal_uart.o
 .text.HAL_UART_Init
                0x0000000008002c18       0x5c Drivers/STM32F4xx_HAL_Driver/Src/stm32f4xx_hal_uart.o
                0x0000000008002c18                HAL_UART_Init
 .text.HAL_UART_Transmit_DMA
                0x0000000008002c74       0x74 Drivers/STM32F4xx_HAL_Driver/Src/stm32f4xx_hal_uart.o
                0x0000000008002c74                HAL_UART_Transmit_DMA
 .text.HAL_UART_Receive_DMA
                0x0000000008002ce8       0x90 Drivers/STM32F4xx_HAL_Driver/Src/stm32f4xx_hal_uart.o
                0x0000000008002ce8                HAL_UART_Receive_DMA
 .text.HAL_UART_TxCpltCallback
                0x0000000008002d78        0x2 Drivers/STM32F4xx_HAL_Driver/Src/stm32f4xx_hal_uart.o
                0x0000000008002d78                HAL_UART_TxCpltCallback
 .text.UART_DMATransmitCplt
                0x0000000008002d7a       0x2c Drivers/STM32F4xx_HAL_Driver/Src/stm32f4xx_hal_uart.o
 .text.HAL_UART_TxHalfCpltCallback
                0x0000000008002da6        0x2 Drivers/STM32F4xx_HAL_Driver/Src/stm32f4xx_hal_uart.o
                0x0000000008002da6                HAL_UART_TxHalfCpltCallback
 .text.UART_DMATxHalfCplt
                0x0000000008002da8        0xa Drivers/STM32F4xx_HAL_Driver/Src/stm32f4xx_hal_uart.o
 .text.UART_DMAReceiveCplt
                0x0000000008002db2       0x38 Drivers/STM32F4xx_HAL_Driver/Src/stm32f4xx_hal_uart.o
 .text.UART_Receive_IT
                0x0000000008002dea       0x76 Drivers/STM32F4xx_HAL_Driver/Src/stm32f4xx_hal_uart.o
 .text.UART_DMARxHalfCplt
                0x0000000008002e60        0xa Drivers/STM32F4xx_HAL_Driver/Src/stm32f4xx_hal_uart.o
 .text.UART_DMAError
                0x0000000008002e6a       0x4e Drivers/STM32F4xx_HAL_Driver/Src/stm32f4xx_hal_uart.o
 .text.HAL_UART_IRQHandler
                0x0000000008002eb8      0x144 Drivers/STM32F4xx_HAL_Driver/Src/stm32f4xx_hal_uart.o
                0x0000000008002eb8                HAL_UART_IRQHandler
 .text.UART_DMAAbortOnError
                0x0000000008002ffc       0x10 Drivers/STM32F4xx_HAL_Driver/Src/stm32f4xx_hal_uart.o
 .text.HAL_UART_GetState
                0x000000000800300c        0xc Drivers/STM32F4xx_HAL_Driver/Src/stm32f4xx_hal_uart.o
                0x000000000800300c                HAL_UART_GetState
 .text.HAL_UART_GetError
                0x0000000008003018        0x4 Drivers/STM32F4xx_HAL_Driver/Src/stm32f4xx_hal_uart.o
                0x0000000008003018                HAL_UART_GetError
 .text.USB_CoreReset
                0x000000000800301c       0x30 Drivers/STM32F4xx_HAL_Driver/Src/stm32f4xx_ll_usb.o
 .text.USB_CoreInit
                0x000000000800304c       0x80 Drivers/STM32F4xx_HAL_Driver/Src/stm32f4xx_ll_usb.o
                0x000000000800304c                USB_CoreInit
 .text.USB_SetTurnaroundTime
                0x00000000080030cc       0xe8 Drivers/STM32F4xx_HAL_Driver/Src/stm32f4xx_ll_usb.o
                0x00000000080030cc                USB_SetTurnaroundTime
 .text.USB_EnableGlobalInt
                0x00000000080031b4        0xc Drivers/STM32F4xx_HAL_Driver/Src/stm32f4xx_ll_usb.o
                0x00000000080031b4                USB_EnableGlobalInt
 .text.USB_DisableGlobalInt
                0x00000000080031c0        0xc Drivers/STM32F4xx_HAL_Driver/Src/stm32f4xx_ll_usb.o
                0x00000000080031c0                USB_DisableGlobalInt
 .text.USB_SetCurrentMode
                0x00000000080031cc       0x2e Drivers/STM32F4xx_HAL_Driver/Src/stm32f4xx_ll_usb.o
                0x00000000080031cc                USB_SetCurrentMode
 *fill*         0x00000000080031fa        0x2 
 .text.USB_FlushTxFifo
                0x00000000080031fc       0x24 Drivers/STM32F4xx_HAL_Driver/Src/stm32f4xx_ll_usb.o
                0x00000000080031fc                USB_FlushTxFifo
 .text.USB_FlushRxFifo
                0x0000000008003220       0x20 Drivers/STM32F4xx_HAL_Driver/Src/stm32f4xx_ll_usb.o
                0x0000000008003220                USB_FlushRxFifo
 .text.USB_SetDevSpeed
                0x0000000008003240        0xe Drivers/STM32F4xx_HAL_Driver/Src/stm32f4xx_ll_usb.o
                0x0000000008003240                USB_SetDevSpeed
 *fill*         0x000000000800324e        0x2 
 .text.USB_DevInit
                0x0000000008003250      0x174 Drivers/STM32F4xx_HAL_Driver/Src/stm32f4xx_ll_usb.o
                0x0000000008003250                USB_DevInit
 .text.USB_GetDevSpeed
                0x00000000080033c4       0x16 Drivers/STM32F4xx_HAL_Driver/Src/stm32f4xx_ll_usb.o
                0x00000000080033c4                USB_GetDevSpeed
 .text.USB_ActivateEndpoint
                0x00000000080033da       0x7c Drivers/STM32F4xx_HAL_Driver/Src/stm32f4xx_ll_usb.o
                0x00000000080033da                USB_ActivateEndpoint
 *fill*         0x0000000008003456        0x2 
 .text.USB_DeactivateEndpoint
                0x0000000008003458       0xa4 Drivers/STM32F4xx_HAL_Driver/Src/stm32f4xx_ll_usb.o
                0x0000000008003458                USB_DeactivateEndpoint
 .text.USB_EP0StartXfer
                0x00000000080034fc       0xe8 Drivers/STM32F4xx_HAL_Driver/Src/stm32f4xx_ll_usb.o
                0x00000000080034fc                USB_EP0StartXfer
 .text.USB_WritePacket
                0x00000000080035e4       0x28 Drivers/STM32F4xx_HAL_Driver/Src/stm32f4xx_ll_usb.o
                0x00000000080035e4                USB_WritePacket
 .text.USB_EPStartXfer
                0x000000000800360c      0x1b0 Drivers/STM32F4xx_HAL_Driver/Src/stm32f4xx_ll_usb.o
                0x000000000800360c                USB_EPStartXfer
 .text.USB_ReadPacket
                0x00000000080037bc       0x1c Drivers/STM32F4xx_HAL_Driver/Src/stm32f4xx_ll_usb.o
                0x00000000080037bc                USB_ReadPacket
 .text.USB_EPSetStall
                0x00000000080037d8       0x56 Drivers/STM32F4xx_HAL_Driver/Src/stm32f4xx_ll_usb.o
                0x00000000080037d8                USB_EPSetStall
 .text.USB_EPClearStall
                0x000000000800382e       0x52 Drivers/STM32F4xx_HAL_Driver/Src/stm32f4xx_ll_usb.o
                0x000000000800382e                USB_EPClearStall
 .text.USB_SetDevAddress
                0x0000000008003880       0x20 Drivers/STM32F4xx_HAL_Driver/Src/stm32f4xx_ll_usb.o
                0x0000000008003880                USB_SetDevAddress
 .text.USB_DevConnect
                0x00000000080038a0       0x1c Drivers/STM32F4xx_HAL_Driver/Src/stm32f4xx_ll_usb.o
                0x00000000080038a0                USB_DevConnect
 .text.USB_DevDisconnect
                0x00000000080038bc       0x1c Drivers/STM32F4xx_HAL_Driver/Src/stm32f4xx_ll_usb.o
                0x00000000080038bc                USB_DevDisconnect
 .text.USB_ReadInterrupts
                0x00000000080038d8        0x8 Drivers/STM32F4xx_HAL_Driver/Src/stm32f4xx_ll_usb.o
                0x00000000080038d8                USB_ReadInterrupts
 .text.USB_ReadDevAllOutEpInterrupt
                0x00000000080038e0       0x10 Drivers/STM32F4xx_HAL_Driver/Src/stm32f4xx_ll_usb.o
                0x00000000080038e0                USB_ReadDevAllOutEpInterrupt
 .text.USB_ReadDevAllInEpInterrupt
                0x00000000080038f0       0x10 Drivers/STM32F4xx_HAL_Driver/Src/stm32f4xx_ll_usb.o
                0x00000000080038f0                USB_ReadDevAllInEpInterrupt
 .text.USB_ReadDevOutEPInterrupt
                0x0000000008003900       0x12 Drivers/STM32F4xx_HAL_Driver/Src/stm32f4xx_ll_usb.o
                0x0000000008003900                USB_ReadDevOutEPInterrupt
 .text.USB_ReadDevInEPInterrupt
                0x0000000008003912       0x24 Drivers/STM32F4xx_HAL_Driver/Src/stm32f4xx_ll_usb.o
                0x0000000008003912                USB_ReadDevInEPInterrupt
 .text.USB_GetMode
                0x0000000008003936        0x8 Drivers/STM32F4xx_HAL_Driver/Src/stm32f4xx_ll_usb.o
                0x0000000008003936                USB_GetMode
 .text.USB_ActivateSetup
                0x000000000800393e       0x20 Drivers/STM32F4xx_HAL_Driver/Src/stm32f4xx_ll_usb.o
                0x000000000800393e                USB_ActivateSetup
 *fill*         0x000000000800395e        0x2 
 .text.USB_EP0_OutStart
                0x0000000008003960       0x4c Drivers/STM32F4xx_HAL_Driver/Src/stm32f4xx_ll_usb.o
                0x0000000008003960                USB_EP0_OutStart
 .text.I2C_IsAcknowledgeFailed
                0x00000000080039ac       0x34 Drivers/STM32F4xx_My_Driver/Src/stm32f4xx_hal_i2c.o
 .text.I2C_WaitOnMasterAddressFlagUntilTimeout
                0x00000000080039e0       0x74 Drivers/STM32F4xx_My_Driver/Src/stm32f4xx_hal_i2c.o
 .text.I2C_WaitOnBTFFlagUntilTimeout
                0x0000000008003a54       0x4c Drivers/STM32F4xx_My_Driver/Src/stm32f4xx_hal_i2c.o
 .text.I2C_WaitOnFlagUntilTimeout
                0x0000000008003aa0       0x62 Drivers/STM32F4xx_My_Driver/Src/stm32f4xx_hal_i2c.o
 .text.I2C_WaitOnTXEFlagUntilTimeout
                0x0000000008003b02       0x4c Drivers/STM32F4xx_My_Driver/Src/stm32f4xx_hal_i2c.o
 *fill*         0x0000000008003b4e        0x2 
 .text.I2C_RequestMemoryWrite
                0x0000000008003b50       0xac Drivers/STM32F4xx_My_Driver/Src/stm32f4xx_hal_i2c.o
 .text.HAL_I2C_MspInit
                0x0000000008003bfc        0x2 Drivers/STM32F4xx_My_Driver/Src/stm32f4xx_hal_i2c.o
                0x0000000008003bfc                HAL_I2C_MspInit
 *fill*         0x0000000008003bfe        0x2 
 .text.HAL_I2C_Init
                0x0000000008003c00      0x158 Drivers/STM32F4xx_My_Driver/Src/stm32f4xx_hal_i2c.o
                0x0000000008003c00                HAL_I2C_Init
 .text.HAL_I2C_MspDeInit
                0x0000000008003d58        0x2 Drivers/STM32F4xx_My_Driver/Src/stm32f4xx_hal_i2c.o
                0x0000000008003d58                HAL_I2C_MspDeInit
 .text.HAL_I2C_DeInit
                0x0000000008003d5a       0x32 Drivers/STM32F4xx_My_Driver/Src/stm32f4xx_hal_i2c.o
                0x0000000008003d5a                HAL_I2C_DeInit
 .text.HAL_I2C_Mem_Write
                0x0000000008003d8c      0x120 Drivers/STM32F4xx_My_Driver/Src/stm32f4xx_hal_i2c.o
                0x0000000008003d8c                HAL_I2C_Mem_Write
 .text.HAL_I2C_GetState
                0x0000000008003eac        0x6 Drivers/STM32F4xx_My_Driver/Src/stm32f4xx_hal_i2c.o
                0x0000000008003eac                HAL_I2C_GetState
 .text.USBD_CDC_EP0_RxReady
                0x0000000008003eb2       0x28 Middlewares/ST/STM32_USB_Device_Library/Class/CDC/Src/usbd_cdc.o
 *fill*         0x0000000008003eda        0x2 
 .text.USBD_CDC_GetFSCfgDesc
                0x0000000008003edc        0xc Middlewares/ST/STM32_USB_Device_Library/Class/CDC/Src/usbd_cdc.o
 .text.USBD_CDC_GetHSCfgDesc
                0x0000000008003ee8        0xc Middlewares/ST/STM32_USB_Device_Library/Class/CDC/Src/usbd_cdc.o
 .text.USBD_CDC_GetOtherSpeedCfgDesc
                0x0000000008003ef4        0xc Middlewares/ST/STM32_USB_Device_Library/Class/CDC/Src/usbd_cdc.o
 .text.USBD_CDC_GetDeviceQualifierDescriptor
                0x0000000008003f00        0xc Middlewares/ST/STM32_USB_Device_Library/Class/CDC/Src/usbd_cdc.o
                0x0000000008003f00                USBD_CDC_GetDeviceQualifierDescriptor
 .text.USBD_CDC_DataOut
                0x0000000008003f0c       0x2a Middlewares/ST/STM32_USB_Device_Library/Class/CDC/Src/usbd_cdc.o
 .text.USBD_CDC_DataIn
                0x0000000008003f36       0x5a Middlewares/ST/STM32_USB_Device_Library/Class/CDC/Src/usbd_cdc.o
 .text.USBD_CDC_Setup
                0x0000000008003f90       0xe0 Middlewares/ST/STM32_USB_Device_Library/Class/CDC/Src/usbd_cdc.o
 .text.USBD_CDC_DeInit
                0x0000000008004070       0x42 Middlewares/ST/STM32_USB_Device_Library/Class/CDC/Src/usbd_cdc.o
 .text.USBD_CDC_Init
                0x00000000080040b2       0xb2 Middlewares/ST/STM32_USB_Device_Library/Class/CDC/Src/usbd_cdc.o
 .text.USBD_CDC_RegisterInterface
                0x0000000008004164        0xe Middlewares/ST/STM32_USB_Device_Library/Class/CDC/Src/usbd_cdc.o
                0x0000000008004164                USBD_CDC_RegisterInterface
 .text.USBD_CDC_SetTxBuffer
                0x0000000008004172       0x10 Middlewares/ST/STM32_USB_Device_Library/Class/CDC/Src/usbd_cdc.o
                0x0000000008004172                USBD_CDC_SetTxBuffer
 .text.USBD_CDC_SetRxBuffer
                0x0000000008004182        0xc Middlewares/ST/STM32_USB_Device_Library/Class/CDC/Src/usbd_cdc.o
                0x0000000008004182                USBD_CDC_SetRxBuffer
 .text.USBD_CDC_TransmitPacket
                0x000000000800418e       0x30 Middlewares/ST/STM32_USB_Device_Library/Class/CDC/Src/usbd_cdc.o
                0x000000000800418e                USBD_CDC_TransmitPacket
 .text.USBD_CDC_ReceivePacket
                0x00000000080041be       0x26 Middlewares/ST/STM32_USB_Device_Library/Class/CDC/Src/usbd_cdc.o
                0x00000000080041be                USBD_CDC_ReceivePacket
 .text.USBD_Init
                0x00000000080041e4       0x30 Middlewares/ST/STM32_USB_Device_Library/Core/Src/usbd_core.o
                0x00000000080041e4                USBD_Init
 .text.USBD_RegisterClass
                0x0000000008004214       0x26 Middlewares/ST/STM32_USB_Device_Library/Core/Src/usbd_core.o
                0x0000000008004214                USBD_RegisterClass
 .text.USBD_Start
                0x000000000800423a        0x4 Middlewares/ST/STM32_USB_Device_Library/Core/Src/usbd_core.o
                0x000000000800423a                USBD_Start
 .text.USBD_SetClassConfig
                0x000000000800423e        0xe Middlewares/ST/STM32_USB_Device_Library/Core/Src/usbd_core.o
                0x000000000800423e                USBD_SetClassConfig
 .text.USBD_ClrClassConfig
                0x000000000800424c       0x10 Middlewares/ST/STM32_USB_Device_Library/Core/Src/usbd_core.o
                0x000000000800424c                USBD_ClrClassConfig
 .text.USBD_LL_SetupStage
                0x000000000800425c       0x60 Middlewares/ST/STM32_USB_Device_Library/Core/Src/usbd_core.o
                0x000000000800425c                USBD_LL_SetupStage
 .text.USBD_LL_DataOutStage
                0x00000000080042bc       0x66 Middlewares/ST/STM32_USB_Device_Library/Core/Src/usbd_core.o
                0x00000000080042bc                USBD_LL_DataOutStage
 .text.USBD_LL_DataInStage
                0x0000000008004322       0x9c Middlewares/ST/STM32_USB_Device_Library/Core/Src/usbd_core.o
                0x0000000008004322                USBD_LL_DataInStage
 .text.USBD_LL_Reset
                0x00000000080043be       0x50 Middlewares/ST/STM32_USB_Device_Library/Core/Src/usbd_core.o
                0x00000000080043be                USBD_LL_Reset
 .text.USBD_LL_SetSpeed
                0x000000000800440e        0x6 Middlewares/ST/STM32_USB_Device_Library/Core/Src/usbd_core.o
                0x000000000800440e                USBD_LL_SetSpeed
 .text.USBD_LL_Suspend
                0x0000000008004414       0x12 Middlewares/ST/STM32_USB_Device_Library/Core/Src/usbd_core.o
                0x0000000008004414                USBD_LL_Suspend
 .text.USBD_LL_Resume
                0x0000000008004426       0x14 Middlewares/ST/STM32_USB_Device_Library/Core/Src/usbd_core.o
                0x0000000008004426                USBD_LL_Resume
 .text.USBD_LL_SOF
                0x000000000800443a       0x18 Middlewares/ST/STM32_USB_Device_Library/Core/Src/usbd_core.o
                0x000000000800443a                USBD_LL_SOF
 .text.USBD_LL_IsoINIncomplete
                0x0000000008004452        0x4 Middlewares/ST/STM32_USB_Device_Library/Core/Src/usbd_core.o
                0x0000000008004452                USBD_LL_IsoINIncomplete
 .text.USBD_LL_IsoOUTIncomplete
                0x0000000008004456        0x4 Middlewares/ST/STM32_USB_Device_Library/Core/Src/usbd_core.o
                0x0000000008004456                USBD_LL_IsoOUTIncomplete
 .text.USBD_LL_DevConnected
                0x000000000800445a        0x4 Middlewares/ST/STM32_USB_Device_Library/Core/Src/usbd_core.o
                0x000000000800445a                USBD_LL_DevConnected
 .text.USBD_LL_DevDisconnected
                0x000000000800445e       0x18 Middlewares/ST/STM32_USB_Device_Library/Core/Src/usbd_core.o
                0x000000000800445e                USBD_LL_DevDisconnected
 .text.USBD_CtlError.constprop.1
                0x0000000008004476       0x16 Middlewares/ST/STM32_USB_Device_Library/Core/Src/usbd_ctlreq.o
 .text.USBD_StdDevReq
                0x000000000800448c      0x280 Middlewares/ST/STM32_USB_Device_Library/Core/Src/usbd_ctlreq.o
                0x000000000800448c                USBD_StdDevReq
 .text.USBD_StdItfReq
                0x000000000800470c       0x4e Middlewares/ST/STM32_USB_Device_Library/Core/Src/usbd_ctlreq.o
                0x000000000800470c                USBD_StdItfReq
 .text.USBD_StdEPReq
                0x000000000800475a      0x124 Middlewares/ST/STM32_USB_Device_Library/Core/Src/usbd_ctlreq.o
                0x000000000800475a                USBD_StdEPReq
 .text.USBD_ParseSetupRequest
                0x000000000800487e       0x28 Middlewares/ST/STM32_USB_Device_Library/Core/Src/usbd_ctlreq.o
                0x000000000800487e                USBD_ParseSetupRequest
 .text.USBD_CtlError
                0x00000000080048a6       0x16 Middlewares/ST/STM32_USB_Device_Library/Core/Src/usbd_ctlreq.o
                0x00000000080048a6                USBD_CtlError
 .text.USBD_GetString
                0x00000000080048bc       0x38 Middlewares/ST/STM32_USB_Device_Library/Core/Src/usbd_ctlreq.o
                0x00000000080048bc                USBD_GetString
 .text.USBD_CtlSendData
                0x00000000080048f4       0x1a Middlewares/ST/STM32_USB_Device_Library/Core/Src/usbd_ioreq.o
                0x00000000080048f4                USBD_CtlSendData
 .text.USBD_CtlContinueSendData
                0x000000000800490e       0x10 Middlewares/ST/STM32_USB_Device_Library/Core/Src/usbd_ioreq.o
                0x000000000800490e                USBD_CtlContinueSendData
 .text.USBD_CtlPrepareRx
                0x000000000800491e       0x1e Middlewares/ST/STM32_USB_Device_Library/Core/Src/usbd_ioreq.o
                0x000000000800491e                USBD_CtlPrepareRx
 .text.USBD_CtlContinueRx
                0x000000000800493c       0x10 Middlewares/ST/STM32_USB_Device_Library/Core/Src/usbd_ioreq.o
                0x000000000800493c                USBD_CtlContinueRx
 .text.USBD_CtlSendStatus
                0x000000000800494c       0x16 Middlewares/ST/STM32_USB_Device_Library/Core/Src/usbd_ioreq.o
                0x000000000800494c                USBD_CtlSendStatus
 .text.USBD_CtlReceiveStatus
                0x0000000008004962       0x16 Middlewares/ST/STM32_USB_Device_Library/Core/Src/usbd_ioreq.o
                0x0000000008004962                USBD_CtlReceiveStatus
 .text.osKernelInitialize
                0x0000000008004978       0x34 Middlewares/Third_Party/FreeRTOS/Source/CMSIS_RTOS_V2/cmsis_os2.o
                0x0000000008004978                osKernelInitialize
 .text.osKernelStart
                0x00000000080049ac       0x40 Middlewares/Third_Party/FreeRTOS/Source/CMSIS_RTOS_V2/cmsis_os2.o
                0x00000000080049ac                osKernelStart
 .text.osThreadNew
                0x00000000080049ec       0xac Middlewares/Third_Party/FreeRTOS/Source/CMSIS_RTOS_V2/cmsis_os2.o
                0x00000000080049ec                osThreadNew
 .text.vApplicationGetIdleTaskMemory
                0x0000000008004a98       0x18 Middlewares/Third_Party/FreeRTOS/Source/CMSIS_RTOS_V2/cmsis_os2.o
                0x0000000008004a98                vApplicationGetIdleTaskMemory
 .text.vApplicationGetTimerTaskMemory
                0x0000000008004ab0       0x18 Middlewares/Third_Party/FreeRTOS/Source/CMSIS_RTOS_V2/cmsis_os2.o
                0x0000000008004ab0                vApplicationGetTimerTaskMemory
 .text.vListInitialise
                0x0000000008004ac8       0x16 Middlewares/Third_Party/FreeRTOS/Source/list.o
                0x0000000008004ac8                vListInitialise
 .text.vListInitialiseItem
                0x0000000008004ade        0x6 Middlewares/Third_Party/FreeRTOS/Source/list.o
                0x0000000008004ade                vListInitialiseItem
 .text.vListInsertEnd
                0x0000000008004ae4       0x18 Middlewares/Third_Party/FreeRTOS/Source/list.o
                0x0000000008004ae4                vListInsertEnd
 .text.vListInsert
                0x0000000008004afc       0x2e Middlewares/Third_Party/FreeRTOS/Source/list.o
                0x0000000008004afc                vListInsert
 .text.uxListRemove
                0x0000000008004b2a       0x22 Middlewares/Third_Party/FreeRTOS/Source/list.o
                0x0000000008004b2a                uxListRemove
 .text.prvIsQueueEmpty
                0x0000000008004b4c       0x16 Middlewares/Third_Party/FreeRTOS/Source/queue.o
 .text.prvCopyDataToQueue
                0x0000000008004b62       0x66 Middlewares/Third_Party/FreeRTOS/Source/queue.o
 .text.prvCopyDataFromQueue
                0x0000000008004bc8       0x2a Middlewares/Third_Party/FreeRTOS/Source/queue.o
 .text.prvUnlockQueue
                0x0000000008004bf2       0x70 Middlewares/Third_Party/FreeRTOS/Source/queue.o
 *fill*         0x0000000008004c62        0x2 
 .text.xQueueGenericReset
                0x0000000008004c64       0x80 Middlewares/Third_Party/FreeRTOS/Source/queue.o
                0x0000000008004c64                xQueueGenericReset
 .text.xQueueGenericCreateStatic
                0x0000000008004ce4       0x9c Middlewares/Third_Party/FreeRTOS/Source/queue.o
                0x0000000008004ce4                xQueueGenericCreateStatic
 .text.xQueueGenericSend
                0x0000000008004d80      0x164 Middlewares/Third_Party/FreeRTOS/Source/queue.o
                0x0000000008004d80                xQueueGenericSend
 .text.xQueueGenericSendFromISR
                0x0000000008004ee4       0xc2 Middlewares/Third_Party/FreeRTOS/Source/queue.o
                0x0000000008004ee4                xQueueGenericSendFromISR
 *fill*         0x0000000008004fa6        0x2 
 .text.xQueueReceive
                0x0000000008004fa8      0x140 Middlewares/Third_Party/FreeRTOS/Source/queue.o
                0x0000000008004fa8                xQueueReceive
 .text.vQueueAddToRegistry
                0x00000000080050e8       0x24 Middlewares/Third_Party/FreeRTOS/Source/queue.o
                0x00000000080050e8                vQueueAddToRegistry
 .text.vQueueWaitForMessageRestricted
                0x000000000800510c       0x46 Middlewares/Third_Party/FreeRTOS/Source/queue.o
                0x000000000800510c                vQueueWaitForMessageRestricted
 *fill*         0x0000000008005152        0x2 
 .text.prvAddNewTaskToReadyList
                0x0000000008005154      0x100 Middlewares/Third_Party/FreeRTOS/Source/tasks.o
 .text.prvDeleteTCB
                0x0000000008005254       0x36 Middlewares/Third_Party/FreeRTOS/Source/tasks.o
 *fill*         0x000000000800528a        0x2 
 .text.prvIdleTask
                0x000000000800528c       0x64 Middlewares/Third_Party/FreeRTOS/Source/tasks.o
 .text.prvResetNextTaskUnblockTime
                0x00000000080052f0       0x24 Middlewares/Third_Party/FreeRTOS/Source/tasks.o
 .text.prvInitialiseNewTask.isra.2
                0x0000000008005314       0x96 Middlewares/Third_Party/FreeRTOS/Source/tasks.o
 *fill*         0x00000000080053aa        0x2 
 .text.prvAddCurrentTaskToDelayedList
                0x00000000080053ac       0x74 Middlewares/Third_Party/FreeRTOS/Source/tasks.o
 .text.xTaskCreateStatic
                0x0000000008005420       0x70 Middlewares/Third_Party/FreeRTOS/Source/tasks.o
                0x0000000008005420                xTaskCreateStatic
 .text.xTaskCreate
                0x0000000008005490       0x5a Middlewares/Third_Party/FreeRTOS/Source/tasks.o
                0x0000000008005490                xTaskCreate
 *fill*         0x00000000080054ea        0x2 
 .text.vTaskStartScheduler
                0x00000000080054ec       0x88 Middlewares/Third_Party/FreeRTOS/Source/tasks.o
                0x00000000080054ec                vTaskStartScheduler
 .text.vTaskSuspendAll
                0x0000000008005574       0x10 Middlewares/Third_Party/FreeRTOS/Source/tasks.o
                0x0000000008005574                vTaskSuspendAll
 .text.xTaskGetTickCount
                0x0000000008005584        0xc Middlewares/Third_Party/FreeRTOS/Source/tasks.o
                0x0000000008005584                xTaskGetTickCount
 .text.xTaskIncrementTick
                0x0000000008005590      0x120 Middlewares/Third_Party/FreeRTOS/Source/tasks.o
                0x0000000008005590                xTaskIncrementTick
 .text.xTaskResumeAll
                0x00000000080056b0       0xe8 Middlewares/Third_Party/FreeRTOS/Source/tasks.o
                0x00000000080056b0                xTaskResumeAll
 .text.vTaskDelay
                0x0000000008005798       0x48 Middlewares/Third_Party/FreeRTOS/Source/tasks.o
                0x0000000008005798                vTaskDelay
 .text.vTaskSwitchContext
                0x00000000080057e0       0x78 Middlewares/Third_Party/FreeRTOS/Source/tasks.o
                0x00000000080057e0                vTaskSwitchContext
 .text.vTaskPlaceOnEventList
                0x0000000008005858       0x34 Middlewares/Third_Party/FreeRTOS/Source/tasks.o
                0x0000000008005858                vTaskPlaceOnEventList
 .text.vTaskPlaceOnEventListRestricted
                0x000000000800588c       0x3c Middlewares/Third_Party/FreeRTOS/Source/tasks.o
                0x000000000800588c                vTaskPlaceOnEventListRestricted
 .text.xTaskRemoveFromEventList
                0x00000000080058c8       0x80 Middlewares/Third_Party/FreeRTOS/Source/tasks.o
                0x00000000080058c8                xTaskRemoveFromEventList
 .text.vTaskInternalSetTimeOutState
                0x0000000008005948       0x18 Middlewares/Third_Party/FreeRTOS/Source/tasks.o
                0x0000000008005948                vTaskInternalSetTimeOutState
 .text.xTaskCheckForTimeOut
                0x0000000008005960       0x78 Middlewares/Third_Party/FreeRTOS/Source/tasks.o
                0x0000000008005960                xTaskCheckForTimeOut
 .text.vTaskMissedYield
                0x00000000080059d8        0xc Middlewares/Third_Party/FreeRTOS/Source/tasks.o
                0x00000000080059d8                vTaskMissedYield
 .text.xTaskGetSchedulerState
                0x00000000080059e4       0x20 Middlewares/Third_Party/FreeRTOS/Source/tasks.o
                0x00000000080059e4                xTaskGetSchedulerState
 .text.xTaskPriorityDisinherit
                0x0000000008005a04       0x84 Middlewares/Third_Party/FreeRTOS/Source/tasks.o
                0x0000000008005a04                xTaskPriorityDisinherit
 .text.prvCheckForValidListAndQueue
                0x0000000008005a88       0x68 Middlewares/Third_Party/FreeRTOS/Source/timers.o
 .text.prvInsertTimerInActiveList
                0x0000000008005af0       0x3c Middlewares/Third_Party/FreeRTOS/Source/timers.o
 .text.xTimerCreateTimerTask
                0x0000000008005b2c       0x64 Middlewares/Third_Party/FreeRTOS/Source/timers.o
                0x0000000008005b2c                xTimerCreateTimerTask
 .text.xTimerGenericCommand
                0x0000000008005b90       0x58 Middlewares/Third_Party/FreeRTOS/Source/timers.o
                0x0000000008005b90                xTimerGenericCommand
 .text.prvSwitchTimerLists
                0x0000000008005be8       0x80 Middlewares/Third_Party/FreeRTOS/Source/timers.o
 .text.prvTimerTask
                0x0000000008005c68      0x220 Middlewares/Third_Party/FreeRTOS/Source/timers.o
 .text.prvTaskExitError
                0x0000000008005e88       0x40 Middlewares/Third_Party/FreeRTOS/Source/portable/GCC/ARM_CM4F/port.o
 .text.unlikely.prvPortStartFirstTask
                0x0000000008005ec8       0x28 Middlewares/Third_Party/FreeRTOS/Source/portable/GCC/ARM_CM4F/port.o
 .text.unlikely.vPortEnableVFP
                0x0000000008005ef0       0x14 Middlewares/Third_Party/FreeRTOS/Source/portable/GCC/ARM_CM4F/port.o
 .text.pxPortInitialiseStack
                0x0000000008005f04       0x2c Middlewares/Third_Party/FreeRTOS/Source/portable/GCC/ARM_CM4F/port.o
                0x0000000008005f04                pxPortInitialiseStack
 .text.SVC_Handler
                0x0000000008005f30       0x24 Middlewares/Third_Party/FreeRTOS/Source/portable/GCC/ARM_CM4F/port.o
                0x0000000008005f30                SVC_Handler
 .text.vPortEnterCritical
                0x0000000008005f54       0x44 Middlewares/Third_Party/FreeRTOS/Source/portable/GCC/ARM_CM4F/port.o
                0x0000000008005f54                vPortEnterCritical
 .text.vPortExitCritical
                0x0000000008005f98       0x28 Middlewares/Third_Party/FreeRTOS/Source/portable/GCC/ARM_CM4F/port.o
                0x0000000008005f98                vPortExitCritical
 .text.PendSV_Handler
                0x0000000008005fc0       0x64 Middlewares/Third_Party/FreeRTOS/Source/portable/GCC/ARM_CM4F/port.o
                0x0000000008005fc0                PendSV_Handler
 .text.SysTick_Handler
                0x0000000008006024       0x2c Middlewares/Third_Party/FreeRTOS/Source/portable/GCC/ARM_CM4F/port.o
                0x0000000008006024                SysTick_Handler
 .text.vPortSetupTimerInterrupt
                0x0000000008006050       0x34 Middlewares/Third_Party/FreeRTOS/Source/portable/GCC/ARM_CM4F/port.o
                0x0000000008006050                vPortSetupTimerInterrupt
 .text.xPortStartScheduler
                0x0000000008006084      0x10c Middlewares/Third_Party/FreeRTOS/Source/portable/GCC/ARM_CM4F/port.o
                0x0000000008006084                xPortStartScheduler
 .text.vPortValidateInterruptPriority
                0x0000000008006190       0x5c Middlewares/Third_Party/FreeRTOS/Source/portable/GCC/ARM_CM4F/port.o
                0x0000000008006190                vPortValidateInterruptPriority
 .text.unlikely.prvInsertBlockIntoFreeList
                0x00000000080061ec       0x48 Middlewares/Third_Party/FreeRTOS/Source/portable/MemMang/heap_4.o
 .text.pvPortMalloc
                0x0000000008006234      0x118 Middlewares/Third_Party/FreeRTOS/Source/portable/MemMang/heap_4.o
                0x0000000008006234                pvPortMalloc
 .text.vPortFree
                0x000000000800634c       0x70 Middlewares/Third_Party/FreeRTOS/Source/portable/MemMang/heap_4.o
                0x000000000800634c                vPortFree
 .text.MX_USB_DEVICE_Init
                0x00000000080063bc       0x50 USB_DEVICE/App/usb_device.o
                0x00000000080063bc                MX_USB_DEVICE_Init
 .text.CDC_DeInit_FS
                0x000000000800640c        0x4 USB_DEVICE/App/usbd_cdc_if.o
 .text.CDC_TransmitCplt_FS
                0x0000000008006410        0x4 USB_DEVICE/App/usbd_cdc_if.o
 .text.CDC_Receive_FS
                0x0000000008006414       0x1c USB_DEVICE/App/usbd_cdc_if.o
 .text.CDC_Init_FS
                0x0000000008006430       0x28 USB_DEVICE/App/usbd_cdc_if.o
 .text.CDC_Control_FS
                0x0000000008006458       0x30 USB_DEVICE/App/usbd_cdc_if.o
 .text.CDC_Transmit_FS
                0x0000000008006488       0x2c USB_DEVICE/App/usbd_cdc_if.o
                0x0000000008006488                CDC_Transmit_FS
 .text.USBD_FS_DeviceDescriptor
                0x00000000080064b4        0xc USB_DEVICE/App/usbd_desc.o
                0x00000000080064b4                USBD_FS_DeviceDescriptor
 .text.USBD_FS_LangIDStrDescriptor
                0x00000000080064c0        0xc USB_DEVICE/App/usbd_desc.o
                0x00000000080064c0                USBD_FS_LangIDStrDescriptor
 .text.IntToUnicode
                0x00000000080064cc       0x2a USB_DEVICE/App/usbd_desc.o
 *fill*         0x00000000080064f6        0x2 
 .text.USBD_FS_SerialStrDescriptor
                0x00000000080064f8       0x40 USB_DEVICE/App/usbd_desc.o
                0x00000000080064f8                USBD_FS_SerialStrDescriptor
 .text.USBD_FS_ManufacturerStrDescriptor
                0x0000000008006538       0x1c USB_DEVICE/App/usbd_desc.o
                0x0000000008006538                USBD_FS_ManufacturerStrDescriptor
 .text.USBD_FS_ProductStrDescriptor
                0x0000000008006554       0x1c USB_DEVICE/App/usbd_desc.o
                0x0000000008006554                USBD_FS_ProductStrDescriptor
 .text.USBD_FS_ConfigStrDescriptor
                0x0000000008006570       0x1c USB_DEVICE/App/usbd_desc.o
                0x0000000008006570                USBD_FS_ConfigStrDescriptor
 .text.USBD_FS_InterfaceStrDescriptor
                0x000000000800658c       0x1c USB_DEVICE/App/usbd_desc.o
                0x000000000800658c                USBD_FS_InterfaceStrDescriptor
 .text.HAL_PCD_MspInit
                0x00000000080065a8       0x84 USB_DEVICE/Target/usbd_conf.o
                0x00000000080065a8                HAL_PCD_MspInit
 .text.HAL_PCD_SetupStageCallback
                0x000000000800662c        0xc USB_DEVICE/Target/usbd_conf.o
                0x000000000800662c                HAL_PCD_SetupStageCallback
 .text.HAL_PCD_DataOutStageCallback
                0x0000000008006638       0x12 USB_DEVICE/Target/usbd_conf.o
                0x0000000008006638                HAL_PCD_DataOutStageCallback
 .text.HAL_PCD_DataInStageCallback
                0x000000000800664a       0x10 USB_DEVICE/Target/usbd_conf.o
                0x000000000800664a                HAL_PCD_DataInStageCallback
 .text.HAL_PCD_SOFCallback
                0x000000000800665a        0x8 USB_DEVICE/Target/usbd_conf.o
                0x000000000800665a                HAL_PCD_SOFCallback
 .text.HAL_PCD_ResetCallback
                0x0000000008006662       0x24 USB_DEVICE/Target/usbd_conf.o
                0x0000000008006662                HAL_PCD_ResetCallback
 *fill*         0x0000000008006686        0x2 
 .text.HAL_PCD_SuspendCallback
                0x0000000008006688       0x30 USB_DEVICE/Target/usbd_conf.o
                0x0000000008006688                HAL_PCD_SuspendCallback
 .text.HAL_PCD_ResumeCallback
                0x00000000080066b8        0x8 USB_DEVICE/Target/usbd_conf.o
                0x00000000080066b8                HAL_PCD_ResumeCallback
 .text.HAL_PCD_ISOOUTIncompleteCallback
                0x00000000080066c0        0x8 USB_DEVICE/Target/usbd_conf.o
                0x00000000080066c0                HAL_PCD_ISOOUTIncompleteCallback
 .text.HAL_PCD_ISOINIncompleteCallback
                0x00000000080066c8        0x8 USB_DEVICE/Target/usbd_conf.o
                0x00000000080066c8                HAL_PCD_ISOINIncompleteCallback
 .text.HAL_PCD_ConnectCallback
                0x00000000080066d0        0x8 USB_DEVICE/Target/usbd_conf.o
                0x00000000080066d0                HAL_PCD_ConnectCallback
 .text.HAL_PCD_DisconnectCallback
                0x00000000080066d8        0x8 USB_DEVICE/Target/usbd_conf.o
                0x00000000080066d8                HAL_PCD_DisconnectCallback
 .text.USBD_LL_Init
                0x00000000080066e0       0x5c USB_DEVICE/Target/usbd_conf.o
                0x00000000080066e0                USBD_LL_Init
 .text.USBD_LL_Start
                0x000000000800673c       0x1c USB_DEVICE/Target/usbd_conf.o
                0x000000000800673c                USBD_LL_Start
 .text.USBD_LL_OpenEP
                0x0000000008006758       0x20 USB_DEVICE/Target/usbd_conf.o
                0x0000000008006758                USBD_LL_OpenEP
 .text.USBD_LL_CloseEP
                0x0000000008006778       0x1c USB_DEVICE/Target/usbd_conf.o
                0x0000000008006778                USBD_LL_CloseEP
 .text.USBD_LL_StallEP
                0x0000000008006794       0x1c USB_DEVICE/Target/usbd_conf.o
                0x0000000008006794                USBD_LL_StallEP
 .text.USBD_LL_ClearStallEP
                0x00000000080067b0       0x1c USB_DEVICE/Target/usbd_conf.o
                0x00000000080067b0                USBD_LL_ClearStallEP
 .text.USBD_LL_IsStallEP
                0x00000000080067cc       0x26 USB_DEVICE/Target/usbd_conf.o
                0x00000000080067cc                USBD_LL_IsStallEP
 *fill*         0x00000000080067f2        0x2 
 .text.USBD_LL_SetUSBAddress
                0x00000000080067f4       0x1c USB_DEVICE/Target/usbd_conf.o
                0x00000000080067f4                USBD_LL_SetUSBAddress
 .text.USBD_LL_Transmit
                0x0000000008006810       0x1c USB_DEVICE/Target/usbd_conf.o
                0x0000000008006810                USBD_LL_Transmit
 .text.USBD_LL_PrepareReceive
                0x000000000800682c       0x1c USB_DEVICE/Target/usbd_conf.o
                0x000000000800682c                USBD_LL_PrepareReceive
 .text.USBD_LL_GetRxDataSize
                0x0000000008006848        0x8 USB_DEVICE/Target/usbd_conf.o
                0x0000000008006848                USBD_LL_GetRxDataSize
 .text.__errno  0x0000000008006850        0xc d:/program files (x86)/stm32cubeide_1.3.0/stm32cubeide/plugins/com.st.stm32cube.ide.mcu.externaltools.gnu-tools-for-stm32.7-2018-q2-update.win32_1.5.0.202011040924/tools/bin/../lib/gcc/arm-none-eabi/7.3.1/../../../../arm-none-eabi/lib/thumb/v7e-m/fpv4-sp/hard\libc_nano.a(lib_a-errno.o)
                0x0000000008006850                __errno
 .text.__libc_init_array
                0x000000000800685c       0x48 d:/program files (x86)/stm32cubeide_1.3.0/stm32cubeide/plugins/com.st.stm32cube.ide.mcu.externaltools.gnu-tools-for-stm32.7-2018-q2-update.win32_1.5.0.202011040924/tools/bin/../lib/gcc/arm-none-eabi/7.3.1/../../../../arm-none-eabi/lib/thumb/v7e-m/fpv4-sp/hard\libc_nano.a(lib_a-init.o)
                0x000000000800685c                __libc_init_array
 .text.malloc   0x00000000080068a4       0x10 d:/program files (x86)/stm32cubeide_1.3.0/stm32cubeide/plugins/com.st.stm32cube.ide.mcu.externaltools.gnu-tools-for-stm32.7-2018-q2-update.win32_1.5.0.202011040924/tools/bin/../lib/gcc/arm-none-eabi/7.3.1/../../../../arm-none-eabi/lib/thumb/v7e-m/fpv4-sp/hard\libc_nano.a(lib_a-malloc.o)
                0x00000000080068a4                malloc
 .text.free     0x00000000080068b4       0x10 d:/program files (x86)/stm32cubeide_1.3.0/stm32cubeide/plugins/com.st.stm32cube.ide.mcu.externaltools.gnu-tools-for-stm32.7-2018-q2-update.win32_1.5.0.202011040924/tools/bin/../lib/gcc/arm-none-eabi/7.3.1/../../../../arm-none-eabi/lib/thumb/v7e-m/fpv4-sp/hard\libc_nano.a(lib_a-malloc.o)
                0x00000000080068b4                free
 .text.memcpy   0x00000000080068c4       0x16 d:/program files (x86)/stm32cubeide_1.3.0/stm32cubeide/plugins/com.st.stm32cube.ide.mcu.externaltools.gnu-tools-for-stm32.7-2018-q2-update.win32_1.5.0.202011040924/tools/bin/../lib/gcc/arm-none-eabi/7.3.1/../../../../arm-none-eabi/lib/thumb/v7e-m/fpv4-sp/hard\libc_nano.a(lib_a-memcpy-stub.o)
                0x00000000080068c4                memcpy
 .text.memset   0x00000000080068da       0x10 d:/program files (x86)/stm32cubeide_1.3.0/stm32cubeide/plugins/com.st.stm32cube.ide.mcu.externaltools.gnu-tools-for-stm32.7-2018-q2-update.win32_1.5.0.202011040924/tools/bin/../lib/gcc/arm-none-eabi/7.3.1/../../../../arm-none-eabi/lib/thumb/v7e-m/fpv4-sp/hard\libc_nano.a(lib_a-memset.o)
                0x00000000080068da                memset
 *fill*         0x00000000080068ea        0x2 
 .text._free_r  0x00000000080068ec       0x9c d:/program files (x86)/stm32cubeide_1.3.0/stm32cubeide/plugins/com.st.stm32cube.ide.mcu.externaltools.gnu-tools-for-stm32.7-2018-q2-update.win32_1.5.0.202011040924/tools/bin/../lib/gcc/arm-none-eabi/7.3.1/../../../../arm-none-eabi/lib/thumb/v7e-m/fpv4-sp/hard\libc_nano.a(lib_a-nano-freer.o)
                0x00000000080068ec                _free_r
 .text._malloc_r
                0x0000000008006988       0xb4 d:/program files (x86)/stm32cubeide_1.3.0/stm32cubeide/plugins/com.st.stm32cube.ide.mcu.externaltools.gnu-tools-for-stm32.7-2018-q2-update.win32_1.5.0.202011040924/tools/bin/../lib/gcc/arm-none-eabi/7.3.1/../../../../arm-none-eabi/lib/thumb/v7e-m/fpv4-sp/hard\libc_nano.a(lib_a-nano-mallocr.o)
                0x0000000008006988                _malloc_r
 .text._sbrk_r  0x0000000008006a3c       0x20 d:/program files (x86)/stm32cubeide_1.3.0/stm32cubeide/plugins/com.st.stm32cube.ide.mcu.externaltools.gnu-tools-for-stm32.7-2018-q2-update.win32_1.5.0.202011040924/tools/bin/../lib/gcc/arm-none-eabi/7.3.1/../../../../arm-none-eabi/lib/thumb/v7e-m/fpv4-sp/hard\libc_nano.a(lib_a-sbrkr.o)
                0x0000000008006a3c                _sbrk_r
 .text.snprintf
                0x0000000008006a5c       0x68 d:/program files (x86)/stm32cubeide_1.3.0/stm32cubeide/plugins/com.st.stm32cube.ide.mcu.externaltools.gnu-tools-for-stm32.7-2018-q2-update.win32_1.5.0.202011040924/tools/bin/../lib/gcc/arm-none-eabi/7.3.1/../../../../arm-none-eabi/lib/thumb/v7e-m/fpv4-sp/hard\libc_nano.a(lib_a-snprintf.o)
                0x0000000008006a5c                sniprintf
                0x0000000008006a5c                snprintf
 .text.strcpy   0x0000000008006ac4       0x10 d:/program files (x86)/stm32cubeide_1.3.0/stm32cubeide/plugins/com.st.stm32cube.ide.mcu.externaltools.gnu-tools-for-stm32.7-2018-q2-update.win32_1.5.0.202011040924/tools/bin/../lib/gcc/arm-none-eabi/7.3.1/../../../../arm-none-eabi/lib/thumb/v7e-m/fpv4-sp/hard\libc_nano.a(lib_a-strcpy.o)
                0x0000000008006ac4                strcpy
 .text.strncmp  0x0000000008006ad4       0x24 d:/program files (x86)/stm32cubeide_1.3.0/stm32cubeide/plugins/com.st.stm32cube.ide.mcu.externaltools.gnu-tools-for-stm32.7-2018-q2-update.win32_1.5.0.202011040924/tools/bin/../lib/gcc/arm-none-eabi/7.3.1/../../../../arm-none-eabi/lib/thumb/v7e-m/fpv4-sp/hard\libc_nano.a(lib_a-strncmp.o)
                0x0000000008006ad4                strncmp
 .text.__malloc_lock
                0x0000000008006af8        0x2 d:/program files (x86)/stm32cubeide_1.3.0/stm32cubeide/plugins/com.st.stm32cube.ide.mcu.externaltools.gnu-tools-for-stm32.7-2018-q2-update.win32_1.5.0.202011040924/tools/bin/../lib/gcc/arm-none-eabi/7.3.1/../../../../arm-none-eabi/lib/thumb/v7e-m/fpv4-sp/hard\libc_nano.a(lib_a-mlock.o)
                0x0000000008006af8                __malloc_lock
 .text.__malloc_unlock
                0x0000000008006afa        0x2 d:/program files (x86)/stm32cubeide_1.3.0/stm32cubeide/plugins/com.st.stm32cube.ide.mcu.externaltools.gnu-tools-for-stm32.7-2018-q2-update.win32_1.5.0.202011040924/tools/bin/../lib/gcc/arm-none-eabi/7.3.1/../../../../arm-none-eabi/lib/thumb/v7e-m/fpv4-sp/hard\libc_nano.a(lib_a-mlock.o)
                0x0000000008006afa                __malloc_unlock
 .text.__ssputs_r
                0x0000000008006afc       0xb4 d:/program files (x86)/stm32cubeide_1.3.0/stm32cubeide/plugins/com.st.stm32cube.ide.mcu.externaltools.gnu-tools-for-stm32.7-2018-q2-update.win32_1.5.0.202011040924/tools/bin/../lib/gcc/arm-none-eabi/7.3.1/../../../../arm-none-eabi/lib/thumb/v7e-m/fpv4-sp/hard\libc_nano.a(lib_a-nano-svfprintf.o)
                0x0000000008006afc                __ssputs_r
 .text._svfprintf_r
                0x0000000008006bb0      0x1f0 d:/program files (x86)/stm32cubeide_1.3.0/stm32cubeide/plugins/com.st.stm32cube.ide.mcu.externaltools.gnu-tools-for-stm32.7-2018-q2-update.win32_1.5.0.202011040924/tools/bin/../lib/gcc/arm-none-eabi/7.3.1/../../../../arm-none-eabi/lib/thumb/v7e-m/fpv4-sp/hard\libc_nano.a(lib_a-nano-svfprintf.o)
                0x0000000008006bb0                _svfiprintf_r
                0x0000000008006bb0                _svfprintf_r
 .text._printf_common
                0x0000000008006da0       0xea d:/program files (x86)/stm32cubeide_1.3.0/stm32cubeide/plugins/com.st.stm32cube.ide.mcu.externaltools.gnu-tools-for-stm32.7-2018-q2-update.win32_1.5.0.202011040924/tools/bin/../lib/gcc/arm-none-eabi/7.3.1/../../../../arm-none-eabi/lib/thumb/v7e-m/fpv4-sp/hard\libc_nano.a(lib_a-nano-vfprintf_i.o)
                0x0000000008006da0                _printf_common
 *fill*         0x0000000008006e8a        0x2 
 .text._printf_i
                0x0000000008006e8c      0x224 d:/program files (x86)/stm32cubeide_1.3.0/stm32cubeide/plugins/com.st.stm32cube.ide.mcu.externaltools.gnu-tools-for-stm32.7-2018-q2-update.win32_1.5.0.202011040924/tools/bin/../lib/gcc/arm-none-eabi/7.3.1/../../../../arm-none-eabi/lib/thumb/v7e-m/fpv4-sp/hard\libc_nano.a(lib_a-nano-vfprintf_i.o)
                0x0000000008006e8c                _printf_i
 .text.memmove  0x00000000080070b0       0x32 d:/program files (x86)/stm32cubeide_1.3.0/stm32cubeide/plugins/com.st.stm32cube.ide.mcu.externaltools.gnu-tools-for-stm32.7-2018-q2-update.win32_1.5.0.202011040924/tools/bin/../lib/gcc/arm-none-eabi/7.3.1/../../../../arm-none-eabi/lib/thumb/v7e-m/fpv4-sp/hard\libc_nano.a(lib_a-memmove.o)
                0x00000000080070b0                memmove
 .text._realloc_r
                0x00000000080070e2       0x4c d:/program files (x86)/stm32cubeide_1.3.0/stm32cubeide/plugins/com.st.stm32cube.ide.mcu.externaltools.gnu-tools-for-stm32.7-2018-q2-update.win32_1.5.0.202011040924/tools/bin/../lib/gcc/arm-none-eabi/7.3.1/../../../../arm-none-eabi/lib/thumb/v7e-m/fpv4-sp/hard\libc_nano.a(lib_a-nano-reallocr.o)
                0x00000000080070e2                _realloc_r
 .text._malloc_usable_size_r
                0x000000000800712e       0x10 d:/program files (x86)/stm32cubeide_1.3.0/stm32cubeide/plugins/com.st.stm32cube.ide.mcu.externaltools.gnu-tools-for-stm32.7-2018-q2-update.win32_1.5.0.202011040924/tools/bin/../lib/gcc/arm-none-eabi/7.3.1/../../../../arm-none-eabi/lib/thumb/v7e-m/fpv4-sp/hard\libc_nano.a(lib_a-nano-msizer.o)
                0x000000000800712e                _malloc_usable_size_r
 *(.glue_7)
 .glue_7        0x000000000800713e        0x0 linker stubs
 *(.glue_7t)
 .glue_7t       0x000000000800713e        0x0 linker stubs
 *(.eh_frame)
 *fill*         0x000000000800713e        0x2 
 .eh_frame      0x0000000008007140        0x0 d:/program files (x86)/stm32cubeide_1.3.0/stm32cubeide/plugins/com.st.stm32cube.ide.mcu.externaltools.gnu-tools-for-stm32.7-2018-q2-update.win32_1.5.0.202011040924/tools/bin/../lib/gcc/arm-none-eabi/7.3.1/thumb/v7e-m/fpv4-sp/hard/crtbegin.o
 *(.init)
 .init          0x0000000008007140        0x4 d:/program files (x86)/stm32cubeide_1.3.0/stm32cubeide/plugins/com.st.stm32cube.ide.mcu.externaltools.gnu-tools-for-stm32.7-2018-q2-update.win32_1.5.0.202011040924/tools/bin/../lib/gcc/arm-none-eabi/7.3.1/thumb/v7e-m/fpv4-sp/hard/crti.o
                0x0000000008007140                _init
 .init          0x0000000008007144        0x8 d:/program files (x86)/stm32cubeide_1.3.0/stm32cubeide/plugins/com.st.stm32cube.ide.mcu.externaltools.gnu-tools-for-stm32.7-2018-q2-update.win32_1.5.0.202011040924/tools/bin/../lib/gcc/arm-none-eabi/7.3.1/thumb/v7e-m/fpv4-sp/hard/crtn.o
 *(.fini)
 .fini          0x000000000800714c        0x4 d:/program files (x86)/stm32cubeide_1.3.0/stm32cubeide/plugins/com.st.stm32cube.ide.mcu.externaltools.gnu-tools-for-stm32.7-2018-q2-update.win32_1.5.0.202011040924/tools/bin/../lib/gcc/arm-none-eabi/7.3.1/thumb/v7e-m/fpv4-sp/hard/crti.o
                0x000000000800714c                _fini
 .fini          0x0000000008007150        0x8 d:/program files (x86)/stm32cubeide_1.3.0/stm32cubeide/plugins/com.st.stm32cube.ide.mcu.externaltools.gnu-tools-for-stm32.7-2018-q2-update.win32_1.5.0.202011040924/tools/bin/../lib/gcc/arm-none-eabi/7.3.1/thumb/v7e-m/fpv4-sp/hard/crtn.o
                0x0000000008007158                . = ALIGN (0x4)
                0x0000000008007158                _etext = .

.vfp11_veneer   0x0000000008007158        0x0
 .vfp11_veneer  0x0000000008007158        0x0 linker stubs

.v4_bx          0x0000000008007158        0x0
 .v4_bx         0x0000000008007158        0x0 linker stubs

.iplt           0x0000000008007158        0x0
 .iplt          0x0000000008007158        0x0 d:/program files (x86)/stm32cubeide_1.3.0/stm32cubeide/plugins/com.st.stm32cube.ide.mcu.externaltools.gnu-tools-for-stm32.7-2018-q2-update.win32_1.5.0.202011040924/tools/bin/../lib/gcc/arm-none-eabi/7.3.1/thumb/v7e-m/fpv4-sp/hard/crtbegin.o

.rodata         0x0000000008007158      0x13c
                0x0000000008007158                . = ALIGN (0x4)
 *(.rodata)
 *(.rodata*)
 .rodata.HAL_UART_ErrorCallback.str1.1
                0x0000000008007158       0x1f Core/Src/main.o
 .rodata.HAL_UART_RxHalfCpltCallback.str1.1
                0x0000000008007177       0x15 Core/Src/main.o
 .rodata._Z16StartDefaultTaskPv.str1.1
                0x000000000800718c       0x21 Core/Src/main.o
 .rodata._Z7ESPTaskPv.str1.1
                0x00000000080071ad       0x1f Core/Src/main.o
 .rodata.main.str1.1
                0x00000000080071cc       0x14 Core/Src/main.o
 .rodata.AHBPrescTable
                0x00000000080071e0       0x10 Core/Src/system_stm32f4xx.o
                0x00000000080071e0                AHBPrescTable
 .rodata.APBPrescTable
                0x00000000080071f0        0x8 Core/Src/system_stm32f4xx.o
                0x00000000080071f0                APBPrescTable
 .rodata.GPIO_PIN
                0x00000000080071f8        0x8 Drivers/BSP/STM32F411E-Discovery/stm32f411e_discovery.o
                0x00000000080071f8                GPIO_PIN
 .rodata.flagBitshiftOffset.8687
                0x0000000008007200        0x8 Drivers/STM32F4xx_HAL_Driver/Src/stm32f4xx_hal_dma.o
 .rodata.vTaskStartScheduler.str1.1
                0x0000000008007208        0x5 Middlewares/Third_Party/FreeRTOS/Source/tasks.o
 .rodata.prvCheckForValidListAndQueue.str1.1
                0x000000000800720d        0x5 Middlewares/Third_Party/FreeRTOS/Source/timers.o
 .rodata.xTimerCreateTimerTask.str1.1
                0x0000000008007212        0x8 Middlewares/Third_Party/FreeRTOS/Source/timers.o
 .rodata.USBD_FS_ConfigStrDescriptor.str1.1
                0x000000000800721a        0xb USB_DEVICE/App/usbd_desc.o
 .rodata.USBD_FS_InterfaceStrDescriptor.str1.1
                0x0000000008007225        0xe USB_DEVICE/App/usbd_desc.o
 .rodata.USBD_FS_ManufacturerStrDescriptor.str1.1
                0x0000000008007233       0x13 USB_DEVICE/App/usbd_desc.o
 .rodata.USBD_FS_ProductStrDescriptor.str1.1
                0x0000000008007246       0x16 USB_DEVICE/App/usbd_desc.o
 .rodata.CSWTCH.21
                0x000000000800725c        0x4 USB_DEVICE/Target/usbd_conf.o
 .rodata._svfprintf_r.str1.1
                0x0000000008007260       0x11 d:/program files (x86)/stm32cubeide_1.3.0/stm32cubeide/plugins/com.st.stm32cube.ide.mcu.externaltools.gnu-tools-for-stm32.7-2018-q2-update.win32_1.5.0.202011040924/tools/bin/../lib/gcc/arm-none-eabi/7.3.1/../../../../arm-none-eabi/lib/thumb/v7e-m/fpv4-sp/hard\libc_nano.a(lib_a-nano-svfprintf.o)
 .rodata._printf_i.str1.1
                0x0000000008007271       0x22 d:/program files (x86)/stm32cubeide_1.3.0/stm32cubeide/plugins/com.st.stm32cube.ide.mcu.externaltools.gnu-tools-for-stm32.7-2018-q2-update.win32_1.5.0.202011040924/tools/bin/../lib/gcc/arm-none-eabi/7.3.1/../../../../arm-none-eabi/lib/thumb/v7e-m/fpv4-sp/hard\libc_nano.a(lib_a-nano-vfprintf_i.o)
                0x0000000008007294                . = ALIGN (0x4)
 *fill*         0x0000000008007293        0x1 

.ARM.extab      0x0000000008007294        0x0
                0x0000000008007294                . = ALIGN (0x4)
 *(.ARM.extab* .gnu.linkonce.armextab.*)
                0x0000000008007294                . = ALIGN (0x4)

.ARM            0x0000000008007294        0x8
                0x0000000008007294                . = ALIGN (0x4)
                0x0000000008007294                __exidx_start = .
 *(.ARM.exidx*)
 .ARM.exidx     0x0000000008007294        0x8 d:/program files (x86)/stm32cubeide_1.3.0/stm32cubeide/plugins/com.st.stm32cube.ide.mcu.externaltools.gnu-tools-for-stm32.7-2018-q2-update.win32_1.5.0.202011040924/tools/bin/../lib/gcc/arm-none-eabi/7.3.1/thumb/v7e-m/fpv4-sp/hard\libgcc.a(_udivmoddi4.o)
                0x000000000800729c                __exidx_end = .
                0x000000000800729c                . = ALIGN (0x4)

.rel.dyn        0x000000000800729c        0x0
 .rel.iplt      0x000000000800729c        0x0 d:/program files (x86)/stm32cubeide_1.3.0/stm32cubeide/plugins/com.st.stm32cube.ide.mcu.externaltools.gnu-tools-for-stm32.7-2018-q2-update.win32_1.5.0.202011040924/tools/bin/../lib/gcc/arm-none-eabi/7.3.1/thumb/v7e-m/fpv4-sp/hard/crtbegin.o

.preinit_array  0x000000000800729c        0x0
                0x000000000800729c                . = ALIGN (0x4)
                0x000000000800729c                PROVIDE (__preinit_array_start = .)
 *(.preinit_array*)
                0x000000000800729c                PROVIDE (__preinit_array_end = .)
                0x000000000800729c                . = ALIGN (0x4)

.init_array     0x000000000800729c        0x4
                0x000000000800729c                . = ALIGN (0x4)
                0x000000000800729c                PROVIDE (__init_array_start = .)
 *(SORT_BY_NAME(.init_array.*))
 *(.init_array*)
 .init_array    0x000000000800729c        0x4 d:/program files (x86)/stm32cubeide_1.3.0/stm32cubeide/plugins/com.st.stm32cube.ide.mcu.externaltools.gnu-tools-for-stm32.7-2018-q2-update.win32_1.5.0.202011040924/tools/bin/../lib/gcc/arm-none-eabi/7.3.1/thumb/v7e-m/fpv4-sp/hard/crtbegin.o
                0x00000000080072a0                PROVIDE (__init_array_end = .)
                0x00000000080072a0                . = ALIGN (0x4)

.fini_array     0x00000000080072a0        0x4
                0x00000000080072a0                . = ALIGN (0x4)
                [!provide]                        PROVIDE (__fini_array_start = .)
 *(SORT_BY_NAME(.fini_array.*))
 *(.fini_array*)
 .fini_array    0x00000000080072a0        0x4 d:/program files (x86)/stm32cubeide_1.3.0/stm32cubeide/plugins/com.st.stm32cube.ide.mcu.externaltools.gnu-tools-for-stm32.7-2018-q2-update.win32_1.5.0.202011040924/tools/bin/../lib/gcc/arm-none-eabi/7.3.1/thumb/v7e-m/fpv4-sp/hard/crtbegin.o
                [!provide]                        PROVIDE (__fini_array_end = .)
                0x00000000080072a4                . = ALIGN (0x4)
                0x00000000080072a4                _sidata = LOADADDR (.data)

.data           0x0000000020000000      0x204 load address 0x00000000080072a4
                0x0000000020000000                . = ALIGN (0x4)
                0x0000000020000000                _sdata = .
 *(.data)
 *(.data*)
 .data.SystemCoreClock
                0x0000000020000000        0x4 Core/Src/system_stm32f4xx.o
                0x0000000020000000                SystemCoreClock
 .data.GPIO_PORT
                0x0000000020000004       0x10 Drivers/BSP/STM32F411E-Discovery/stm32f411e_discovery.o
                0x0000000020000004                GPIO_PORT
 .data.I2cxTimeout
                0x0000000020000014        0x4 Drivers/BSP/STM32F411E-Discovery/stm32f411e_discovery.o
                0x0000000020000014                I2cxTimeout
 .data.uwTickFreq
                0x0000000020000018        0x1 Drivers/STM32F4xx_HAL_Driver/Src/stm32f4xx_hal.o
                0x0000000020000018                uwTickFreq
 *fill*         0x0000000020000019        0x3 
 .data.uwTickPrio
                0x000000002000001c        0x4 Drivers/STM32F4xx_HAL_Driver/Src/stm32f4xx_hal.o
                0x000000002000001c                uwTickPrio
 .data.USBD_CDC
                0x0000000020000020       0x38 Middlewares/ST/STM32_USB_Device_Library/Class/CDC/Src/usbd_cdc.o
                0x0000000020000020                USBD_CDC
 .data.USBD_CDC_CfgFSDesc
                0x0000000020000058       0x43 Middlewares/ST/STM32_USB_Device_Library/Class/CDC/Src/usbd_cdc.o
 *fill*         0x000000002000009b        0x1 
 .data.USBD_CDC_CfgHSDesc
                0x000000002000009c       0x43 Middlewares/ST/STM32_USB_Device_Library/Class/CDC/Src/usbd_cdc.o
 *fill*         0x00000000200000df        0x1 
 .data.USBD_CDC_DeviceQualifierDesc
                0x00000000200000e0        0xa Middlewares/ST/STM32_USB_Device_Library/Class/CDC/Src/usbd_cdc.o
 *fill*         0x00000000200000ea        0x2 
 .data.USBD_CDC_OtherSpeedCfgDesc
                0x00000000200000ec       0x43 Middlewares/ST/STM32_USB_Device_Library/Class/CDC/Src/usbd_cdc.o
 *fill*         0x000000002000012f        0x1 
 .data.uxCriticalNesting
                0x0000000020000130        0x4 Middlewares/Third_Party/FreeRTOS/Source/portable/GCC/ARM_CM4F/port.o
 .data.USBD_Interface_fops_FS
                0x0000000020000134       0x14 USB_DEVICE/App/usbd_cdc_if.o
                0x0000000020000134                USBD_Interface_fops_FS
 .data.lineCoding
                0x0000000020000148        0x7 USB_DEVICE/App/usbd_cdc_if.o
 *fill*         0x000000002000014f        0x1 
 .data.FS_Desc  0x0000000020000150       0x1c USB_DEVICE/App/usbd_desc.o
                0x0000000020000150                FS_Desc
 .data.USBD_FS_DeviceDesc
                0x000000002000016c       0x12 USB_DEVICE/App/usbd_desc.o
                0x000000002000016c                USBD_FS_DeviceDesc
 *fill*         0x000000002000017e        0x2 
 .data.USBD_LangIDDesc
                0x0000000020000180        0x4 USB_DEVICE/App/usbd_desc.o
                0x0000000020000180                USBD_LangIDDesc
 .data.USBD_StringSerial
                0x0000000020000184       0x1a USB_DEVICE/App/usbd_desc.o
                0x0000000020000184                USBD_StringSerial
 *fill*         0x000000002000019e        0x2 
 .data._impure_ptr
                0x00000000200001a0        0x4 d:/program files (x86)/stm32cubeide_1.3.0/stm32cubeide/plugins/com.st.stm32cube.ide.mcu.externaltools.gnu-tools-for-stm32.7-2018-q2-update.win32_1.5.0.202011040924/tools/bin/../lib/gcc/arm-none-eabi/7.3.1/../../../../arm-none-eabi/lib/thumb/v7e-m/fpv4-sp/hard\libc_nano.a(lib_a-impure.o)
                0x00000000200001a0                _impure_ptr
 .data.impure_data
                0x00000000200001a4       0x60 d:/program files (x86)/stm32cubeide_1.3.0/stm32cubeide/plugins/com.st.stm32cube.ide.mcu.externaltools.gnu-tools-for-stm32.7-2018-q2-update.win32_1.5.0.202011040924/tools/bin/../lib/gcc/arm-none-eabi/7.3.1/../../../../arm-none-eabi/lib/thumb/v7e-m/fpv4-sp/hard\libc_nano.a(lib_a-impure.o)
                0x0000000020000204                . = ALIGN (0x4)
                0x0000000020000204                _edata = .

.igot.plt       0x0000000020000204        0x0 load address 0x00000000080074a8
 .igot.plt      0x0000000020000204        0x0 d:/program files (x86)/stm32cubeide_1.3.0/stm32cubeide/plugins/com.st.stm32cube.ide.mcu.externaltools.gnu-tools-for-stm32.7-2018-q2-update.win32_1.5.0.202011040924/tools/bin/../lib/gcc/arm-none-eabi/7.3.1/thumb/v7e-m/fpv4-sp/hard/crtbegin.o
                0x0000000020000204                . = ALIGN (0x4)

.bss            0x0000000020000204     0x651c load address 0x00000000080074a8
                0x0000000020000204                _sbss = .
                0x0000000020000204                __bss_start__ = _sbss
 *(.bss)
 .bss           0x0000000020000204       0x1c d:/program files (x86)/stm32cubeide_1.3.0/stm32cubeide/plugins/com.st.stm32cube.ide.mcu.externaltools.gnu-tools-for-stm32.7-2018-q2-update.win32_1.5.0.202011040924/tools/bin/../lib/gcc/arm-none-eabi/7.3.1/thumb/v7e-m/fpv4-sp/hard/crtbegin.o
 *(.bss*)
 .bss.DataToSend
                0x0000000020000220       0x3c Core/Src/main.o
                0x0000000020000220                DataToSend
 .bss.ESPTaskHandle
                0x000000002000025c        0x4 Core/Src/main.o
                0x000000002000025c                ESPTaskHandle
 .bss.ESPTask_attributes
                0x0000000020000260       0x24 Core/Src/main.o
                0x0000000020000260                ESPTask_attributes
 .bss.MessageLength
                0x0000000020000284        0x1 Core/Src/main.o
                0x0000000020000284                MessageLength
 .bss.bufp      0x0000000020000285        0x1 Core/Src/main.o
                0x0000000020000285                bufp
 .bss.datain    0x0000000020000286        0x1 Core/Src/main.o
                0x0000000020000286                datain
 *fill*         0x0000000020000287        0x1 
 .bss.defaultTaskHandle
                0x0000000020000288        0x4 Core/Src/main.o
                0x0000000020000288                defaultTaskHandle
 .bss.defaultTask_attributes
                0x000000002000028c       0x24 Core/Src/main.o
                0x000000002000028c                defaultTask_attributes
 .bss.hdma_usart2_rx
                0x00000000200002b0       0x60 Core/Src/main.o
                0x00000000200002b0                hdma_usart2_rx
 .bss.hdma_usart2_tx
                0x0000000020000310       0x60 Core/Src/main.o
                0x0000000020000310                hdma_usart2_tx
 .bss.htim3     0x0000000020000370       0x40 Core/Src/main.o
                0x0000000020000370                htim3
 .bss.huart2    0x00000000200003b0       0x40 Core/Src/main.o
                0x00000000200003b0                huart2
 .bss.received  0x00000000200003f0       0x64 Core/Src/main.o
                0x00000000200003f0                received
 .bss.received_flag
                0x0000000020000454        0x1 Core/Src/main.o
                0x0000000020000454                received_flag
 *fill*         0x0000000020000455        0x3 
 .bss.__sbrk_heap_end
                0x0000000020000458        0x4 Core/Src/sysmem.o
 .bss.I2cHandle
                0x000000002000045c       0x54 Drivers/BSP/STM32F411E-Discovery/stm32f411e_discovery.o
 .bss.cfgidx.11435
                0x00000000200004b0        0x1 Middlewares/ST/STM32_USB_Device_Library/Core/Src/usbd_ctlreq.o
 *fill*         0x00000000200004b1        0x3 
 .bss.Idle_Stack
                0x00000000200004b4      0x200 Middlewares/Third_Party/FreeRTOS/Source/CMSIS_RTOS_V2/cmsis_os2.o
 .bss.Idle_TCB  0x00000000200006b4       0x5c Middlewares/Third_Party/FreeRTOS/Source/CMSIS_RTOS_V2/cmsis_os2.o
 .bss.KernelState
                0x0000000020000710        0x4 Middlewares/Third_Party/FreeRTOS/Source/CMSIS_RTOS_V2/cmsis_os2.o
 .bss.Timer_Stack
                0x0000000020000714      0x400 Middlewares/Third_Party/FreeRTOS/Source/CMSIS_RTOS_V2/cmsis_os2.o
 .bss.Timer_TCB
                0x0000000020000b14       0x5c Middlewares/Third_Party/FreeRTOS/Source/CMSIS_RTOS_V2/cmsis_os2.o
 .bss.pxCurrentTCB
                0x0000000020000b70        0x4 Middlewares/Third_Party/FreeRTOS/Source/tasks.o
                0x0000000020000b70                pxCurrentTCB
 .bss.pxDelayedTaskList
                0x0000000020000b74        0x4 Middlewares/Third_Party/FreeRTOS/Source/tasks.o
 .bss.pxOverflowDelayedTaskList
                0x0000000020000b78        0x4 Middlewares/Third_Party/FreeRTOS/Source/tasks.o
 .bss.pxReadyTasksLists
                0x0000000020000b7c      0x460 Middlewares/Third_Party/FreeRTOS/Source/tasks.o